#-----------------------------------------------------------
# Vivado v2022.1 (64-bit)
# SW Build 3526262 on Mon Apr 18 15:48:16 MDT 2022
# IP Build 3524634 on Mon Apr 18 20:55:01 MDT 2022
# Start of session at: Thu Oct 24 18:42:20 2024
# Process ID: 13424
# Current directory: C:/Users/ranchen/Downloads/cs153a-main/cs153a-main/vivado/lab2a_vivado
# Command line: vivado.exe -gui_launcher_event rodinguilauncherevent10332 C:\Users\ranchen\Downloads\cs153a-main\cs153a-main\vivado\lab2a_vivado\project_1.xpr
# Log file: C:/Users/ranchen/Downloads/cs153a-main/cs153a-main/vivado/lab2a_vivado/vivado.log
# Journal file: C:/Users/ranchen/Downloads/cs153a-main/cs153a-main/vivado/lab2a_vivado\vivado.jou
# Running On: 556eci21, OS: Windows, CPU Frequency: 3312 MHz, CPU Physical cores: 4, Host memory: 17108 MB
#-----------------------------------------------------------
start_gui
open_project C:/Users/ranchen/Downloads/cs153a-main/cs153a-main/vivado/lab2a_vivado/project_1.xpr
WARNING: [Board 49-26] cannot add Board Part xilinx.com:vpk120_es:part0:1.2 available at C:/Xilinx/Vivado/2022.1/data/xhub/boards/XilinxBoardStore/boards/Xilinx/vpk120/es/1.2/board.xml as part xcvp1202-vsva2785-2mp-e-s-es1 specified in board_part file is either invalid or not available
WARNING: [Board 49-26] cannot add Board Part xilinx.com:vpk120_es_revb:part0:1.0 available at C:/Xilinx/Vivado/2022.1/data/xhub/boards/XilinxBoardStore/boards/Xilinx/vpk120_revb/es/1.0/board.xml as part xcvp1202-vsva2785-2mp-e-s-es1 specified in board_part file is either invalid or not available
WARNING: [Board 49-26] cannot add Board Part xilinx.com:zcu208ld:part0:2.0 available at C:/Xilinx/Vivado/2022.1/data/xhub/boards/XilinxBoardStore/boards/Xilinx/zcu208ld/production/2.0/board.xml as part xczu58dr-fsvg1517-2-i specified in board_part file is either invalid or not available
WARNING: [Board 49-26] cannot add Board Part xilinx.com:zcu216ld:part0:2.0 available at C:/Xilinx/Vivado/2022.1/data/xhub/boards/XilinxBoardStore/boards/Xilinx/zcu216ld/production/2.0/board.xml as part xczu59dr-ffvf1760-2-i specified in board_part file is either invalid or not available
WARNING: [Board 49-26] cannot add Board Part xilinx.com:zcu670:part0:2.0 available at C:/Xilinx/Vivado/2022.1/data/xhub/boards/XilinxBoardStore/boards/Xilinx/zcu670/2.0/board.xml as part xczu67dr-fsve1156-2-i specified in board_part file is either invalid or not available
WARNING: [Board 49-26] cannot add Board Part xilinx.com:zcu670ld:part0:1.0 available at C:/Xilinx/Vivado/2022.1/data/xhub/boards/XilinxBoardStore/boards/Xilinx/zcu670ld/1.0/board.xml as part xczu57dr-fsve1156-2-i specified in board_part file is either invalid or not available
INFO: [Project 1-313] Project file moved from 'C:/Users/tejasvissapragada/Documents/cs153a/vivado/lab2a_vivado' since last save.
WARNING: [filemgmt 56-2] IP Repository Path: Could not find the directory 'C:/Users/ranchen/Downloads/cs153a-main/cs153a-main/vivado/Downloads/lab_files_2024/lab_files_2024/vivado/seven/ip_repo', nor could it be found using path 'C:/Users/tejasvissapragada/Documents/cs153a/vivado/Downloads/lab_files_2024/lab_files_2024/vivado/seven/ip_repo'.
Scanning sources...
Finished scanning sources
INFO: [Project 1-1877] Auto incremental dir location 'C:/Users/tejasvissapragada/Documents/cs153a/vivado/lab2a_vivado/project_1.srcs/utils_1/imports/design_1_mig_7series_0_0_synth_1' of run 'design_1_mig_7series_0_0_synth_1' is not writable, setting it to default location 'C:/Users/ranchen/Downloads/cs153a-main/cs153a-main/vivado/lab2a_vivado/project_1.srcs/utils_1/imports/design_1_mig_7series_0_0_synth_1'.
INFO: [Project 1-1877] Auto incremental dir location 'C:/Users/tejasvissapragada/Documents/cs153a/vivado/lab2a_vivado/project_1.srcs/utils_1/imports/design_1_mig_7series_0_0_synth_1' of run 'design_1_mig_7series_0_0_synth_1' is not writable, setting it to default location 'C:/Users/ranchen/Downloads/cs153a-main/cs153a-main/vivado/lab2a_vivado/project_1.srcs/utils_1/imports/design_1_mig_7series_0_0_synth_1'.
INFO: [Project 1-1877] Auto incremental dir location 'C:/Users/tejasvissapragada/Documents/cs153a/vivado/lab2a_vivado/project_1.srcs/utils_1/imports/design_1_microblaze_0_0_synth_1' of run 'design_1_microblaze_0_0_synth_1' is not writable, setting it to default location 'C:/Users/ranchen/Downloads/cs153a-main/cs153a-main/vivado/lab2a_vivado/project_1.srcs/utils_1/imports/design_1_microblaze_0_0_synth_1'.
INFO: [Project 1-1877] Auto incremental dir location 'C:/Users/tejasvissapragada/Documents/cs153a/vivado/lab2a_vivado/project_1.srcs/utils_1/imports/design_1_microblaze_0_0_synth_1' of run 'design_1_microblaze_0_0_synth_1' is not writable, setting it to default location 'C:/Users/ranchen/Downloads/cs153a-main/cs153a-main/vivado/lab2a_vivado/project_1.srcs/utils_1/imports/design_1_microblaze_0_0_synth_1'.
INFO: [Project 1-1877] Auto incremental dir location 'C:/Users/tejasvissapragada/Documents/cs153a/vivado/lab2a_vivado/project_1.srcs/utils_1/imports/design_1_dlmb_v10_0_synth_1' of run 'design_1_dlmb_v10_0_synth_1' is not writable, setting it to default location 'C:/Users/ranchen/Downloads/cs153a-main/cs153a-main/vivado/lab2a_vivado/project_1.srcs/utils_1/imports/design_1_dlmb_v10_0_synth_1'.
INFO: [Project 1-1877] Auto incremental dir location 'C:/Users/tejasvissapragada/Documents/cs153a/vivado/lab2a_vivado/project_1.srcs/utils_1/imports/design_1_dlmb_v10_0_synth_1' of run 'design_1_dlmb_v10_0_synth_1' is not writable, setting it to default location 'C:/Users/ranchen/Downloads/cs153a-main/cs153a-main/vivado/lab2a_vivado/project_1.srcs/utils_1/imports/design_1_dlmb_v10_0_synth_1'.
INFO: [Project 1-1877] Auto incremental dir location 'C:/Users/tejasvissapragada/Documents/cs153a/vivado/lab2a_vivado/project_1.srcs/utils_1/imports/design_1_ilmb_v10_0_synth_1' of run 'design_1_ilmb_v10_0_synth_1' is not writable, setting it to default location 'C:/Users/ranchen/Downloads/cs153a-main/cs153a-main/vivado/lab2a_vivado/project_1.srcs/utils_1/imports/design_1_ilmb_v10_0_synth_1'.
INFO: [Project 1-1877] Auto incremental dir location 'C:/Users/tejasvissapragada/Documents/cs153a/vivado/lab2a_vivado/project_1.srcs/utils_1/imports/design_1_ilmb_v10_0_synth_1' of run 'design_1_ilmb_v10_0_synth_1' is not writable, setting it to default location 'C:/Users/ranchen/Downloads/cs153a-main/cs153a-main/vivado/lab2a_vivado/project_1.srcs/utils_1/imports/design_1_ilmb_v10_0_synth_1'.
INFO: [Project 1-1877] Auto incremental dir location 'C:/Users/tejasvissapragada/Documents/cs153a/vivado/lab2a_vivado/project_1.srcs/utils_1/imports/design_1_dlmb_bram_if_cntlr_0_synth_1' of run 'design_1_dlmb_bram_if_cntlr_0_synth_1' is not writable, setting it to default location 'C:/Users/ranchen/Downloads/cs153a-main/cs153a-main/vivado/lab2a_vivado/project_1.srcs/utils_1/imports/design_1_dlmb_bram_if_cntlr_0_synth_1'.
INFO: [Project 1-1877] Auto incremental dir location 'C:/Users/tejasvissapragada/Documents/cs153a/vivado/lab2a_vivado/project_1.srcs/utils_1/imports/design_1_dlmb_bram_if_cntlr_0_synth_1' of run 'design_1_dlmb_bram_if_cntlr_0_synth_1' is not writable, setting it to default location 'C:/Users/ranchen/Downloads/cs153a-main/cs153a-main/vivado/lab2a_vivado/project_1.srcs/utils_1/imports/design_1_dlmb_bram_if_cntlr_0_synth_1'.
INFO: [Project 1-1877] Auto incremental dir location 'C:/Users/tejasvissapragada/Documents/cs153a/vivado/lab2a_vivado/project_1.srcs/utils_1/imports/design_1_ilmb_bram_if_cntlr_0_synth_1' of run 'design_1_ilmb_bram_if_cntlr_0_synth_1' is not writable, setting it to default location 'C:/Users/ranchen/Downloads/cs153a-main/cs153a-main/vivado/lab2a_vivado/project_1.srcs/utils_1/imports/design_1_ilmb_bram_if_cntlr_0_synth_1'.
INFO: [Project 1-1877] Auto incremental dir location 'C:/Users/tejasvissapragada/Documents/cs153a/vivado/lab2a_vivado/project_1.srcs/utils_1/imports/design_1_ilmb_bram_if_cntlr_0_synth_1' of run 'design_1_ilmb_bram_if_cntlr_0_synth_1' is not writable, setting it to default location 'C:/Users/ranchen/Downloads/cs153a-main/cs153a-main/vivado/lab2a_vivado/project_1.srcs/utils_1/imports/design_1_ilmb_bram_if_cntlr_0_synth_1'.
INFO: [Project 1-1877] Auto incremental dir location 'C:/Users/tejasvissapragada/Documents/cs153a/vivado/lab2a_vivado/project_1.srcs/utils_1/imports/design_1_lmb_bram_0_synth_1' of run 'design_1_lmb_bram_0_synth_1' is not writable, setting it to default location 'C:/Users/ranchen/Downloads/cs153a-main/cs153a-main/vivado/lab2a_vivado/project_1.srcs/utils_1/imports/design_1_lmb_bram_0_synth_1'.
INFO: [Project 1-1877] Auto incremental dir location 'C:/Users/tejasvissapragada/Documents/cs153a/vivado/lab2a_vivado/project_1.srcs/utils_1/imports/design_1_lmb_bram_0_synth_1' of run 'design_1_lmb_bram_0_synth_1' is not writable, setting it to default location 'C:/Users/ranchen/Downloads/cs153a-main/cs153a-main/vivado/lab2a_vivado/project_1.srcs/utils_1/imports/design_1_lmb_bram_0_synth_1'.
INFO: [Project 1-1877] Auto incremental dir location 'C:/Users/tejasvissapragada/Documents/cs153a/vivado/lab2a_vivado/project_1.srcs/utils_1/imports/design_1_xbar_0_synth_1' of run 'design_1_xbar_0_synth_1' is not writable, setting it to default location 'C:/Users/ranchen/Downloads/cs153a-main/cs153a-main/vivado/lab2a_vivado/project_1.srcs/utils_1/imports/design_1_xbar_0_synth_1'.
INFO: [Project 1-1877] Auto incremental dir location 'C:/Users/tejasvissapragada/Documents/cs153a/vivado/lab2a_vivado/project_1.srcs/utils_1/imports/design_1_xbar_0_synth_1' of run 'design_1_xbar_0_synth_1' is not writable, setting it to default location 'C:/Users/ranchen/Downloads/cs153a-main/cs153a-main/vivado/lab2a_vivado/project_1.srcs/utils_1/imports/design_1_xbar_0_synth_1'.
INFO: [Project 1-1877] Auto incremental dir location 'C:/Users/tejasvissapragada/Documents/cs153a/vivado/lab2a_vivado/project_1.srcs/utils_1/imports/design_1_microblaze_0_axi_intc_0_synth_1' of run 'design_1_microblaze_0_axi_intc_0_synth_1' is not writable, setting it to default location 'C:/Users/ranchen/Downloads/cs153a-main/cs153a-main/vivado/lab2a_vivado/project_1.srcs/utils_1/imports/design_1_microblaze_0_axi_intc_0_synth_1'.
INFO: [Project 1-1877] Auto incremental dir location 'C:/Users/tejasvissapragada/Documents/cs153a/vivado/lab2a_vivado/project_1.srcs/utils_1/imports/design_1_microblaze_0_axi_intc_0_synth_1' of run 'design_1_microblaze_0_axi_intc_0_synth_1' is not writable, setting it to default location 'C:/Users/ranchen/Downloads/cs153a-main/cs153a-main/vivado/lab2a_vivado/project_1.srcs/utils_1/imports/design_1_microblaze_0_axi_intc_0_synth_1'.
INFO: [Project 1-1877] Auto incremental dir location 'C:/Users/tejasvissapragada/Documents/cs153a/vivado/lab2a_vivado/project_1.srcs/utils_1/imports/design_1_mdm_1_0_synth_1' of run 'design_1_mdm_1_0_synth_1' is not writable, setting it to default location 'C:/Users/ranchen/Downloads/cs153a-main/cs153a-main/vivado/lab2a_vivado/project_1.srcs/utils_1/imports/design_1_mdm_1_0_synth_1'.
INFO: [Project 1-1877] Auto incremental dir location 'C:/Users/tejasvissapragada/Documents/cs153a/vivado/lab2a_vivado/project_1.srcs/utils_1/imports/design_1_mdm_1_0_synth_1' of run 'design_1_mdm_1_0_synth_1' is not writable, setting it to default location 'C:/Users/ranchen/Downloads/cs153a-main/cs153a-main/vivado/lab2a_vivado/project_1.srcs/utils_1/imports/design_1_mdm_1_0_synth_1'.
INFO: [Project 1-1877] Auto incremental dir location 'C:/Users/tejasvissapragada/Documents/cs153a/vivado/lab2a_vivado/project_1.srcs/utils_1/imports/design_1_rst_mig_7series_0_100M_0_synth_1' of run 'design_1_rst_mig_7series_0_100M_0_synth_1' is not writable, setting it to default location 'C:/Users/ranchen/Downloads/cs153a-main/cs153a-main/vivado/lab2a_vivado/project_1.srcs/utils_1/imports/design_1_rst_mig_7series_0_100M_0_synth_1'.
INFO: [Project 1-1877] Auto incremental dir location 'C:/Users/tejasvissapragada/Documents/cs153a/vivado/lab2a_vivado/project_1.srcs/utils_1/imports/design_1_rst_mig_7series_0_100M_0_synth_1' of run 'design_1_rst_mig_7series_0_100M_0_synth_1' is not writable, setting it to default location 'C:/Users/ranchen/Downloads/cs153a-main/cs153a-main/vivado/lab2a_vivado/project_1.srcs/utils_1/imports/design_1_rst_mig_7series_0_100M_0_synth_1'.
INFO: [Project 1-1877] Auto incremental dir location 'C:/Users/tejasvissapragada/Documents/cs153a/vivado/lab2a_vivado/project_1.srcs/utils_1/imports/design_1_axi_timer_0_0_synth_1' of run 'design_1_axi_timer_0_0_synth_1' is not writable, setting it to default location 'C:/Users/ranchen/Downloads/cs153a-main/cs153a-main/vivado/lab2a_vivado/project_1.srcs/utils_1/imports/design_1_axi_timer_0_0_synth_1'.
INFO: [Project 1-1877] Auto incremental dir location 'C:/Users/tejasvissapragada/Documents/cs153a/vivado/lab2a_vivado/project_1.srcs/utils_1/imports/design_1_axi_timer_0_0_synth_1' of run 'design_1_axi_timer_0_0_synth_1' is not writable, setting it to default location 'C:/Users/ranchen/Downloads/cs153a-main/cs153a-main/vivado/lab2a_vivado/project_1.srcs/utils_1/imports/design_1_axi_timer_0_0_synth_1'.
INFO: [Project 1-1877] Auto incremental dir location 'C:/Users/tejasvissapragada/Documents/cs153a/vivado/lab2a_vivado/project_1.srcs/utils_1/imports/design_1_axi_timer_1_0_synth_1' of run 'design_1_axi_timer_1_0_synth_1' is not writable, setting it to default location 'C:/Users/ranchen/Downloads/cs153a-main/cs153a-main/vivado/lab2a_vivado/project_1.srcs/utils_1/imports/design_1_axi_timer_1_0_synth_1'.
INFO: [Project 1-1877] Auto incremental dir location 'C:/Users/tejasvissapragada/Documents/cs153a/vivado/lab2a_vivado/project_1.srcs/utils_1/imports/design_1_axi_timer_1_0_synth_1' of run 'design_1_axi_timer_1_0_synth_1' is not writable, setting it to default location 'C:/Users/ranchen/Downloads/cs153a-main/cs153a-main/vivado/lab2a_vivado/project_1.srcs/utils_1/imports/design_1_axi_timer_1_0_synth_1'.
INFO: [Project 1-1877] Auto incremental dir location 'C:/Users/tejasvissapragada/Documents/cs153a/vivado/lab2a_vivado/project_1.srcs/utils_1/imports/design_1_axi_gpio_0_0_synth_1' of run 'design_1_axi_gpio_0_0_synth_1' is not writable, setting it to default location 'C:/Users/ranchen/Downloads/cs153a-main/cs153a-main/vivado/lab2a_vivado/project_1.srcs/utils_1/imports/design_1_axi_gpio_0_0_synth_1'.
INFO: [Project 1-1877] Auto incremental dir location 'C:/Users/tejasvissapragada/Documents/cs153a/vivado/lab2a_vivado/project_1.srcs/utils_1/imports/design_1_axi_gpio_0_0_synth_1' of run 'design_1_axi_gpio_0_0_synth_1' is not writable, setting it to default location 'C:/Users/ranchen/Downloads/cs153a-main/cs153a-main/vivado/lab2a_vivado/project_1.srcs/utils_1/imports/design_1_axi_gpio_0_0_synth_1'.
INFO: [Project 1-1877] Auto incremental dir location 'C:/Users/tejasvissapragada/Documents/cs153a/vivado/lab2a_vivado/project_1.srcs/utils_1/imports/design_1_axi_gpio_0_1_synth_1' of run 'design_1_axi_gpio_0_1_synth_1' is not writable, setting it to default location 'C:/Users/ranchen/Downloads/cs153a-main/cs153a-main/vivado/lab2a_vivado/project_1.srcs/utils_1/imports/design_1_axi_gpio_0_1_synth_1'.
INFO: [Project 1-1877] Auto incremental dir location 'C:/Users/tejasvissapragada/Documents/cs153a/vivado/lab2a_vivado/project_1.srcs/utils_1/imports/design_1_axi_gpio_0_1_synth_1' of run 'design_1_axi_gpio_0_1_synth_1' is not writable, setting it to default location 'C:/Users/ranchen/Downloads/cs153a-main/cs153a-main/vivado/lab2a_vivado/project_1.srcs/utils_1/imports/design_1_axi_gpio_0_1_synth_1'.
INFO: [Project 1-1877] Auto incremental dir location 'C:/Users/tejasvissapragada/Documents/cs153a/vivado/lab2a_vivado/project_1.srcs/utils_1/imports/design_1_axi_gpio_0_2_synth_1' of run 'design_1_axi_gpio_0_2_synth_1' is not writable, setting it to default location 'C:/Users/ranchen/Downloads/cs153a-main/cs153a-main/vivado/lab2a_vivado/project_1.srcs/utils_1/imports/design_1_axi_gpio_0_2_synth_1'.
INFO: [Project 1-1877] Auto incremental dir location 'C:/Users/tejasvissapragada/Documents/cs153a/vivado/lab2a_vivado/project_1.srcs/utils_1/imports/design_1_axi_gpio_0_2_synth_1' of run 'design_1_axi_gpio_0_2_synth_1' is not writable, setting it to default location 'C:/Users/ranchen/Downloads/cs153a-main/cs153a-main/vivado/lab2a_vivado/project_1.srcs/utils_1/imports/design_1_axi_gpio_0_2_synth_1'.
INFO: [Project 1-1877] Auto incremental dir location 'C:/Users/tejasvissapragada/Documents/cs153a/vivado/lab2a_vivado/project_1.srcs/utils_1/imports/design_1_axi_gpio_0_3_synth_1' of run 'design_1_axi_gpio_0_3_synth_1' is not writable, setting it to default location 'C:/Users/ranchen/Downloads/cs153a-main/cs153a-main/vivado/lab2a_vivado/project_1.srcs/utils_1/imports/design_1_axi_gpio_0_3_synth_1'.
INFO: [Project 1-1877] Auto incremental dir location 'C:/Users/tejasvissapragada/Documents/cs153a/vivado/lab2a_vivado/project_1.srcs/utils_1/imports/design_1_axi_gpio_0_3_synth_1' of run 'design_1_axi_gpio_0_3_synth_1' is not writable, setting it to default location 'C:/Users/ranchen/Downloads/cs153a-main/cs153a-main/vivado/lab2a_vivado/project_1.srcs/utils_1/imports/design_1_axi_gpio_0_3_synth_1'.
INFO: [Project 1-1877] Auto incremental dir location 'C:/Users/tejasvissapragada/Documents/cs153a/vivado/lab2a_vivado/project_1.srcs/utils_1/imports/impl_1' of run 'impl_1' is not writable, setting it to default location 'C:/Users/ranchen/Downloads/cs153a-main/cs153a-main/vivado/lab2a_vivado/project_1.srcs/utils_1/imports/impl_1'.
INFO: [Project 1-1877] Auto incremental dir location 'C:/Users/tejasvissapragada/Documents/cs153a/vivado/lab2a_vivado/project_1.srcs/utils_1/imports/impl_1' of run 'impl_1' is not writable, setting it to default location 'C:/Users/ranchen/Downloads/cs153a-main/cs153a-main/vivado/lab2a_vivado/project_1.srcs/utils_1/imports/impl_1'.
INFO: [Project 1-1877] Auto incremental dir location 'C:/Users/tejasvissapragada/Documents/cs153a/vivado/lab2a_vivado/project_1.srcs/utils_1/imports/design_1_mig_7series_0_0_impl_1' of run 'design_1_mig_7series_0_0_impl_1' is not writable, setting it to default location 'C:/Users/ranchen/Downloads/cs153a-main/cs153a-main/vivado/lab2a_vivado/project_1.srcs/utils_1/imports/design_1_mig_7series_0_0_impl_1'.
INFO: [Project 1-1877] Auto incremental dir location 'C:/Users/tejasvissapragada/Documents/cs153a/vivado/lab2a_vivado/project_1.srcs/utils_1/imports/design_1_mig_7series_0_0_impl_1' of run 'design_1_mig_7series_0_0_impl_1' is not writable, setting it to default location 'C:/Users/ranchen/Downloads/cs153a-main/cs153a-main/vivado/lab2a_vivado/project_1.srcs/utils_1/imports/design_1_mig_7series_0_0_impl_1'.
INFO: [Project 1-1877] Auto incremental dir location 'C:/Users/tejasvissapragada/Documents/cs153a/vivado/lab2a_vivado/project_1.srcs/utils_1/imports/design_1_microblaze_0_0_impl_1' of run 'design_1_microblaze_0_0_impl_1' is not writable, setting it to default location 'C:/Users/ranchen/Downloads/cs153a-main/cs153a-main/vivado/lab2a_vivado/project_1.srcs/utils_1/imports/design_1_microblaze_0_0_impl_1'.
INFO: [Project 1-1877] Auto incremental dir location 'C:/Users/tejasvissapragada/Documents/cs153a/vivado/lab2a_vivado/project_1.srcs/utils_1/imports/design_1_microblaze_0_0_impl_1' of run 'design_1_microblaze_0_0_impl_1' is not writable, setting it to default location 'C:/Users/ranchen/Downloads/cs153a-main/cs153a-main/vivado/lab2a_vivado/project_1.srcs/utils_1/imports/design_1_microblaze_0_0_impl_1'.
INFO: [Project 1-1877] Auto incremental dir location 'C:/Users/tejasvissapragada/Documents/cs153a/vivado/lab2a_vivado/project_1.srcs/utils_1/imports/design_1_dlmb_v10_0_impl_1' of run 'design_1_dlmb_v10_0_impl_1' is not writable, setting it to default location 'C:/Users/ranchen/Downloads/cs153a-main/cs153a-main/vivado/lab2a_vivado/project_1.srcs/utils_1/imports/design_1_dlmb_v10_0_impl_1'.
INFO: [Project 1-1877] Auto incremental dir location 'C:/Users/tejasvissapragada/Documents/cs153a/vivado/lab2a_vivado/project_1.srcs/utils_1/imports/design_1_dlmb_v10_0_impl_1' of run 'design_1_dlmb_v10_0_impl_1' is not writable, setting it to default location 'C:/Users/ranchen/Downloads/cs153a-main/cs153a-main/vivado/lab2a_vivado/project_1.srcs/utils_1/imports/design_1_dlmb_v10_0_impl_1'.
INFO: [Project 1-1877] Auto incremental dir location 'C:/Users/tejasvissapragada/Documents/cs153a/vivado/lab2a_vivado/project_1.srcs/utils_1/imports/design_1_ilmb_v10_0_impl_1' of run 'design_1_ilmb_v10_0_impl_1' is not writable, setting it to default location 'C:/Users/ranchen/Downloads/cs153a-main/cs153a-main/vivado/lab2a_vivado/project_1.srcs/utils_1/imports/design_1_ilmb_v10_0_impl_1'.
INFO: [Project 1-1877] Auto incremental dir location 'C:/Users/tejasvissapragada/Documents/cs153a/vivado/lab2a_vivado/project_1.srcs/utils_1/imports/design_1_ilmb_v10_0_impl_1' of run 'design_1_ilmb_v10_0_impl_1' is not writable, setting it to default location 'C:/Users/ranchen/Downloads/cs153a-main/cs153a-main/vivado/lab2a_vivado/project_1.srcs/utils_1/imports/design_1_ilmb_v10_0_impl_1'.
INFO: [Project 1-1877] Auto incremental dir location 'C:/Users/tejasvissapragada/Documents/cs153a/vivado/lab2a_vivado/project_1.srcs/utils_1/imports/design_1_dlmb_bram_if_cntlr_0_impl_1' of run 'design_1_dlmb_bram_if_cntlr_0_impl_1' is not writable, setting it to default location 'C:/Users/ranchen/Downloads/cs153a-main/cs153a-main/vivado/lab2a_vivado/project_1.srcs/utils_1/imports/design_1_dlmb_bram_if_cntlr_0_impl_1'.
INFO: [Project 1-1877] Auto incremental dir location 'C:/Users/tejasvissapragada/Documents/cs153a/vivado/lab2a_vivado/project_1.srcs/utils_1/imports/design_1_dlmb_bram_if_cntlr_0_impl_1' of run 'design_1_dlmb_bram_if_cntlr_0_impl_1' is not writable, setting it to default location 'C:/Users/ranchen/Downloads/cs153a-main/cs153a-main/vivado/lab2a_vivado/project_1.srcs/utils_1/imports/design_1_dlmb_bram_if_cntlr_0_impl_1'.
INFO: [Project 1-1877] Auto incremental dir location 'C:/Users/tejasvissapragada/Documents/cs153a/vivado/lab2a_vivado/project_1.srcs/utils_1/imports/design_1_ilmb_bram_if_cntlr_0_impl_1' of run 'design_1_ilmb_bram_if_cntlr_0_impl_1' is not writable, setting it to default location 'C:/Users/ranchen/Downloads/cs153a-main/cs153a-main/vivado/lab2a_vivado/project_1.srcs/utils_1/imports/design_1_ilmb_bram_if_cntlr_0_impl_1'.
INFO: [Project 1-1877] Auto incremental dir location 'C:/Users/tejasvissapragada/Documents/cs153a/vivado/lab2a_vivado/project_1.srcs/utils_1/imports/design_1_ilmb_bram_if_cntlr_0_impl_1' of run 'design_1_ilmb_bram_if_cntlr_0_impl_1' is not writable, setting it to default location 'C:/Users/ranchen/Downloads/cs153a-main/cs153a-main/vivado/lab2a_vivado/project_1.srcs/utils_1/imports/design_1_ilmb_bram_if_cntlr_0_impl_1'.
INFO: [Project 1-1877] Auto incremental dir location 'C:/Users/tejasvissapragada/Documents/cs153a/vivado/lab2a_vivado/project_1.srcs/utils_1/imports/design_1_lmb_bram_0_impl_1' of run 'design_1_lmb_bram_0_impl_1' is not writable, setting it to default location 'C:/Users/ranchen/Downloads/cs153a-main/cs153a-main/vivado/lab2a_vivado/project_1.srcs/utils_1/imports/design_1_lmb_bram_0_impl_1'.
INFO: [Project 1-1877] Auto incremental dir location 'C:/Users/tejasvissapragada/Documents/cs153a/vivado/lab2a_vivado/project_1.srcs/utils_1/imports/design_1_lmb_bram_0_impl_1' of run 'design_1_lmb_bram_0_impl_1' is not writable, setting it to default location 'C:/Users/ranchen/Downloads/cs153a-main/cs153a-main/vivado/lab2a_vivado/project_1.srcs/utils_1/imports/design_1_lmb_bram_0_impl_1'.
INFO: [Project 1-1877] Auto incremental dir location 'C:/Users/tejasvissapragada/Documents/cs153a/vivado/lab2a_vivado/project_1.srcs/utils_1/imports/design_1_xbar_0_impl_1' of run 'design_1_xbar_0_impl_1' is not writable, setting it to default location 'C:/Users/ranchen/Downloads/cs153a-main/cs153a-main/vivado/lab2a_vivado/project_1.srcs/utils_1/imports/design_1_xbar_0_impl_1'.
INFO: [Project 1-1877] Auto incremental dir location 'C:/Users/tejasvissapragada/Documents/cs153a/vivado/lab2a_vivado/project_1.srcs/utils_1/imports/design_1_xbar_0_impl_1' of run 'design_1_xbar_0_impl_1' is not writable, setting it to default location 'C:/Users/ranchen/Downloads/cs153a-main/cs153a-main/vivado/lab2a_vivado/project_1.srcs/utils_1/imports/design_1_xbar_0_impl_1'.
INFO: [Project 1-1877] Auto incremental dir location 'C:/Users/tejasvissapragada/Documents/cs153a/vivado/lab2a_vivado/project_1.srcs/utils_1/imports/design_1_microblaze_0_axi_intc_0_impl_1' of run 'design_1_microblaze_0_axi_intc_0_impl_1' is not writable, setting it to default location 'C:/Users/ranchen/Downloads/cs153a-main/cs153a-main/vivado/lab2a_vivado/project_1.srcs/utils_1/imports/design_1_microblaze_0_axi_intc_0_impl_1'.
INFO: [Project 1-1877] Auto incremental dir location 'C:/Users/tejasvissapragada/Documents/cs153a/vivado/lab2a_vivado/project_1.srcs/utils_1/imports/design_1_microblaze_0_axi_intc_0_impl_1' of run 'design_1_microblaze_0_axi_intc_0_impl_1' is not writable, setting it to default location 'C:/Users/ranchen/Downloads/cs153a-main/cs153a-main/vivado/lab2a_vivado/project_1.srcs/utils_1/imports/design_1_microblaze_0_axi_intc_0_impl_1'.
INFO: [Project 1-1877] Auto incremental dir location 'C:/Users/tejasvissapragada/Documents/cs153a/vivado/lab2a_vivado/project_1.srcs/utils_1/imports/design_1_mdm_1_0_impl_1' of run 'design_1_mdm_1_0_impl_1' is not writable, setting it to default location 'C:/Users/ranchen/Downloads/cs153a-main/cs153a-main/vivado/lab2a_vivado/project_1.srcs/utils_1/imports/design_1_mdm_1_0_impl_1'.
INFO: [Project 1-1877] Auto incremental dir location 'C:/Users/tejasvissapragada/Documents/cs153a/vivado/lab2a_vivado/project_1.srcs/utils_1/imports/design_1_mdm_1_0_impl_1' of run 'design_1_mdm_1_0_impl_1' is not writable, setting it to default location 'C:/Users/ranchen/Downloads/cs153a-main/cs153a-main/vivado/lab2a_vivado/project_1.srcs/utils_1/imports/design_1_mdm_1_0_impl_1'.
INFO: [Project 1-1877] Auto incremental dir location 'C:/Users/tejasvissapragada/Documents/cs153a/vivado/lab2a_vivado/project_1.srcs/utils_1/imports/design_1_rst_mig_7series_0_100M_0_impl_1' of run 'design_1_rst_mig_7series_0_100M_0_impl_1' is not writable, setting it to default location 'C:/Users/ranchen/Downloads/cs153a-main/cs153a-main/vivado/lab2a_vivado/project_1.srcs/utils_1/imports/design_1_rst_mig_7series_0_100M_0_impl_1'.
INFO: [Project 1-1877] Auto incremental dir location 'C:/Users/tejasvissapragada/Documents/cs153a/vivado/lab2a_vivado/project_1.srcs/utils_1/imports/design_1_rst_mig_7series_0_100M_0_impl_1' of run 'design_1_rst_mig_7series_0_100M_0_impl_1' is not writable, setting it to default location 'C:/Users/ranchen/Downloads/cs153a-main/cs153a-main/vivado/lab2a_vivado/project_1.srcs/utils_1/imports/design_1_rst_mig_7series_0_100M_0_impl_1'.
INFO: [Project 1-1877] Auto incremental dir location 'C:/Users/tejasvissapragada/Documents/cs153a/vivado/lab2a_vivado/project_1.srcs/utils_1/imports/design_1_axi_timer_0_0_impl_1' of run 'design_1_axi_timer_0_0_impl_1' is not writable, setting it to default location 'C:/Users/ranchen/Downloads/cs153a-main/cs153a-main/vivado/lab2a_vivado/project_1.srcs/utils_1/imports/design_1_axi_timer_0_0_impl_1'.
INFO: [Project 1-1877] Auto incremental dir location 'C:/Users/tejasvissapragada/Documents/cs153a/vivado/lab2a_vivado/project_1.srcs/utils_1/imports/design_1_axi_timer_0_0_impl_1' of run 'design_1_axi_timer_0_0_impl_1' is not writable, setting it to default location 'C:/Users/ranchen/Downloads/cs153a-main/cs153a-main/vivado/lab2a_vivado/project_1.srcs/utils_1/imports/design_1_axi_timer_0_0_impl_1'.
INFO: [Project 1-1877] Auto incremental dir location 'C:/Users/tejasvissapragada/Documents/cs153a/vivado/lab2a_vivado/project_1.srcs/utils_1/imports/design_1_axi_timer_1_0_impl_1' of run 'design_1_axi_timer_1_0_impl_1' is not writable, setting it to default location 'C:/Users/ranchen/Downloads/cs153a-main/cs153a-main/vivado/lab2a_vivado/project_1.srcs/utils_1/imports/design_1_axi_timer_1_0_impl_1'.
INFO: [Project 1-1877] Auto incremental dir location 'C:/Users/tejasvissapragada/Documents/cs153a/vivado/lab2a_vivado/project_1.srcs/utils_1/imports/design_1_axi_timer_1_0_impl_1' of run 'design_1_axi_timer_1_0_impl_1' is not writable, setting it to default location 'C:/Users/ranchen/Downloads/cs153a-main/cs153a-main/vivado/lab2a_vivado/project_1.srcs/utils_1/imports/design_1_axi_timer_1_0_impl_1'.
INFO: [Project 1-1877] Auto incremental dir location 'C:/Users/tejasvissapragada/Documents/cs153a/vivado/lab2a_vivado/project_1.srcs/utils_1/imports/design_1_axi_gpio_0_0_impl_1' of run 'design_1_axi_gpio_0_0_impl_1' is not writable, setting it to default location 'C:/Users/ranchen/Downloads/cs153a-main/cs153a-main/vivado/lab2a_vivado/project_1.srcs/utils_1/imports/design_1_axi_gpio_0_0_impl_1'.
INFO: [Project 1-1877] Auto incremental dir location 'C:/Users/tejasvissapragada/Documents/cs153a/vivado/lab2a_vivado/project_1.srcs/utils_1/imports/design_1_axi_gpio_0_0_impl_1' of run 'design_1_axi_gpio_0_0_impl_1' is not writable, setting it to default location 'C:/Users/ranchen/Downloads/cs153a-main/cs153a-main/vivado/lab2a_vivado/project_1.srcs/utils_1/imports/design_1_axi_gpio_0_0_impl_1'.
INFO: [Project 1-1877] Auto incremental dir location 'C:/Users/tejasvissapragada/Documents/cs153a/vivado/lab2a_vivado/project_1.srcs/utils_1/imports/design_1_axi_gpio_0_1_impl_1' of run 'design_1_axi_gpio_0_1_impl_1' is not writable, setting it to default location 'C:/Users/ranchen/Downloads/cs153a-main/cs153a-main/vivado/lab2a_vivado/project_1.srcs/utils_1/imports/design_1_axi_gpio_0_1_impl_1'.
INFO: [Project 1-1877] Auto incremental dir location 'C:/Users/tejasvissapragada/Documents/cs153a/vivado/lab2a_vivado/project_1.srcs/utils_1/imports/design_1_axi_gpio_0_1_impl_1' of run 'design_1_axi_gpio_0_1_impl_1' is not writable, setting it to default location 'C:/Users/ranchen/Downloads/cs153a-main/cs153a-main/vivado/lab2a_vivado/project_1.srcs/utils_1/imports/design_1_axi_gpio_0_1_impl_1'.
INFO: [Project 1-1877] Auto incremental dir location 'C:/Users/tejasvissapragada/Documents/cs153a/vivado/lab2a_vivado/project_1.srcs/utils_1/imports/design_1_axi_gpio_0_2_impl_1' of run 'design_1_axi_gpio_0_2_impl_1' is not writable, setting it to default location 'C:/Users/ranchen/Downloads/cs153a-main/cs153a-main/vivado/lab2a_vivado/project_1.srcs/utils_1/imports/design_1_axi_gpio_0_2_impl_1'.
INFO: [Project 1-1877] Auto incremental dir location 'C:/Users/tejasvissapragada/Documents/cs153a/vivado/lab2a_vivado/project_1.srcs/utils_1/imports/design_1_axi_gpio_0_2_impl_1' of run 'design_1_axi_gpio_0_2_impl_1' is not writable, setting it to default location 'C:/Users/ranchen/Downloads/cs153a-main/cs153a-main/vivado/lab2a_vivado/project_1.srcs/utils_1/imports/design_1_axi_gpio_0_2_impl_1'.
INFO: [Project 1-1877] Auto incremental dir location 'C:/Users/tejasvissapragada/Documents/cs153a/vivado/lab2a_vivado/project_1.srcs/utils_1/imports/design_1_axi_gpio_0_3_impl_1' of run 'design_1_axi_gpio_0_3_impl_1' is not writable, setting it to default location 'C:/Users/ranchen/Downloads/cs153a-main/cs153a-main/vivado/lab2a_vivado/project_1.srcs/utils_1/imports/design_1_axi_gpio_0_3_impl_1'.
INFO: [Project 1-1877] Auto incremental dir location 'C:/Users/tejasvissapragada/Documents/cs153a/vivado/lab2a_vivado/project_1.srcs/utils_1/imports/design_1_axi_gpio_0_3_impl_1' of run 'design_1_axi_gpio_0_3_impl_1' is not writable, setting it to default location 'C:/Users/ranchen/Downloads/cs153a-main/cs153a-main/vivado/lab2a_vivado/project_1.srcs/utils_1/imports/design_1_axi_gpio_0_3_impl_1'.
INFO: [IP_Flow 19-234] Refreshing IP repositories
WARNING: [IP_Flow 19-2248] Failed to load user IP repository 'c:/Users/ranchen/Downloads/cs153a-main/cs153a-main/vivado/Downloads/lab_files_2024/lab_files_2024/vivado/seven/ip_repo'; Can't find the specified path.
If this directory should no longer be in your list of user repositories, go to the IP Settings dialog and remove it.
INFO: [IP_Flow 19-2313] Loaded Vivado IP repository 'C:/Xilinx/Vivado/2022.1/data/ip'.
open_project: Time (s): cpu = 00:00:30 ; elapsed = 00:00:17 . Memory (MB): peak = 1867.402 ; gain = 231.969
update_compile_order -fileset sources_1
open_run synth_1 -name synth_1
Design is defaulting to impl run constrset: constrs_1
Design is defaulting to synth run part: xc7a100tcsg324-1
INFO: [Device 21-403] Loading part xc7a100tcsg324-1
INFO: [Project 1-454] Reading design checkpoint 'c:/Users/ranchen/Downloads/cs153a-main/cs153a-main/vivado/lab2a_vivado/project_1.gen/sources_1/bd/design_1/ip/design_1_axi_gpio_0_1/design_1_axi_gpio_0_1.dcp' for cell 'design_1_i/axi_gpio_btn'
INFO: [Project 1-454] Reading design checkpoint 'c:/Users/ranchen/Downloads/cs153a-main/cs153a-main/vivado/lab2a_vivado/project_1.gen/sources_1/bd/design_1/ip/design_1_axi_gpio_0_0/design_1_axi_gpio_0_0.dcp' for cell 'design_1_i/axi_gpio_led'
INFO: [Project 1-454] Reading design checkpoint 'c:/Users/ranchen/Downloads/cs153a-main/cs153a-main/vivado/lab2a_vivado/project_1.gen/sources_1/bd/design_1/ip/design_1_axi_timer_0_0/design_1_axi_timer_0_0.dcp' for cell 'design_1_i/axi_timer_0'
INFO: [Project 1-454] Reading design checkpoint 'c:/Users/ranchen/Downloads/cs153a-main/cs153a-main/vivado/lab2a_vivado/project_1.gen/sources_1/bd/design_1/ip/design_1_axi_timer_1_0/design_1_axi_timer_1_0.dcp' for cell 'design_1_i/axi_timer_1'
INFO: [Project 1-454] Reading design checkpoint 'c:/Users/ranchen/Downloads/cs153a-main/cs153a-main/vivado/lab2a_vivado/project_1.gen/sources_1/bd/design_1/ip/design_1_axi_gpio_0_3/design_1_axi_gpio_0_3.dcp' for cell 'design_1_i/encider'
INFO: [Project 1-454] Reading design checkpoint 'c:/Users/ranchen/Downloads/cs153a-main/cs153a-main/vivado/lab2a_vivado/project_1.gen/sources_1/bd/design_1/ip/design_1_mdm_1_0/design_1_mdm_1_0.dcp' for cell 'design_1_i/mdm_1'
INFO: [Project 1-454] Reading design checkpoint 'c:/Users/ranchen/Downloads/cs153a-main/cs153a-main/vivado/lab2a_vivado/project_1.gen/sources_1/bd/design_1/ip/design_1_microblaze_0_0/design_1_microblaze_0_0.dcp' for cell 'design_1_i/microblaze_0'
INFO: [Project 1-454] Reading design checkpoint 'c:/Users/ranchen/Downloads/cs153a-main/cs153a-main/vivado/lab2a_vivado/project_1.gen/sources_1/bd/design_1/ip/design_1_microblaze_0_axi_intc_0/design_1_microblaze_0_axi_intc_0.dcp' for cell 'design_1_i/microblaze_0_axi_intc'
INFO: [Project 1-454] Reading design checkpoint 'c:/Users/ranchen/Downloads/cs153a-main/cs153a-main/vivado/lab2a_vivado/project_1.gen/sources_1/bd/design_1/ip/design_1_mig_7series_0_0_1/design_1_mig_7series_0_0.dcp' for cell 'design_1_i/mig_7series_0'
INFO: [Project 1-454] Reading design checkpoint 'c:/Users/ranchen/Downloads/cs153a-main/cs153a-main/vivado/lab2a_vivado/project_1.gen/sources_1/bd/design_1/ip/design_1_axi_gpio_0_2/design_1_axi_gpio_0_2.dcp' for cell 'design_1_i/rgbleds_RnM'
INFO: [Project 1-454] Reading design checkpoint 'c:/Users/ranchen/Downloads/cs153a-main/cs153a-main/vivado/lab2a_vivado/project_1.gen/sources_1/bd/design_1/ip/design_1_rst_mig_7series_0_100M_0/design_1_rst_mig_7series_0_100M_0.dcp' for cell 'design_1_i/rst_mig_7series_0_100M'
INFO: [Project 1-454] Reading design checkpoint 'c:/Users/ranchen/Downloads/cs153a-main/cs153a-main/vivado/lab2a_vivado/project_1.gen/sources_1/bd/design_1/ip/design_1_smartconnect_0_0/design_1_smartconnect_0_0.dcp' for cell 'design_1_i/smartconnect_0'
INFO: [Project 1-454] Reading design checkpoint 'c:/Users/ranchen/Downloads/cs153a-main/cs153a-main/vivado/lab2a_vivado/project_1.gen/sources_1/bd/design_1/ip/design_1_xbar_0/design_1_xbar_0.dcp' for cell 'design_1_i/microblaze_0_axi_periph/xbar'
INFO: [Project 1-454] Reading design checkpoint 'c:/Users/ranchen/Downloads/cs153a-main/cs153a-main/vivado/lab2a_vivado/project_1.gen/sources_1/bd/design_1/ip/design_1_dlmb_bram_if_cntlr_0/design_1_dlmb_bram_if_cntlr_0.dcp' for cell 'design_1_i/microblaze_0_local_memory/dlmb_bram_if_cntlr'
INFO: [Project 1-454] Reading design checkpoint 'c:/Users/ranchen/Downloads/cs153a-main/cs153a-main/vivado/lab2a_vivado/project_1.gen/sources_1/bd/design_1/ip/design_1_dlmb_v10_0/design_1_dlmb_v10_0.dcp' for cell 'design_1_i/microblaze_0_local_memory/dlmb_v10'
INFO: [Project 1-454] Reading design checkpoint 'c:/Users/ranchen/Downloads/cs153a-main/cs153a-main/vivado/lab2a_vivado/project_1.gen/sources_1/bd/design_1/ip/design_1_ilmb_bram_if_cntlr_0/design_1_ilmb_bram_if_cntlr_0.dcp' for cell 'design_1_i/microblaze_0_local_memory/ilmb_bram_if_cntlr'
INFO: [Project 1-454] Reading design checkpoint 'c:/Users/ranchen/Downloads/cs153a-main/cs153a-main/vivado/lab2a_vivado/project_1.gen/sources_1/bd/design_1/ip/design_1_ilmb_v10_0/design_1_ilmb_v10_0.dcp' for cell 'design_1_i/microblaze_0_local_memory/ilmb_v10'
INFO: [Project 1-454] Reading design checkpoint 'c:/Users/ranchen/Downloads/cs153a-main/cs153a-main/vivado/lab2a_vivado/project_1.gen/sources_1/bd/design_1/ip/design_1_lmb_bram_0/design_1_lmb_bram_0.dcp' for cell 'design_1_i/microblaze_0_local_memory/lmb_bram'
Netlist sorting complete. Time (s): cpu = 00:00:01 ; elapsed = 00:00:01 . Memory (MB): peak = 2382.203 ; gain = 0.000
INFO: [Netlist 29-17] Analyzing 1017 Unisim elements for replacement
INFO: [Netlist 29-28] Unisim Transformation completed in 1 CPU seconds
INFO: [Project 1-479] Netlist was created with Vivado 2022.1
INFO: [Project 1-570] Preparing netlist for logic optimization
Parsing XDC File [c:/Users/ranchen/Downloads/cs153a-main/cs153a-main/vivado/lab2a_vivado/project_1.gen/sources_1/bd/design_1/ip/design_1_mig_7series_0_0_1/design_1_mig_7series_0_0/user_design/constraints/design_1_mig_7series_0_0.xdc] for cell 'design_1_i/mig_7series_0'
INFO: [Vivado 12-4777] Setting CLOCK_DEDICATED_ROUTE constraint on the PARENT net instead of the specified net segment (net name: design_1_i/mig_7series_0/sys_clk_i). Placer only honors CLOCK_DEDICATED_ROUTE when set on the PARENT net, e.g. net segment directly connected to the driver. To eliminate this message, please update your constraint to specify the PARENT net instead. [c:/Users/ranchen/Downloads/cs153a-main/cs153a-main/vivado/lab2a_vivado/project_1.gen/sources_1/bd/design_1/ip/design_1_mig_7series_0_0_1/design_1_mig_7series_0_0/user_design/constraints/design_1_mig_7series_0_0.xdc:41]
Finished Parsing XDC File [c:/Users/ranchen/Downloads/cs153a-main/cs153a-main/vivado/lab2a_vivado/project_1.gen/sources_1/bd/design_1/ip/design_1_mig_7series_0_0_1/design_1_mig_7series_0_0/user_design/constraints/design_1_mig_7series_0_0.xdc] for cell 'design_1_i/mig_7series_0'
Parsing XDC File [c:/Users/ranchen/Downloads/cs153a-main/cs153a-main/vivado/lab2a_vivado/project_1.gen/sources_1/bd/design_1/ip/design_1_microblaze_0_0/design_1_microblaze_0_0.xdc] for cell 'design_1_i/microblaze_0/U0'
Finished Parsing XDC File [c:/Users/ranchen/Downloads/cs153a-main/cs153a-main/vivado/lab2a_vivado/project_1.gen/sources_1/bd/design_1/ip/design_1_microblaze_0_0/design_1_microblaze_0_0.xdc] for cell 'design_1_i/microblaze_0/U0'
Parsing XDC File [c:/Users/ranchen/Downloads/cs153a-main/cs153a-main/vivado/lab2a_vivado/project_1.gen/sources_1/bd/design_1/ip/design_1_microblaze_0_axi_intc_0/design_1_microblaze_0_axi_intc_0.xdc] for cell 'design_1_i/microblaze_0_axi_intc/U0'
Finished Parsing XDC File [c:/Users/ranchen/Downloads/cs153a-main/cs153a-main/vivado/lab2a_vivado/project_1.gen/sources_1/bd/design_1/ip/design_1_microblaze_0_axi_intc_0/design_1_microblaze_0_axi_intc_0.xdc] for cell 'design_1_i/microblaze_0_axi_intc/U0'
Parsing XDC File [c:/Users/ranchen/Downloads/cs153a-main/cs153a-main/vivado/lab2a_vivado/project_1.gen/sources_1/bd/design_1/ip/design_1_rst_mig_7series_0_100M_0/design_1_rst_mig_7series_0_100M_0_board.xdc] for cell 'design_1_i/rst_mig_7series_0_100M/U0'
Finished Parsing XDC File [c:/Users/ranchen/Downloads/cs153a-main/cs153a-main/vivado/lab2a_vivado/project_1.gen/sources_1/bd/design_1/ip/design_1_rst_mig_7series_0_100M_0/design_1_rst_mig_7series_0_100M_0_board.xdc] for cell 'design_1_i/rst_mig_7series_0_100M/U0'
Parsing XDC File [c:/Users/ranchen/Downloads/cs153a-main/cs153a-main/vivado/lab2a_vivado/project_1.gen/sources_1/bd/design_1/ip/design_1_rst_mig_7series_0_100M_0/design_1_rst_mig_7series_0_100M_0.xdc] for cell 'design_1_i/rst_mig_7series_0_100M/U0'
Finished Parsing XDC File [c:/Users/ranchen/Downloads/cs153a-main/cs153a-main/vivado/lab2a_vivado/project_1.gen/sources_1/bd/design_1/ip/design_1_rst_mig_7series_0_100M_0/design_1_rst_mig_7series_0_100M_0.xdc] for cell 'design_1_i/rst_mig_7series_0_100M/U0'
Parsing XDC File [c:/Users/ranchen/Downloads/cs153a-main/cs153a-main/vivado/lab2a_vivado/project_1.gen/sources_1/bd/design_1/ip/design_1_smartconnect_0_0/bd_0/ip/ip_1/bd_48ac_psr_aclk_0_board.xdc] for cell 'design_1_i/smartconnect_0/inst/clk_map/psr_aclk/U0'
Finished Parsing XDC File [c:/Users/ranchen/Downloads/cs153a-main/cs153a-main/vivado/lab2a_vivado/project_1.gen/sources_1/bd/design_1/ip/design_1_smartconnect_0_0/bd_0/ip/ip_1/bd_48ac_psr_aclk_0_board.xdc] for cell 'design_1_i/smartconnect_0/inst/clk_map/psr_aclk/U0'
Parsing XDC File [c:/Users/ranchen/Downloads/cs153a-main/cs153a-main/vivado/lab2a_vivado/project_1.gen/sources_1/bd/design_1/ip/design_1_smartconnect_0_0/bd_0/ip/ip_1/bd_48ac_psr_aclk_0.xdc] for cell 'design_1_i/smartconnect_0/inst/clk_map/psr_aclk/U0'
Finished Parsing XDC File [c:/Users/ranchen/Downloads/cs153a-main/cs153a-main/vivado/lab2a_vivado/project_1.gen/sources_1/bd/design_1/ip/design_1_smartconnect_0_0/bd_0/ip/ip_1/bd_48ac_psr_aclk_0.xdc] for cell 'design_1_i/smartconnect_0/inst/clk_map/psr_aclk/U0'
Parsing XDC File [c:/Users/ranchen/Downloads/cs153a-main/cs153a-main/vivado/lab2a_vivado/project_1.gen/sources_1/bd/design_1/ip/design_1_axi_timer_0_0/design_1_axi_timer_0_0.xdc] for cell 'design_1_i/axi_timer_0/U0'
Finished Parsing XDC File [c:/Users/ranchen/Downloads/cs153a-main/cs153a-main/vivado/lab2a_vivado/project_1.gen/sources_1/bd/design_1/ip/design_1_axi_timer_0_0/design_1_axi_timer_0_0.xdc] for cell 'design_1_i/axi_timer_0/U0'
Parsing XDC File [c:/Users/ranchen/Downloads/cs153a-main/cs153a-main/vivado/lab2a_vivado/project_1.gen/sources_1/bd/design_1/ip/design_1_axi_timer_1_0/design_1_axi_timer_1_0.xdc] for cell 'design_1_i/axi_timer_1/U0'
Finished Parsing XDC File [c:/Users/ranchen/Downloads/cs153a-main/cs153a-main/vivado/lab2a_vivado/project_1.gen/sources_1/bd/design_1/ip/design_1_axi_timer_1_0/design_1_axi_timer_1_0.xdc] for cell 'design_1_i/axi_timer_1/U0'
Parsing XDC File [c:/Users/ranchen/Downloads/cs153a-main/cs153a-main/vivado/lab2a_vivado/project_1.gen/sources_1/bd/design_1/ip/design_1_axi_gpio_0_0/design_1_axi_gpio_0_0_board.xdc] for cell 'design_1_i/axi_gpio_led/U0'
Finished Parsing XDC File [c:/Users/ranchen/Downloads/cs153a-main/cs153a-main/vivado/lab2a_vivado/project_1.gen/sources_1/bd/design_1/ip/design_1_axi_gpio_0_0/design_1_axi_gpio_0_0_board.xdc] for cell 'design_1_i/axi_gpio_led/U0'
Parsing XDC File [c:/Users/ranchen/Downloads/cs153a-main/cs153a-main/vivado/lab2a_vivado/project_1.gen/sources_1/bd/design_1/ip/design_1_axi_gpio_0_0/design_1_axi_gpio_0_0.xdc] for cell 'design_1_i/axi_gpio_led/U0'
Finished Parsing XDC File [c:/Users/ranchen/Downloads/cs153a-main/cs153a-main/vivado/lab2a_vivado/project_1.gen/sources_1/bd/design_1/ip/design_1_axi_gpio_0_0/design_1_axi_gpio_0_0.xdc] for cell 'design_1_i/axi_gpio_led/U0'
Parsing XDC File [c:/Users/ranchen/Downloads/cs153a-main/cs153a-main/vivado/lab2a_vivado/project_1.gen/sources_1/bd/design_1/ip/design_1_axi_gpio_0_1/design_1_axi_gpio_0_1_board.xdc] for cell 'design_1_i/axi_gpio_btn/U0'
Finished Parsing XDC File [c:/Users/ranchen/Downloads/cs153a-main/cs153a-main/vivado/lab2a_vivado/project_1.gen/sources_1/bd/design_1/ip/design_1_axi_gpio_0_1/design_1_axi_gpio_0_1_board.xdc] for cell 'design_1_i/axi_gpio_btn/U0'
Parsing XDC File [c:/Users/ranchen/Downloads/cs153a-main/cs153a-main/vivado/lab2a_vivado/project_1.gen/sources_1/bd/design_1/ip/design_1_axi_gpio_0_1/design_1_axi_gpio_0_1.xdc] for cell 'design_1_i/axi_gpio_btn/U0'
Finished Parsing XDC File [c:/Users/ranchen/Downloads/cs153a-main/cs153a-main/vivado/lab2a_vivado/project_1.gen/sources_1/bd/design_1/ip/design_1_axi_gpio_0_1/design_1_axi_gpio_0_1.xdc] for cell 'design_1_i/axi_gpio_btn/U0'
Parsing XDC File [c:/Users/ranchen/Downloads/cs153a-main/cs153a-main/vivado/lab2a_vivado/project_1.gen/sources_1/bd/design_1/ip/design_1_axi_gpio_0_2/design_1_axi_gpio_0_2_board.xdc] for cell 'design_1_i/rgbleds_RnM/U0'
Finished Parsing XDC File [c:/Users/ranchen/Downloads/cs153a-main/cs153a-main/vivado/lab2a_vivado/project_1.gen/sources_1/bd/design_1/ip/design_1_axi_gpio_0_2/design_1_axi_gpio_0_2_board.xdc] for cell 'design_1_i/rgbleds_RnM/U0'
Parsing XDC File [c:/Users/ranchen/Downloads/cs153a-main/cs153a-main/vivado/lab2a_vivado/project_1.gen/sources_1/bd/design_1/ip/design_1_axi_gpio_0_2/design_1_axi_gpio_0_2.xdc] for cell 'design_1_i/rgbleds_RnM/U0'
Finished Parsing XDC File [c:/Users/ranchen/Downloads/cs153a-main/cs153a-main/vivado/lab2a_vivado/project_1.gen/sources_1/bd/design_1/ip/design_1_axi_gpio_0_2/design_1_axi_gpio_0_2.xdc] for cell 'design_1_i/rgbleds_RnM/U0'
Parsing XDC File [c:/Users/ranchen/Downloads/cs153a-main/cs153a-main/vivado/lab2a_vivado/project_1.gen/sources_1/bd/design_1/ip/design_1_axi_gpio_0_3/design_1_axi_gpio_0_3_board.xdc] for cell 'design_1_i/encider/U0'
Finished Parsing XDC File [c:/Users/ranchen/Downloads/cs153a-main/cs153a-main/vivado/lab2a_vivado/project_1.gen/sources_1/bd/design_1/ip/design_1_axi_gpio_0_3/design_1_axi_gpio_0_3_board.xdc] for cell 'design_1_i/encider/U0'
Parsing XDC File [c:/Users/ranchen/Downloads/cs153a-main/cs153a-main/vivado/lab2a_vivado/project_1.gen/sources_1/bd/design_1/ip/design_1_axi_gpio_0_3/design_1_axi_gpio_0_3.xdc] for cell 'design_1_i/encider/U0'
Finished Parsing XDC File [c:/Users/ranchen/Downloads/cs153a-main/cs153a-main/vivado/lab2a_vivado/project_1.gen/sources_1/bd/design_1/ip/design_1_axi_gpio_0_3/design_1_axi_gpio_0_3.xdc] for cell 'design_1_i/encider/U0'
Parsing XDC File [C:/Users/ranchen/Downloads/cs153a-main/cs153a-main/vivado/lab2a_vivado/project_1.srcs/constrs_1/imports/lab_files_2024/Nexys4_Handout_2022.xdc]
WARNING: [Vivado 12-584] No ports matched 'JD[3]'. [C:/Users/ranchen/Downloads/cs153a-main/cs153a-main/vivado/lab2a_vivado/project_1.srcs/constrs_1/imports/lab_files_2024/Nexys4_Handout_2022.xdc:138]
CRITICAL WARNING: [Common 17-55] 'set_property' expects at least one object. [C:/Users/ranchen/Downloads/cs153a-main/cs153a-main/vivado/lab2a_vivado/project_1.srcs/constrs_1/imports/lab_files_2024/Nexys4_Handout_2022.xdc:138]
Resolution: If [get_<value>] was used to populate the object, check to make sure this command returns at least one valid object.
WARNING: [Vivado 12-584] No ports matched 'JD[6]'. [C:/Users/ranchen/Downloads/cs153a-main/cs153a-main/vivado/lab2a_vivado/project_1.srcs/constrs_1/imports/lab_files_2024/Nexys4_Handout_2022.xdc:139]
CRITICAL WARNING: [Common 17-55] 'set_property' expects at least one object. [C:/Users/ranchen/Downloads/cs153a-main/cs153a-main/vivado/lab2a_vivado/project_1.srcs/constrs_1/imports/lab_files_2024/Nexys4_Handout_2022.xdc:139]
Resolution: If [get_<value>] was used to populate the object, check to make sure this command returns at least one valid object.
WARNING: [Vivado 12-584] No ports matched 'JD[7]'. [C:/Users/ranchen/Downloads/cs153a-main/cs153a-main/vivado/lab2a_vivado/project_1.srcs/constrs_1/imports/lab_files_2024/Nexys4_Handout_2022.xdc:140]
CRITICAL WARNING: [Common 17-55] 'set_property' expects at least one object. [C:/Users/ranchen/Downloads/cs153a-main/cs153a-main/vivado/lab2a_vivado/project_1.srcs/constrs_1/imports/lab_files_2024/Nexys4_Handout_2022.xdc:140]
Resolution: If [get_<value>] was used to populate the object, check to make sure this command returns at least one valid object.
WARNING: [Vivado 12-584] No ports matched 'JD[8]'. [C:/Users/ranchen/Downloads/cs153a-main/cs153a-main/vivado/lab2a_vivado/project_1.srcs/constrs_1/imports/lab_files_2024/Nexys4_Handout_2022.xdc:141]
CRITICAL WARNING: [Common 17-55] 'set_property' expects at least one object. [C:/Users/ranchen/Downloads/cs153a-main/cs153a-main/vivado/lab2a_vivado/project_1.srcs/constrs_1/imports/lab_files_2024/Nexys4_Handout_2022.xdc:141]
Resolution: If [get_<value>] was used to populate the object, check to make sure this command returns at least one valid object.
WARNING: [Vivado 12-584] No ports matched 'JD[10]'. [C:/Users/ranchen/Downloads/cs153a-main/cs153a-main/vivado/lab2a_vivado/project_1.srcs/constrs_1/imports/lab_files_2024/Nexys4_Handout_2022.xdc:142]
CRITICAL WARNING: [Common 17-55] 'set_property' expects at least one object. [C:/Users/ranchen/Downloads/cs153a-main/cs153a-main/vivado/lab2a_vivado/project_1.srcs/constrs_1/imports/lab_files_2024/Nexys4_Handout_2022.xdc:142]
Resolution: If [get_<value>] was used to populate the object, check to make sure this command returns at least one valid object.
Finished Parsing XDC File [C:/Users/ranchen/Downloads/cs153a-main/cs153a-main/vivado/lab2a_vivado/project_1.srcs/constrs_1/imports/lab_files_2024/Nexys4_Handout_2022.xdc]
Parsing XDC File [c:/Users/ranchen/Downloads/cs153a-main/cs153a-main/vivado/lab2a_vivado/project_1.gen/sources_1/bd/design_1/ip/design_1_microblaze_0_axi_intc_0/design_1_microblaze_0_axi_intc_0_clocks.xdc] for cell 'design_1_i/microblaze_0_axi_intc/U0'
Finished Parsing XDC File [c:/Users/ranchen/Downloads/cs153a-main/cs153a-main/vivado/lab2a_vivado/project_1.gen/sources_1/bd/design_1/ip/design_1_microblaze_0_axi_intc_0/design_1_microblaze_0_axi_intc_0_clocks.xdc] for cell 'design_1_i/microblaze_0_axi_intc/U0'
Parsing XDC File [c:/Users/ranchen/Downloads/cs153a-main/cs153a-main/vivado/lab2a_vivado/project_1.gen/sources_1/bd/design_1/ip/design_1_mdm_1_0/design_1_mdm_1_0.xdc] for cell 'design_1_i/mdm_1/U0'
INFO: [Timing 38-35] Done setting XDC timing constraints. [c:/Users/ranchen/Downloads/cs153a-main/cs153a-main/vivado/lab2a_vivado/project_1.gen/sources_1/bd/design_1/ip/design_1_mdm_1_0/design_1_mdm_1_0.xdc:50]
INFO: [Timing 38-2] Deriving generated clocks [c:/Users/ranchen/Downloads/cs153a-main/cs153a-main/vivado/lab2a_vivado/project_1.gen/sources_1/bd/design_1/ip/design_1_mdm_1_0/design_1_mdm_1_0.xdc:50]
Finished Parsing XDC File [c:/Users/ranchen/Downloads/cs153a-main/cs153a-main/vivado/lab2a_vivado/project_1.gen/sources_1/bd/design_1/ip/design_1_mdm_1_0/design_1_mdm_1_0.xdc] for cell 'design_1_i/mdm_1/U0'
INFO: [Project 1-1714] 47 XPM XDC files have been applied to the design.
INFO: [Opt 31-138] Pushed 0 inverter(s) to 0 load pin(s).
Generating merged BMM file for the design top 'design_1_wrapper'...
INFO: [Memdata 28-144] Successfully populated the BRAM INIT strings from the following elf files: c:/Users/ranchen/Downloads/cs153a-main/cs153a-main/vivado/lab2a_vivado/project_1.gen/sources_1/bd/design_1/ip/design_1_microblaze_0_0/data/mb_bootloop_le.elf 
Netlist sorting complete. Time (s): cpu = 00:00:00 ; elapsed = 00:00:00.026 . Memory (MB): peak = 3157.785 ; gain = 0.000
INFO: [Project 1-111] Unisim Transformation Summary:
  A total of 403 instances were transformed.
  IOBUFDS_INTERMDISABLE => IOBUFDS_INTERMDISABLE (IBUFDS_INTERMDISABLE_INT(x2), INV, OBUFTDS(x2)): 2 instances
  IOBUF_INTERMDISABLE => IOBUF_INTERMDISABLE (IBUF_INTERMDISABLE, OBUFT): 16 instances
  LUT6_2 => LUT6_2 (LUT5, LUT6): 64 instances
  OBUFDS => OBUFDS_DUAL_BUF (INV, OBUFDS(x2)): 1 instance 
  RAM16X1D => RAM32X1D (RAMD32(x2)): 33 instances
  RAM32M => RAM32M (RAMD32(x6), RAMS32(x2)): 280 instances
  RAM32X1D => RAM32X1D (RAMD32(x2)): 7 instances

open_run: Time (s): cpu = 00:00:51 ; elapsed = 00:00:49 . Memory (MB): peak = 3180.957 ; gain = 1284.367
reset_run design_1_mig_7series_0_0_synth_1
reset_run synth_1
INFO: [Project 1-1161] Replacing file C:/Users/ranchen/Downloads/cs153a-main/cs153a-main/vivado/lab2a_vivado/project_1.srcs/utils_1/imports/synth_1/design_1_wrapper.dcp with file C:/Users/ranchen/Downloads/cs153a-main/cs153a-main/vivado/lab2a_vivado/project_1.runs/synth_1/design_1_wrapper.dcp
launch_runs synth_1 -jobs 2
[Thu Oct 24 18:49:30 2024] Launched design_1_mig_7series_0_0_synth_1...
Run output will be captured here: C:/Users/ranchen/Downloads/cs153a-main/cs153a-main/vivado/lab2a_vivado/project_1.runs/design_1_mig_7series_0_0_synth_1/runme.log
[Thu Oct 24 18:49:30 2024] Launched synth_1...
Run output will be captured here: C:/Users/ranchen/Downloads/cs153a-main/cs153a-main/vivado/lab2a_vivado/project_1.runs/synth_1/runme.log
launch_runs impl_1 -jobs 2
WARNING: [Project 1-478] Design 'synth_1' is stale and will not be used when launching 'impl_1'
[Thu Oct 24 18:53:36 2024] Launched design_1_mig_7series_0_0_synth_1...
Run output will be captured here: C:/Users/ranchen/Downloads/cs153a-main/cs153a-main/vivado/lab2a_vivado/project_1.runs/design_1_mig_7series_0_0_synth_1/runme.log
[Thu Oct 24 18:53:36 2024] Launched impl_1...
Run output will be captured here: C:/Users/ranchen/Downloads/cs153a-main/cs153a-main/vivado/lab2a_vivado/project_1.runs/impl_1/runme.log
reset_run impl_1
delete_debug_core [get_debug_cores {u_ila_0 }]
create_debug_core u_ila_0 ila
set_property C_DATA_DEPTH 16384 [get_debug_cores u_ila_0]
set_property C_TRIGIN_EN false [get_debug_cores u_ila_0]
set_property C_TRIGOUT_EN false [get_debug_cores u_ila_0]
set_property C_ADV_TRIGGER false [get_debug_cores u_ila_0]
set_property C_INPUT_PIPE_STAGES 0 [get_debug_cores u_ila_0]
set_property C_EN_STRG_QUAL false [get_debug_cores u_ila_0]
set_property ALL_PROBE_SAME_MU true [get_debug_cores u_ila_0]
set_property ALL_PROBE_SAME_MU_CNT 1 [get_debug_cores u_ila_0]
connect_debug_port u_ila_0/clk [get_nets [list design_1_i/mig_7series_0/u_design_1_mig_7series_0_0_mig/u_ddr2_infrastructure/u_bufg_clkdiv0_0 ]]
set_property port_width 32 [get_debug_ports u_ila_0/probe0]
set_property PROBE_TYPE DATA_AND_TRIGGER [get_debug_ports u_ila_0/probe0]
connect_debug_port u_ila_0/probe0 [get_nets [list {design_1_i/microblaze_0_local_memory/ILMB_abus[31]} {design_1_i/microblaze_0_local_memory/ILMB_abus[30]} {design_1_i/microblaze_0_local_memory/ILMB_abus[29]} {design_1_i/microblaze_0_local_memory/ILMB_abus[28]} {design_1_i/microblaze_0_local_memory/ILMB_abus[27]} {design_1_i/microblaze_0_local_memory/ILMB_abus[26]} {design_1_i/microblaze_0_local_memory/ILMB_abus[25]} {design_1_i/microblaze_0_local_memory/ILMB_abus[24]} {design_1_i/microblaze_0_local_memory/ILMB_abus[23]} {design_1_i/microblaze_0_local_memory/ILMB_abus[22]} {design_1_i/microblaze_0_local_memory/ILMB_abus[21]} {design_1_i/microblaze_0_local_memory/ILMB_abus[20]} {design_1_i/microblaze_0_local_memory/ILMB_abus[19]} {design_1_i/microblaze_0_local_memory/ILMB_abus[18]} {design_1_i/microblaze_0_local_memory/ILMB_abus[17]} {design_1_i/microblaze_0_local_memory/ILMB_abus[16]} {design_1_i/microblaze_0_local_memory/ILMB_abus[15]} {design_1_i/microblaze_0_local_memory/ILMB_abus[14]} {design_1_i/microblaze_0_local_memory/ILMB_abus[13]} {design_1_i/microblaze_0_local_memory/ILMB_abus[12]} {design_1_i/microblaze_0_local_memory/ILMB_abus[11]} {design_1_i/microblaze_0_local_memory/ILMB_abus[10]} {design_1_i/microblaze_0_local_memory/ILMB_abus[9]} {design_1_i/microblaze_0_local_memory/ILMB_abus[8]} {design_1_i/microblaze_0_local_memory/ILMB_abus[7]} {design_1_i/microblaze_0_local_memory/ILMB_abus[6]} {design_1_i/microblaze_0_local_memory/ILMB_abus[5]} {design_1_i/microblaze_0_local_memory/ILMB_abus[4]} {design_1_i/microblaze_0_local_memory/ILMB_abus[3]} {design_1_i/microblaze_0_local_memory/ILMB_abus[2]} {design_1_i/microblaze_0_local_memory/ILMB_abus[1]} {design_1_i/microblaze_0_local_memory/ILMB_abus[0]} ]]
create_debug_port u_ila_0 probe
set_property port_width 3 [get_debug_ports u_ila_0/probe1]
set_property PROBE_TYPE DATA_AND_TRIGGER [get_debug_ports u_ila_0/probe1]
connect_debug_port u_ila_0/probe1 [get_nets [list {JD_IBUF[0]} {JD_IBUF[1]} {JD_IBUF[2]} ]]
create_debug_port u_ila_0 probe
set_property port_width 1 [get_debug_ports u_ila_0/probe2]
set_property PROBE_TYPE DATA_AND_TRIGGER [get_debug_ports u_ila_0/probe2]
connect_debug_port u_ila_0/probe2 [get_nets [list design_1_i/encider_ip2intc_irpt ]]
create_debug_port u_ila_0 probe
set_property port_width 1 [get_debug_ports u_ila_0/probe3]
set_property PROBE_TYPE DATA_AND_TRIGGER [get_debug_ports u_ila_0/probe3]
connect_debug_port u_ila_0/probe3 [get_nets [list design_1_i/microblaze_0_interrupt_INTERRUPT ]]
open_hw_manager
connect_hw_server -allow_non_jtag
INFO: [Labtools 27-2285] Connecting to hw_server url TCP:localhost:3121
INFO: [Labtools 27-3415] Connecting to cs_server url TCP:localhost:3042
INFO: [Labtools 27-3417] Launching cs_server...
INFO: [Labtools 27-2221] Launch Output:


******** Xilinx cs_server v2022.1.0
  ****** Build date   : Apr 12 2022-12:12:08
    **** Build number : 2022.1.1649790728
      ** Copyright 2017-2024 Xilinx, Inc. All Rights Reserved.



connect_hw_server: Time (s): cpu = 00:00:01 ; elapsed = 00:00:05 . Memory (MB): peak = 3235.527 ; gain = 14.602
open_hw_target
INFO: [Labtoolstcl 44-466] Opening hw_target localhost:3121/xilinx_tcf/Digilent/210292BCFA48A
open_hw_target: Time (s): cpu = 00:00:07 ; elapsed = 00:00:08 . Memory (MB): peak = 5331.543 ; gain = 2096.016
current_hw_device [get_hw_devices xc7a100t_0]
refresh_hw_device -update_hw_probes false [lindex [get_hw_devices xc7a100t_0] 0]
INFO: [Labtools 27-2302] Device xc7a100t (JTAG device index = 0) is programmed with a design that has 1 ILA core(s).
save_constraints -force
reset_run synth_1
INFO: [Project 1-1161] Replacing file C:/Users/ranchen/Downloads/cs153a-main/cs153a-main/vivado/lab2a_vivado/project_1.srcs/utils_1/imports/synth_1/design_1_wrapper.dcp with file C:/Users/ranchen/Downloads/cs153a-main/cs153a-main/vivado/lab2a_vivado/project_1.runs/synth_1/design_1_wrapper.dcp
launch_runs synth_1 -jobs 2
[Thu Oct 24 19:09:45 2024] Launched design_1_mig_7series_0_0_synth_1...
Run output will be captured here: C:/Users/ranchen/Downloads/cs153a-main/cs153a-main/vivado/lab2a_vivado/project_1.runs/design_1_mig_7series_0_0_synth_1/runme.log
[Thu Oct 24 19:09:45 2024] Launched synth_1...
Run output will be captured here: C:/Users/ranchen/Downloads/cs153a-main/cs153a-main/vivado/lab2a_vivado/project_1.runs/synth_1/runme.log
launch_runs impl_1 -jobs 2
WARNING: [Project 1-478] Design 'synth_1' is stale and will not be used when launching 'impl_1'
[Thu Oct 24 19:13:49 2024] Launched design_1_mig_7series_0_0_synth_1...
Run output will be captured here: C:/Users/ranchen/Downloads/cs153a-main/cs153a-main/vivado/lab2a_vivado/project_1.runs/design_1_mig_7series_0_0_synth_1/runme.log
[Thu Oct 24 19:13:49 2024] Launched impl_1...
Run output will be captured here: C:/Users/ranchen/Downloads/cs153a-main/cs153a-main/vivado/lab2a_vivado/project_1.runs/impl_1/runme.log
reset_run synth_1
INFO: [Project 1-1161] Replacing file C:/Users/ranchen/Downloads/cs153a-main/cs153a-main/vivado/lab2a_vivado/project_1.srcs/utils_1/imports/synth_1/design_1_wrapper.dcp with file C:/Users/ranchen/Downloads/cs153a-main/cs153a-main/vivado/lab2a_vivado/project_1.runs/synth_1/design_1_wrapper.dcp
launch_runs impl_1 -to_step write_bitstream -jobs 2
WARNING: [Project 1-478] Design 'synth_1' is stale and will not be used when launching 'impl_1'
[Thu Oct 24 19:27:42 2024] Launched design_1_mig_7series_0_0_synth_1, synth_1...
Run output will be captured here:
design_1_mig_7series_0_0_synth_1: C:/Users/ranchen/Downloads/cs153a-main/cs153a-main/vivado/lab2a_vivado/project_1.runs/design_1_mig_7series_0_0_synth_1/runme.log
synth_1: C:/Users/ranchen/Downloads/cs153a-main/cs153a-main/vivado/lab2a_vivado/project_1.runs/synth_1/runme.log
[Thu Oct 24 19:27:42 2024] Launched impl_1...
Run output will be captured here: C:/Users/ranchen/Downloads/cs153a-main/cs153a-main/vivado/lab2a_vivado/project_1.runs/impl_1/runme.log
open_run impl_1
Netlist sorting complete. Time (s): cpu = 00:00:01 ; elapsed = 00:00:01 . Memory (MB): peak = 5492.754 ; gain = 0.000
INFO: [Netlist 29-17] Analyzing 1117 Unisim elements for replacement
INFO: [Netlist 29-28] Unisim Transformation completed in 0 CPU seconds
INFO: [Project 1-479] Netlist was created with Vivado 2022.1
INFO: [Project 1-570] Preparing netlist for logic optimization
INFO: [Timing 38-478] Restoring timing data from binary archive.
INFO: [Timing 38-479] Binary timing data restore complete.
INFO: [Project 1-856] Restoring constraints from binary archive.
INFO: [Project 1-853] Binary constraint restore complete.
Reading XDEF placement.
Reading placer database...
Reading XDEF routing.
Read XDEF Files: Time (s): cpu = 00:00:02 ; elapsed = 00:00:02 . Memory (MB): peak = 5840.082 ; gain = 2.500
Restored from archive | CPU: 2.000000 secs | Memory: 0.000000 MB |
Finished XDEF File Restore: Time (s): cpu = 00:00:02 ; elapsed = 00:00:02 . Memory (MB): peak = 5840.082 ; gain = 2.500
Generating merged BMM file for the design top 'design_1_wrapper'...
INFO: [Memdata 28-144] Successfully populated the BRAM INIT strings from the following elf files: c:/Users/ranchen/Downloads/cs153a-main/cs153a-main/vivado/lab2a_vivado/project_1.gen/sources_1/bd/design_1/ip/design_1_microblaze_0_0/data/mb_bootloop_le.elf 
Netlist sorting complete. Time (s): cpu = 00:00:00 ; elapsed = 00:00:00.024 . Memory (MB): peak = 5840.082 ; gain = 0.000
INFO: [Project 1-111] Unisim Transformation Summary:
  A total of 439 instances were transformed.
  CFGLUT5 => CFGLUT5 (SRL16E, SRLC32E): 56 instances
  IOBUFDS_INTERMDISABLE => IOBUFDS_INTERMDISABLE (IBUFDS_INTERMDISABLE_INT(x2), INV, OBUFTDS(x2)): 2 instances
  IOBUF_INTERMDISABLE => IOBUF_INTERMDISABLE (IBUF_INTERMDISABLE, OBUFT): 16 instances
  LUT6_2 => LUT6_2 (LUT5, LUT6): 63 instances
  OBUFDS => OBUFDS_DUAL_BUF (INV, OBUFDS(x2)): 1 instance 
  RAM16X1D => RAM32X1D (RAMD32(x2)): 33 instances
  RAM32M => RAM32M (RAMD32(x6), RAMS32(x2)): 266 instances
  SRLC16E => SRL16E: 1 instance 
  SRLC32E => SRL16E: 1 instance 

open_run: Time (s): cpu = 00:00:26 ; elapsed = 00:00:20 . Memory (MB): peak = 5919.184 ; gain = 522.371
open_report: Time (s): cpu = 00:00:24 ; elapsed = 00:00:19 . Memory (MB): peak = 6036.031 ; gain = 108.066
WARNING: [Timing 38-436] There are set_bus_skew constraint(s) in this design. Please run report_bus_skew to ensure that bus skew requirements are met.
disconnect_hw_server localhost:3121
connect_hw_server -url localhost:3121 -allow_non_jtag
INFO: [Labtools 27-2285] Connecting to hw_server url TCP:localhost:3121
INFO: [Labtools 27-3415] Connecting to cs_server url TCP:localhost:3042
INFO: [Labtools 27-3414] Connected to existing cs_server.
current_hw_target [get_hw_targets */xilinx_tcf/Digilent/210292BCFA48A]
set_property PARAM.FREQUENCY 15000000 [get_hw_targets */xilinx_tcf/Digilent/210292BCFA48A]
open_hw_target
INFO: [Labtoolstcl 44-466] Opening hw_target localhost:3121/xilinx_tcf/Digilent/210292BCFA48A
set_property PROGRAM.FILE {C:/Users/ranchen/Downloads/cs153a-main/cs153a-main/vivado/lab2a_vivado/project_1.runs/impl_1/design_1_wrapper.bit} [get_hw_devices xc7a100t_0]
set_property PROBES.FILE {C:/Users/ranchen/Downloads/cs153a-main/cs153a-main/vivado/lab2a_vivado/project_1.runs/impl_1/design_1_wrapper.ltx} [get_hw_devices xc7a100t_0]
set_property FULL_PROBES.FILE {C:/Users/ranchen/Downloads/cs153a-main/cs153a-main/vivado/lab2a_vivado/project_1.runs/impl_1/design_1_wrapper.ltx} [get_hw_devices xc7a100t_0]
current_hw_device [get_hw_devices xc7a100t_0]
refresh_hw_device [lindex [get_hw_devices xc7a100t_0] 0]
INFO: [Labtools 27-2302] Device xc7a100t (JTAG device index = 0) is programmed with a design that has 1 ILA core(s).
display_hw_ila_data [ get_hw_ila_data hw_ila_data_1 -of_objects [get_hw_ilas -of_objects [get_hw_devices xc7a100t_0] -filter {CELL_NAME=~"u_ila_0"}]]
set_property PROBES.FILE {C:/Users/ranchen/Downloads/cs153a-main/cs153a-main/vivado/lab2a_vivado/project_1.runs/impl_1/design_1_wrapper.ltx} [get_hw_devices xc7a100t_0]
set_property FULL_PROBES.FILE {C:/Users/ranchen/Downloads/cs153a-main/cs153a-main/vivado/lab2a_vivado/project_1.runs/impl_1/design_1_wrapper.ltx} [get_hw_devices xc7a100t_0]
set_property PROGRAM.FILE {C:/Users/ranchen/Downloads/cs153a-main/cs153a-main/vivado/lab2a_vivado/project_1.runs/impl_1/design_1_wrapper.bit} [get_hw_devices xc7a100t_0]
program_hw_devices [get_hw_devices xc7a100t_0]
INFO: [Labtools 27-3164] End of startup status: HIGH
refresh_hw_device [lindex [get_hw_devices xc7a100t_0] 0]
INFO: [Labtools 27-2302] Device xc7a100t (JTAG device index = 0) is programmed with a design that has 1 ILA core(s).
set_property TRIGGER_COMPARE_VALUE eq3'bXXX [get_hw_probes JD_IBUF -of_objects [get_hw_ilas -of_objects [get_hw_devices xc7a100t_0] -filter {CELL_NAME=~"u_ila_0"}]]
set_property TRIGGER_COMPARE_VALUE eq3'hX [get_hw_probes JD_IBUF -of_objects [get_hw_ilas -of_objects [get_hw_devices xc7a100t_0] -filter {CELL_NAME=~"u_ila_0"}]]
set_property TRIGGER_COMPARE_VALUE eq1'b1 [get_hw_probes design_1_i/encider_ip2intc_irpt -of_objects [get_hw_ilas -of_objects [get_hw_devices xc7a100t_0] -filter {CELL_NAME=~"u_ila_0"}]]
run_hw_ila [get_hw_ilas -of_objects [get_hw_devices xc7a100t_0] -filter {CELL_NAME=~"u_ila_0"}]
INFO: [Labtools 27-1964] The ILA core 'hw_ila_1' trigger was armed at 2024-Oct-24 19:49:52
wait_on_hw_ila -timeout 0 [get_hw_ilas -of_objects [get_hw_devices xc7a100t_0] -filter {CELL_NAME=~"u_ila_0"}]
upload_hw_ila_data [get_hw_ilas -of_objects [get_hw_devices xc7a100t_0] -filter {CELL_NAME=~"u_ila_0"}]
INFO: [Labtools 27-1965] The ILA core 'hw_ila_1' trigger was stopped by user at 2024-Oct-24 19:50:10
WARNING: [Labtools 27-157] hw_ila [hw_ila_1] stopped. No data to upload.
write_hw_platform -fixed -include_bit -force -file C:/Users/ranchen/Downloads/cs153a-main/cs153a-main/vivado/lab2a_vivado/lab2a.xsa
INFO: [Project 1-1918] Creating Hardware Platform: C:/Users/ranchen/Downloads/cs153a-main/cs153a-main/vivado/lab2a_vivado/lab2a.xsa ...
INFO: [Project 1-1943] The Hardware Platform can be used for Hardware
INFO: [Project 1-1941] Successfully created Hardware Platform: C:/Users/ranchen/Downloads/cs153a-main/cs153a-main/vivado/lab2a_vivado/lab2a.xsa
INFO: [Hsi 55-2053] elapsed time for repository (C:/Xilinx/Vivado/2022.1/data/embeddedsw) loading 0 seconds
write_hw_platform: Time (s): cpu = 00:00:06 ; elapsed = 00:00:05 . Memory (MB): peak = 6434.523 ; gain = 157.371
run_hw_ila [get_hw_ilas -of_objects [get_hw_devices xc7a100t_0] -filter {CELL_NAME=~"u_ila_0"}]
INFO: [Labtools 27-1964] The ILA core 'hw_ila_1' trigger was armed at 2024-Oct-24 19:56:20
wait_on_hw_ila [get_hw_ilas -of_objects [get_hw_devices xc7a100t_0] -filter {CELL_NAME=~"u_ila_0"}]
display_hw_ila_data [upload_hw_ila_data [get_hw_ilas -of_objects [get_hw_devices xc7a100t_0] -filter {CELL_NAME=~"u_ila_0"}]]
INFO: [Labtools 27-1966] The ILA core 'hw_ila_1' triggered at 2024-Oct-24 19:56:21
INFO: [Labtools 27-3304] ILA Waveform data saved to file C:/Users/ranchen/Downloads/cs153a-main/cs153a-main/vivado/lab2a_vivado/project_1.hw/backup/hw_ila_data_1.ila. Use Tcl command 'read_hw_ila_data' or Vivado File->Import->Import ILA Data menu item to import the previously saved data.
run_hw_ila [get_hw_ilas -of_objects [get_hw_devices xc7a100t_0] -filter {CELL_NAME=~"u_ila_0"}]
INFO: [Labtools 27-1964] The ILA core 'hw_ila_1' trigger was armed at 2024-Oct-24 20:14:13
wait_on_hw_ila [get_hw_ilas -of_objects [get_hw_devices xc7a100t_0] -filter {CELL_NAME=~"u_ila_0"}]
display_hw_ila_data [upload_hw_ila_data [get_hw_ilas -of_objects [get_hw_devices xc7a100t_0] -filter {CELL_NAME=~"u_ila_0"}]]
INFO: [Labtools 27-1966] The ILA core 'hw_ila_1' triggered at 2024-Oct-24 20:14:15
INFO: [Labtools 27-3304] ILA Waveform data saved to file C:/Users/ranchen/Downloads/cs153a-main/cs153a-main/vivado/lab2a_vivado/project_1.hw/backup/hw_ila_data_1.ila. Use Tcl command 'read_hw_ila_data' or Vivado File->Import->Import ILA Data menu item to import the previously saved data.
run_hw_ila [get_hw_ilas -of_objects [get_hw_devices xc7a100t_0] -filter {CELL_NAME=~"u_ila_0"}]
INFO: [Labtools 27-1964] The ILA core 'hw_ila_1' trigger was armed at 2024-Oct-24 20:14:19
wait_on_hw_ila [get_hw_ilas -of_objects [get_hw_devices xc7a100t_0] -filter {CELL_NAME=~"u_ila_0"}]
display_hw_ila_data [upload_hw_ila_data [get_hw_ilas -of_objects [get_hw_devices xc7a100t_0] -filter {CELL_NAME=~"u_ila_0"}]]
INFO: [Labtools 27-1966] The ILA core 'hw_ila_1' triggered at 2024-Oct-24 20:14:20
INFO: [Labtools 27-3304] ILA Waveform data saved to file C:/Users/ranchen/Downloads/cs153a-main/cs153a-main/vivado/lab2a_vivado/project_1.hw/backup/hw_ila_data_1.ila. Use Tcl command 'read_hw_ila_data' or Vivado File->Import->Import ILA Data menu item to import the previously saved data.
run_hw_ila [get_hw_ilas -of_objects [get_hw_devices xc7a100t_0] -filter {CELL_NAME=~"u_ila_0"}]
INFO: [Labtools 27-1964] The ILA core 'hw_ila_1' trigger was armed at 2024-Oct-24 20:14:34
wait_on_hw_ila [get_hw_ilas -of_objects [get_hw_devices xc7a100t_0] -filter {CELL_NAME=~"u_ila_0"}]
display_hw_ila_data [upload_hw_ila_data [get_hw_ilas -of_objects [get_hw_devices xc7a100t_0] -filter {CELL_NAME=~"u_ila_0"}]]
INFO: [Labtools 27-1966] The ILA core 'hw_ila_1' triggered at 2024-Oct-24 20:14:34
INFO: [Labtools 27-3304] ILA Waveform data saved to file C:/Users/ranchen/Downloads/cs153a-main/cs153a-main/vivado/lab2a_vivado/project_1.hw/backup/hw_ila_data_1.ila. Use Tcl command 'read_hw_ila_data' or Vivado File->Import->Import ILA Data menu item to import the previously saved data.
run_hw_ila [get_hw_ilas -of_objects [get_hw_devices xc7a100t_0] -filter {CELL_NAME=~"u_ila_0"}]
INFO: [Labtools 27-1964] The ILA core 'hw_ila_1' trigger was armed at 2024-Oct-24 20:34:25
wait_on_hw_ila [get_hw_ilas -of_objects [get_hw_devices xc7a100t_0] -filter {CELL_NAME=~"u_ila_0"}]
display_hw_ila_data [upload_hw_ila_data [get_hw_ilas -of_objects [get_hw_devices xc7a100t_0] -filter {CELL_NAME=~"u_ila_0"}]]
INFO: [Labtools 27-1966] The ILA core 'hw_ila_1' triggered at 2024-Oct-24 20:34:27
INFO: [Labtools 27-3304] ILA Waveform data saved to file C:/Users/ranchen/Downloads/cs153a-main/cs153a-main/vivado/lab2a_vivado/project_1.hw/backup/hw_ila_data_1.ila. Use Tcl command 'read_hw_ila_data' or Vivado File->Import->Import ILA Data menu item to import the previously saved data.
run_hw_ila [get_hw_ilas -of_objects [get_hw_devices xc7a100t_0] -filter {CELL_NAME=~"u_ila_0"}]
INFO: [Labtools 27-1964] The ILA core 'hw_ila_1' trigger was armed at 2024-Oct-24 20:34:33
wait_on_hw_ila [get_hw_ilas -of_objects [get_hw_devices xc7a100t_0] -filter {CELL_NAME=~"u_ila_0"}]
display_hw_ila_data [upload_hw_ila_data [get_hw_ilas -of_objects [get_hw_devices xc7a100t_0] -filter {CELL_NAME=~"u_ila_0"}]]
INFO: [Labtools 27-1966] The ILA core 'hw_ila_1' triggered at 2024-Oct-24 20:34:34
INFO: [Labtools 27-3304] ILA Waveform data saved to file C:/Users/ranchen/Downloads/cs153a-main/cs153a-main/vivado/lab2a_vivado/project_1.hw/backup/hw_ila_data_1.ila. Use Tcl command 'read_hw_ila_data' or Vivado File->Import->Import ILA Data menu item to import the previously saved data.
run_hw_ila [get_hw_ilas -of_objects [get_hw_devices xc7a100t_0] -filter {CELL_NAME=~"u_ila_0"}]
INFO: [Labtools 27-1964] The ILA core 'hw_ila_1' trigger was armed at 2024-Oct-24 20:34:50
wait_on_hw_ila [get_hw_ilas -of_objects [get_hw_devices xc7a100t_0] -filter {CELL_NAME=~"u_ila_0"}]
display_hw_ila_data [upload_hw_ila_data [get_hw_ilas -of_objects [get_hw_devices xc7a100t_0] -filter {CELL_NAME=~"u_ila_0"}]]
INFO: [Labtools 27-1966] The ILA core 'hw_ila_1' triggered at 2024-Oct-24 20:34:52
INFO: [Labtools 27-3304] ILA Waveform data saved to file C:/Users/ranchen/Downloads/cs153a-main/cs153a-main/vivado/lab2a_vivado/project_1.hw/backup/hw_ila_data_1.ila. Use Tcl command 'read_hw_ila_data' or Vivado File->Import->Import ILA Data menu item to import the previously saved data.
run_hw_ila [get_hw_ilas -of_objects [get_hw_devices xc7a100t_0] -filter {CELL_NAME=~"u_ila_0"}]
INFO: [Labtools 27-1964] The ILA core 'hw_ila_1' trigger was armed at 2024-Oct-24 20:34:55
wait_on_hw_ila [get_hw_ilas -of_objects [get_hw_devices xc7a100t_0] -filter {CELL_NAME=~"u_ila_0"}]
display_hw_ila_data [upload_hw_ila_data [get_hw_ilas -of_objects [get_hw_devices xc7a100t_0] -filter {CELL_NAME=~"u_ila_0"}]]
INFO: [Labtools 27-1966] The ILA core 'hw_ila_1' triggered at 2024-Oct-24 20:34:56
INFO: [Labtools 27-3304] ILA Waveform data saved to file C:/Users/ranchen/Downloads/cs153a-main/cs153a-main/vivado/lab2a_vivado/project_1.hw/backup/hw_ila_data_1.ila. Use Tcl command 'read_hw_ila_data' or Vivado File->Import->Import ILA Data menu item to import the previously saved data.
run_hw_ila [get_hw_ilas -of_objects [get_hw_devices xc7a100t_0] -filter {CELL_NAME=~"u_ila_0"}]
INFO: [Labtools 27-1964] The ILA core 'hw_ila_1' trigger was armed at 2024-Oct-24 20:34:58
wait_on_hw_ila [get_hw_ilas -of_objects [get_hw_devices xc7a100t_0] -filter {CELL_NAME=~"u_ila_0"}]
display_hw_ila_data [upload_hw_ila_data [get_hw_ilas -of_objects [get_hw_devices xc7a100t_0] -filter {CELL_NAME=~"u_ila_0"}]]
INFO: [Labtools 27-1966] The ILA core 'hw_ila_1' triggered at 2024-Oct-24 20:34:59
INFO: [Labtools 27-3304] ILA Waveform data saved to file C:/Users/ranchen/Downloads/cs153a-main/cs153a-main/vivado/lab2a_vivado/project_1.hw/backup/hw_ila_data_1.ila. Use Tcl command 'read_hw_ila_data' or Vivado File->Import->Import ILA Data menu item to import the previously saved data.
run_hw_ila [get_hw_ilas -of_objects [get_hw_devices xc7a100t_0] -filter {CELL_NAME=~"u_ila_0"}]
INFO: [Labtools 27-1964] The ILA core 'hw_ila_1' trigger was armed at 2024-Oct-24 20:35:02
wait_on_hw_ila [get_hw_ilas -of_objects [get_hw_devices xc7a100t_0] -filter {CELL_NAME=~"u_ila_0"}]
display_hw_ila_data [upload_hw_ila_data [get_hw_ilas -of_objects [get_hw_devices xc7a100t_0] -filter {CELL_NAME=~"u_ila_0"}]]
INFO: [Labtools 27-1966] The ILA core 'hw_ila_1' triggered at 2024-Oct-24 20:35:02
INFO: [Labtools 27-3304] ILA Waveform data saved to file C:/Users/ranchen/Downloads/cs153a-main/cs153a-main/vivado/lab2a_vivado/project_1.hw/backup/hw_ila_data_1.ila. Use Tcl command 'read_hw_ila_data' or Vivado File->Import->Import ILA Data menu item to import the previously saved data.
run_hw_ila [get_hw_ilas -of_objects [get_hw_devices xc7a100t_0] -filter {CELL_NAME=~"u_ila_0"}]
INFO: [Labtools 27-1964] The ILA core 'hw_ila_1' trigger was armed at 2024-Oct-24 20:35:04
wait_on_hw_ila [get_hw_ilas -of_objects [get_hw_devices xc7a100t_0] -filter {CELL_NAME=~"u_ila_0"}]
display_hw_ila_data [upload_hw_ila_data [get_hw_ilas -of_objects [get_hw_devices xc7a100t_0] -filter {CELL_NAME=~"u_ila_0"}]]
INFO: [Labtools 27-1966] The ILA core 'hw_ila_1' triggered at 2024-Oct-24 20:35:04
INFO: [Labtools 27-3304] ILA Waveform data saved to file C:/Users/ranchen/Downloads/cs153a-main/cs153a-main/vivado/lab2a_vivado/project_1.hw/backup/hw_ila_data_1.ila. Use Tcl command 'read_hw_ila_data' or Vivado File->Import->Import ILA Data menu item to import the previously saved data.
run_hw_ila [get_hw_ilas -of_objects [get_hw_devices xc7a100t_0] -filter {CELL_NAME=~"u_ila_0"}]
INFO: [Labtools 27-1964] The ILA core 'hw_ila_1' trigger was armed at 2024-Oct-24 20:35:06
wait_on_hw_ila [get_hw_ilas -of_objects [get_hw_devices xc7a100t_0] -filter {CELL_NAME=~"u_ila_0"}]
display_hw_ila_data [upload_hw_ila_data [get_hw_ilas -of_objects [get_hw_devices xc7a100t_0] -filter {CELL_NAME=~"u_ila_0"}]]
INFO: [Labtools 27-1966] The ILA core 'hw_ila_1' triggered at 2024-Oct-24 20:35:06
INFO: [Labtools 27-3304] ILA Waveform data saved to file C:/Users/ranchen/Downloads/cs153a-main/cs153a-main/vivado/lab2a_vivado/project_1.hw/backup/hw_ila_data_1.ila. Use Tcl command 'read_hw_ila_data' or Vivado File->Import->Import ILA Data menu item to import the previously saved data.
run_hw_ila [get_hw_ilas -of_objects [get_hw_devices xc7a100t_0] -filter {CELL_NAME=~"u_ila_0"}]
INFO: [Labtools 27-1964] The ILA core 'hw_ila_1' trigger was armed at 2024-Oct-24 20:35:13
wait_on_hw_ila [get_hw_ilas -of_objects [get_hw_devices xc7a100t_0] -filter {CELL_NAME=~"u_ila_0"}]
display_hw_ila_data [upload_hw_ila_data [get_hw_ilas -of_objects [get_hw_devices xc7a100t_0] -filter {CELL_NAME=~"u_ila_0"}]]
INFO: [Labtools 27-1966] The ILA core 'hw_ila_1' triggered at 2024-Oct-24 20:35:14
INFO: [Labtools 27-3304] ILA Waveform data saved to file C:/Users/ranchen/Downloads/cs153a-main/cs153a-main/vivado/lab2a_vivado/project_1.hw/backup/hw_ila_data_1.ila. Use Tcl command 'read_hw_ila_data' or Vivado File->Import->Import ILA Data menu item to import the previously saved data.
exit
INFO: [Common 17-206] Exiting Vivado at Thu Oct 24 20:38:16 2024...
