15:00:24 **** Incremental Build of configuration Debug for project lab_2a_application ****
make all 
'Building file: ../src/extra.c'
'Invoking: MicroBlaze gcc compiler'
mb-gcc -Wall -O0 -g3 -c -fmessage-length=0 -MT"src/extra.o" -IC:/Users/ranchen/Downloads/lab2avitis/lab2avitis/lab_2a_hardware/export/lab_2a_hardware/sw/lab_2a_hardware/standalone_domain/bspinclude/include -mlittle-endian -mxl-barrel-shift -mcpu=v11.0 -mno-xl-soft-mul -Wl,--no-relax -ffunction-sections -fdata-sections -MMD -MP -MF"src/extra.d" -MT"src/extra.o" -o "src/extra.o" "../src/extra.c"
In file included from ../src/extra.h:8,
                 from ../src/extra.c:1:
C:/Users/ranchen/Downloads/lab2avitis/lab2avitis/lab_2a_hardware/export/lab_2a_hardware/sw/lab_2a_hardware/standalone_domain/bspinclude/include/xbasic_types.h:102:2: warning: #warning The xbasics_type.h file is deprecated and users should use xil_types.h and xil_assert. [-Wcpp]
  102 | #warning  The xbasics_type.h file is deprecated and users should use xil_types.h and xil_assert.
      |  ^~~~~~~
C:/Users/ranchen/Downloads/lab2avitis/lab2avitis/lab_2a_hardware/export/lab_2a_hardware/sw/lab_2a_hardware/standalone_domain/bspinclude/include/xbasic_types.h:103:2: warning: #warning Please refer the Standalone BSP UG647 for further details [-Wcpp]
  103 | #warning  Please refer the Standalone BSP UG647 for further details
      |  ^~~~~~~
'Finished building: ../src/extra.c'
' '
'Building file: ../src/platform.c'
'Invoking: MicroBlaze gcc compiler'
mb-gcc -Wall -O0 -g3 -c -fmessage-length=0 -MT"src/platform.o" -IC:/Users/ranchen/Downloads/lab2avitis/lab2avitis/lab_2a_hardware/export/lab_2a_hardware/sw/lab_2a_hardware/standalone_domain/bspinclude/include -mlittle-endian -mxl-barrel-shift -mcpu=v11.0 -mno-xl-soft-mul -Wl,--no-relax -ffunction-sections -fdata-sections -MMD -MP -MF"src/platform.d" -MT"src/platform.o" -o "src/platform.o" "../src/platform.c"
'Finished building: ../src/platform.c'
' '
'Building file: ../src/timing.c'
'Invoking: MicroBlaze gcc compiler'
mb-gcc -Wall -O0 -g3 -c -fmessage-length=0 -MT"src/timing.o" -IC:/Users/ranchen/Downloads/lab2avitis/lab2avitis/lab_2a_hardware/export/lab_2a_hardware/sw/lab_2a_hardware/standalone_domain/bspinclude/include -mlittle-endian -mxl-barrel-shift -mcpu=v11.0 -mno-xl-soft-mul -Wl,--no-relax -ffunction-sections -fdata-sections -MMD -MP -MF"src/timing.d" -MT"src/timing.o" -o "src/timing.o" "../src/timing.c"
In file included from ../src/extra.h:8,
                 from ../src/timing.c:14:
C:/Users/ranchen/Downloads/lab2avitis/lab2avitis/lab_2a_hardware/export/lab_2a_hardware/sw/lab_2a_hardware/standalone_domain/bspinclude/include/xbasic_types.h:102:2: warning: #warning The xbasics_type.h file is deprecated and users should use xil_types.h and xil_assert. [-Wcpp]
  102 | #warning  The xbasics_type.h file is deprecated and users should use xil_types.h and xil_assert.
      |  ^~~~~~~
C:/Users/ranchen/Downloads/lab2avitis/lab2avitis/lab_2a_hardware/export/lab_2a_hardware/sw/lab_2a_hardware/standalone_domain/bspinclude/include/xbasic_types.h:103:2: warning: #warning Please refer the Standalone BSP UG647 for further details [-Wcpp]
  103 | #warning  Please refer the Standalone BSP UG647 for further details
      |  ^~~~~~~
'Finished building: ../src/timing.c'
' '
'Building target: lab_2a_application.elf'
'Invoking: MicroBlaze gcc linker'
mb-gcc -Wl,-T -Wl,../src/lscript.ld -LC:/Users/ranchen/Downloads/lab2avitis/lab2avitis/lab_2a_hardware/export/lab_2a_hardware/sw/lab_2a_hardware/standalone_domain/bsplib/lib -mlittle-endian -mxl-barrel-shift -mcpu=v11.0 -mno-xl-soft-mul -Wl,--no-relax -Wl,--gc-sections -o "lab_2a_application.elf"  ./src/extra.o ./src/platform.o ./src/timing.o   -Wl,--start-group,-lxil,-lgcc,-lc,--end-group
'Finished building target: lab_2a_application.elf'
' '
'Invoking: MicroBlaze Print Size'
mb-size lab_2a_application.elf  |tee "lab_2a_application.elf.size"
   text	   data	    bss	    dec	    hex	filename
  12836	    452	   3376	  16664	   4118	lab_2a_application.elf
'Finished building: lab_2a_application.elf.size'
' '

15:00:26 Build Finished (took 1s.793ms)

