#-----------------------------------------------------------
# Vivado v2022.1 (64-bit)
# SW Build 3526262 on Mon Apr 18 15:48:16 MDT 2022
# IP Build 3524634 on Mon Apr 18 20:55:01 MDT 2022
# Start of session at: Thu Nov  7 11:56:55 2024
# Process ID: 2792
# Current directory: C:/Users/tejasvissapragada/Documents/cs153a/vivado/lab2b_vivado
# Command line: vivado.exe -gui_launcher_event rodinguilauncherevent11640 C:\Users\tejasvissapragada\Documents\cs153a\vivado\lab2b_vivado\project_1.xpr
# Log file: C:/Users/tejasvissapragada/Documents/cs153a/vivado/lab2b_vivado/vivado.log
# Journal file: C:/Users/tejasvissapragada/Documents/cs153a/vivado/lab2b_vivado\vivado.jou
# Running On: 556eci20, OS: Windows, CPU Frequency: 3312 MHz, CPU Physical cores: 4, Host memory: 17108 MB
#-----------------------------------------------------------
start_gui
open_project C:/Users/tejasvissapragada/Documents/cs153a/vivado/lab2b_vivado/project_1.xpr
WARNING: [Board 49-26] cannot add Board Part xilinx.com:vpk120_es:part0:1.2 available at C:/Xilinx/Vivado/2022.1/data/xhub/boards/XilinxBoardStore/boards/Xilinx/vpk120/es/1.2/board.xml as part xcvp1202-vsva2785-2mp-e-s-es1 specified in board_part file is either invalid or not available
WARNING: [Board 49-26] cannot add Board Part xilinx.com:vpk120_es_revb:part0:1.0 available at C:/Xilinx/Vivado/2022.1/data/xhub/boards/XilinxBoardStore/boards/Xilinx/vpk120_revb/es/1.0/board.xml as part xcvp1202-vsva2785-2mp-e-s-es1 specified in board_part file is either invalid or not available
WARNING: [Board 49-26] cannot add Board Part xilinx.com:zcu208ld:part0:2.0 available at C:/Xilinx/Vivado/2022.1/data/xhub/boards/XilinxBoardStore/boards/Xilinx/zcu208ld/production/2.0/board.xml as part xczu58dr-fsvg1517-2-i specified in board_part file is either invalid or not available
WARNING: [Board 49-26] cannot add Board Part xilinx.com:zcu216ld:part0:2.0 available at C:/Xilinx/Vivado/2022.1/data/xhub/boards/XilinxBoardStore/boards/Xilinx/zcu216ld/production/2.0/board.xml as part xczu59dr-ffvf1760-2-i specified in board_part file is either invalid or not available
WARNING: [Board 49-26] cannot add Board Part xilinx.com:zcu670:part0:2.0 available at C:/Xilinx/Vivado/2022.1/data/xhub/boards/XilinxBoardStore/boards/Xilinx/zcu670/2.0/board.xml as part xczu67dr-fsve1156-2-i specified in board_part file is either invalid or not available
WARNING: [Board 49-26] cannot add Board Part xilinx.com:zcu670ld:part0:1.0 available at C:/Xilinx/Vivado/2022.1/data/xhub/boards/XilinxBoardStore/boards/Xilinx/zcu670ld/1.0/board.xml as part xczu57dr-fsve1156-2-i specified in board_part file is either invalid or not available
WARNING: [filemgmt 56-3] IP Repository Path: Could not find the directory 'C:/Users/tejasvissapragada/Documents/cs153a/vivado/Downloads/lab_files_2024/lab_files_2024/vivado/seven/ip_repo'.
Scanning sources...
Finished scanning sources
INFO: [IP_Flow 19-234] Refreshing IP repositories
WARNING: [IP_Flow 19-2248] Failed to load user IP repository 'c:/Users/tejasvissapragada/Documents/cs153a/vivado/Downloads/lab_files_2024/lab_files_2024/vivado/seven/ip_repo'; Can't find the specified path.
If this directory should no longer be in your list of user repositories, go to the IP Settings dialog and remove it.
INFO: [IP_Flow 19-2313] Loaded Vivado IP repository 'C:/Xilinx/Vivado/2022.1/data/ip'.
open_project: Time (s): cpu = 00:00:30 ; elapsed = 00:00:24 . Memory (MB): peak = 1896.723 ; gain = 273.723
update_compile_order -fileset sources_1
open_bd_design {C:/Users/tejasvissapragada/Documents/cs153a/vivado/lab2b_vivado/project_1.srcs/sources_1/bd/design_1/design_1.bd}
Reading block design file <C:/Users/tejasvissapragada/Documents/cs153a/vivado/lab2b_vivado/project_1.srcs/sources_1/bd/design_1/design_1.bd>...
Adding component instance block -- xilinx.com:ip:mig_7series:4.2 - mig_7series_0
Adding component instance block -- xilinx.com:ip:microblaze:11.0 - microblaze_0
Adding component instance block -- xilinx.com:ip:lmb_v10:3.0 - dlmb_v10
Adding component instance block -- xilinx.com:ip:lmb_v10:3.0 - ilmb_v10
Adding component instance block -- xilinx.com:ip:lmb_bram_if_cntlr:4.0 - dlmb_bram_if_cntlr
Adding component instance block -- xilinx.com:ip:lmb_bram_if_cntlr:4.0 - ilmb_bram_if_cntlr
Adding component instance block -- xilinx.com:ip:blk_mem_gen:8.4 - lmb_bram
Adding component instance block -- xilinx.com:ip:axi_interconnect:2.1 - microblaze_0_axi_periph
Adding component instance block -- xilinx.com:ip:axi_crossbar:2.1 - xbar
Adding component instance block -- xilinx.com:ip:axi_intc:4.1 - microblaze_0_axi_intc
Adding component instance block -- xilinx.com:ip:xlconcat:2.1 - microblaze_0_xlconcat
Adding component instance block -- xilinx.com:ip:mdm:3.2 - mdm_1
Adding component instance block -- xilinx.com:ip:proc_sys_reset:5.0 - rst_mig_7series_0_100M
Adding component instance block -- xilinx.com:ip:smartconnect:1.0 - smartconnect_0
Adding component instance block -- xilinx.com:ip:axi_timer:2.0 - axi_timer_0
Adding component instance block -- xilinx.com:ip:axi_timer:2.0 - axi_timer_1
Adding component instance block -- xilinx.com:ip:axi_gpio:2.0 - axi_gpio_led
Adding component instance block -- xilinx.com:ip:axi_gpio:2.0 - axi_gpio_btn
Adding component instance block -- xilinx.com:ip:axi_gpio:2.0 - rgbleds
Adding component instance block -- xilinx.com:ip:axi_gpio:2.0 - encoder
Adding component instance block -- xilinx.com:ip:axi_gpio:2.0 - spi_dc
Adding component instance block -- xilinx.com:ip:clk_wiz:6.0 - clk_wiz_0
Adding component instance block -- xilinx.com:ip:axi_quad_spi:3.2 - spi
Successfully read diagram <design_1> from block design file <C:/Users/tejasvissapragada/Documents/cs153a/vivado/lab2b_vivado/project_1.srcs/sources_1/bd/design_1/design_1.bd>
open_bd_design: Time (s): cpu = 00:00:10 ; elapsed = 00:00:06 . Memory (MB): peak = 1938.418 ; gain = 26.352
reset_run synth_1
INFO: [Project 1-1161] Replacing file C:/Users/tejasvissapragada/Documents/cs153a/vivado/lab2a_vivado/project_1.srcs/utils_1/imports/synth_1/design_1_wrapper.dcp with file C:/Users/tejasvissapragada/Documents/cs153a/vivado/lab2b_vivado/project_1.runs/synth_1/design_1_wrapper.dcp
WARNING: [Vivado 12-1017] Problems encountered:
1. Failed to delete one or more files in run directory C:/Users/tejasvissapragada/Documents/cs153a/vivado/lab2b_vivado/project_1.runs/synth_1

launch_runs synth_1 -jobs 2
[Thu Nov  7 12:05:13 2024] Launched synth_1...
Run output will be captured here: C:/Users/tejasvissapragada/Documents/cs153a/vivado/lab2b_vivado/project_1.runs/synth_1/runme.log
launch_runs impl_1 -jobs 2
[Thu Nov  7 12:06:23 2024] Launched impl_1...
Run output will be captured here: C:/Users/tejasvissapragada/Documents/cs153a/vivado/lab2b_vivado/project_1.runs/impl_1/runme.log
open_run synth_1 -name synth_1
Design is defaulting to impl run constrset: constrs_1
Design is defaulting to synth run part: xc7a100tcsg324-1
INFO: [Device 21-403] Loading part xc7a100tcsg324-1
INFO: [Project 1-454] Reading design checkpoint 'c:/Users/tejasvissapragada/Documents/cs153a/vivado/lab2b_vivado/project_1.gen/sources_1/bd/design_1/ip/design_1_axi_gpio_0_1/design_1_axi_gpio_0_1.dcp' for cell 'design_1_i/axi_gpio_btn'
INFO: [Project 1-454] Reading design checkpoint 'c:/Users/tejasvissapragada/Documents/cs153a/vivado/lab2b_vivado/project_1.gen/sources_1/bd/design_1/ip/design_1_axi_gpio_0_0/design_1_axi_gpio_0_0.dcp' for cell 'design_1_i/axi_gpio_led'
INFO: [Project 1-454] Reading design checkpoint 'c:/Users/tejasvissapragada/Documents/cs153a/vivado/lab2b_vivado/project_1.gen/sources_1/bd/design_1/ip/design_1_axi_timer_0_0/design_1_axi_timer_0_0.dcp' for cell 'design_1_i/axi_timer_0'
INFO: [Project 1-454] Reading design checkpoint 'c:/Users/tejasvissapragada/Documents/cs153a/vivado/lab2b_vivado/project_1.gen/sources_1/bd/design_1/ip/design_1_axi_timer_1_0/design_1_axi_timer_1_0.dcp' for cell 'design_1_i/axi_timer_1'
INFO: [Project 1-454] Reading design checkpoint 'c:/Users/tejasvissapragada/Documents/cs153a/vivado/lab2b_vivado/project_1.gen/sources_1/bd/design_1/ip/design_1_clk_wiz_0_0/design_1_clk_wiz_0_0.dcp' for cell 'design_1_i/clk_wiz_0'
INFO: [Project 1-454] Reading design checkpoint 'c:/Users/tejasvissapragada/Documents/cs153a/vivado/lab2b_vivado/project_1.gen/sources_1/bd/design_1/ip/design_1_axi_gpio_0_3/design_1_axi_gpio_0_3.dcp' for cell 'design_1_i/encoder'
INFO: [Project 1-454] Reading design checkpoint 'c:/Users/tejasvissapragada/Documents/cs153a/vivado/lab2b_vivado/project_1.gen/sources_1/bd/design_1/ip/design_1_mdm_1_0/design_1_mdm_1_0.dcp' for cell 'design_1_i/mdm_1'
INFO: [Project 1-454] Reading design checkpoint 'c:/Users/tejasvissapragada/Documents/cs153a/vivado/lab2b_vivado/project_1.gen/sources_1/bd/design_1/ip/design_1_microblaze_0_0/design_1_microblaze_0_0.dcp' for cell 'design_1_i/microblaze_0'
INFO: [Project 1-454] Reading design checkpoint 'c:/Users/tejasvissapragada/Documents/cs153a/vivado/lab2b_vivado/project_1.gen/sources_1/bd/design_1/ip/design_1_microblaze_0_axi_intc_0/design_1_microblaze_0_axi_intc_0.dcp' for cell 'design_1_i/microblaze_0_axi_intc'
INFO: [Project 1-454] Reading design checkpoint 'c:/Users/tejasvissapragada/Documents/cs153a/vivado/lab2b_vivado/project_1.gen/sources_1/bd/design_1/ip/design_1_mig_7series_0_0_1/design_1_mig_7series_0_0.dcp' for cell 'design_1_i/mig_7series_0'
INFO: [Project 1-454] Reading design checkpoint 'c:/Users/tejasvissapragada/Documents/cs153a/vivado/lab2b_vivado/project_1.gen/sources_1/bd/design_1/ip/design_1_axi_gpio_0_2/design_1_axi_gpio_0_2.dcp' for cell 'design_1_i/rgbleds_RnM'
INFO: [Project 1-454] Reading design checkpoint 'c:/Users/tejasvissapragada/Documents/cs153a/vivado/lab2b_vivado/project_1.gen/sources_1/bd/design_1/ip/design_1_rst_mig_7series_0_100M_0/design_1_rst_mig_7series_0_100M_0.dcp' for cell 'design_1_i/rst_mig_7series_0_100M'
INFO: [Project 1-454] Reading design checkpoint 'c:/Users/tejasvissapragada/Documents/cs153a/vivado/lab2b_vivado/project_1.gen/sources_1/bd/design_1/ip/design_1_smartconnect_0_0/design_1_smartconnect_0_0.dcp' for cell 'design_1_i/smartconnect_0'
INFO: [Project 1-454] Reading design checkpoint 'c:/Users/tejasvissapragada/Documents/cs153a/vivado/lab2b_vivado/project_1.gen/sources_1/bd/design_1/ip/design_1_axi_quad_spi_0_0/design_1_axi_quad_spi_0_0.dcp' for cell 'design_1_i/spi'
INFO: [Project 1-454] Reading design checkpoint 'c:/Users/tejasvissapragada/Documents/cs153a/vivado/lab2b_vivado/project_1.gen/sources_1/bd/design_1/ip/design_1_axi_gpio_0_4/design_1_axi_gpio_0_4.dcp' for cell 'design_1_i/spi_dc_RnM'
INFO: [Project 1-454] Reading design checkpoint 'c:/Users/tejasvissapragada/Documents/cs153a/vivado/lab2b_vivado/project_1.gen/sources_1/bd/design_1/ip/design_1_xbar_0/design_1_xbar_0.dcp' for cell 'design_1_i/microblaze_0_axi_periph/xbar'
INFO: [Project 1-454] Reading design checkpoint 'c:/Users/tejasvissapragada/Documents/cs153a/vivado/lab2b_vivado/project_1.gen/sources_1/bd/design_1/ip/design_1_dlmb_bram_if_cntlr_0/design_1_dlmb_bram_if_cntlr_0.dcp' for cell 'design_1_i/microblaze_0_local_memory/dlmb_bram_if_cntlr'
INFO: [Project 1-454] Reading design checkpoint 'c:/Users/tejasvissapragada/Documents/cs153a/vivado/lab2b_vivado/project_1.gen/sources_1/bd/design_1/ip/design_1_dlmb_v10_0/design_1_dlmb_v10_0.dcp' for cell 'design_1_i/microblaze_0_local_memory/dlmb_v10'
INFO: [Project 1-454] Reading design checkpoint 'c:/Users/tejasvissapragada/Documents/cs153a/vivado/lab2b_vivado/project_1.gen/sources_1/bd/design_1/ip/design_1_ilmb_bram_if_cntlr_0/design_1_ilmb_bram_if_cntlr_0.dcp' for cell 'design_1_i/microblaze_0_local_memory/ilmb_bram_if_cntlr'
INFO: [Project 1-454] Reading design checkpoint 'c:/Users/tejasvissapragada/Documents/cs153a/vivado/lab2b_vivado/project_1.gen/sources_1/bd/design_1/ip/design_1_ilmb_v10_0/design_1_ilmb_v10_0.dcp' for cell 'design_1_i/microblaze_0_local_memory/ilmb_v10'
INFO: [Project 1-454] Reading design checkpoint 'c:/Users/tejasvissapragada/Documents/cs153a/vivado/lab2b_vivado/project_1.gen/sources_1/bd/design_1/ip/design_1_lmb_bram_0/design_1_lmb_bram_0.dcp' for cell 'design_1_i/microblaze_0_local_memory/lmb_bram'
Netlist sorting complete. Time (s): cpu = 00:00:02 ; elapsed = 00:00:01 . Memory (MB): peak = 2581.719 ; gain = 0.000
INFO: [Netlist 29-17] Analyzing 1024 Unisim elements for replacement
INFO: [Netlist 29-28] Unisim Transformation completed in 0 CPU seconds
INFO: [Project 1-479] Netlist was created with Vivado 2022.1
INFO: [Project 1-570] Preparing netlist for logic optimization
WARNING: [Opt 31-32] Removing redundant IBUF since it is not being driven by a top-level port. design_1_i/clk_wiz_0/inst/clkin1_ibufg 
Resolution: The tool has removed redundant IBUF. To resolve this warning, check for redundant IBUF in the input design.
WARNING: [Constraints 18-550] Could not create 'IBUF_LOW_PWR' constraint because net 'design_1_i/clk_wiz_0/clk_in1' is not directly connected to top level port. Synthesis is ignored for IBUF_LOW_PWR but preserved for implementation.
Parsing XDC File [c:/Users/tejasvissapragada/Documents/cs153a/vivado/lab2b_vivado/project_1.gen/sources_1/bd/design_1/ip/design_1_mig_7series_0_0_1/design_1_mig_7series_0_0/user_design/constraints/design_1_mig_7series_0_0.xdc] for cell 'design_1_i/mig_7series_0'
INFO: [Vivado 12-4777] Setting CLOCK_DEDICATED_ROUTE constraint on the PARENT net instead of the specified net segment (net name: design_1_i/mig_7series_0/sys_clk_i). Placer only honors CLOCK_DEDICATED_ROUTE when set on the PARENT net, e.g. net segment directly connected to the driver. To eliminate this message, please update your constraint to specify the PARENT net instead. [c:/Users/tejasvissapragada/Documents/cs153a/vivado/lab2b_vivado/project_1.gen/sources_1/bd/design_1/ip/design_1_mig_7series_0_0_1/design_1_mig_7series_0_0/user_design/constraints/design_1_mig_7series_0_0.xdc:41]
Finished Parsing XDC File [c:/Users/tejasvissapragada/Documents/cs153a/vivado/lab2b_vivado/project_1.gen/sources_1/bd/design_1/ip/design_1_mig_7series_0_0_1/design_1_mig_7series_0_0/user_design/constraints/design_1_mig_7series_0_0.xdc] for cell 'design_1_i/mig_7series_0'
Parsing XDC File [c:/Users/tejasvissapragada/Documents/cs153a/vivado/lab2b_vivado/project_1.gen/sources_1/bd/design_1/ip/design_1_microblaze_0_0/design_1_microblaze_0_0.xdc] for cell 'design_1_i/microblaze_0/U0'
Finished Parsing XDC File [c:/Users/tejasvissapragada/Documents/cs153a/vivado/lab2b_vivado/project_1.gen/sources_1/bd/design_1/ip/design_1_microblaze_0_0/design_1_microblaze_0_0.xdc] for cell 'design_1_i/microblaze_0/U0'
Parsing XDC File [c:/Users/tejasvissapragada/Documents/cs153a/vivado/lab2b_vivado/project_1.gen/sources_1/bd/design_1/ip/design_1_microblaze_0_axi_intc_0/design_1_microblaze_0_axi_intc_0.xdc] for cell 'design_1_i/microblaze_0_axi_intc/U0'
Finished Parsing XDC File [c:/Users/tejasvissapragada/Documents/cs153a/vivado/lab2b_vivado/project_1.gen/sources_1/bd/design_1/ip/design_1_microblaze_0_axi_intc_0/design_1_microblaze_0_axi_intc_0.xdc] for cell 'design_1_i/microblaze_0_axi_intc/U0'
Parsing XDC File [c:/Users/tejasvissapragada/Documents/cs153a/vivado/lab2b_vivado/project_1.gen/sources_1/bd/design_1/ip/design_1_rst_mig_7series_0_100M_0/design_1_rst_mig_7series_0_100M_0_board.xdc] for cell 'design_1_i/rst_mig_7series_0_100M/U0'
Finished Parsing XDC File [c:/Users/tejasvissapragada/Documents/cs153a/vivado/lab2b_vivado/project_1.gen/sources_1/bd/design_1/ip/design_1_rst_mig_7series_0_100M_0/design_1_rst_mig_7series_0_100M_0_board.xdc] for cell 'design_1_i/rst_mig_7series_0_100M/U0'
Parsing XDC File [c:/Users/tejasvissapragada/Documents/cs153a/vivado/lab2b_vivado/project_1.gen/sources_1/bd/design_1/ip/design_1_rst_mig_7series_0_100M_0/design_1_rst_mig_7series_0_100M_0.xdc] for cell 'design_1_i/rst_mig_7series_0_100M/U0'
Finished Parsing XDC File [c:/Users/tejasvissapragada/Documents/cs153a/vivado/lab2b_vivado/project_1.gen/sources_1/bd/design_1/ip/design_1_rst_mig_7series_0_100M_0/design_1_rst_mig_7series_0_100M_0.xdc] for cell 'design_1_i/rst_mig_7series_0_100M/U0'
Parsing XDC File [c:/Users/tejasvissapragada/Documents/cs153a/vivado/lab2b_vivado/project_1.gen/sources_1/bd/design_1/ip/design_1_smartconnect_0_0/bd_0/ip/ip_1/bd_48ac_psr_aclk_0_board.xdc] for cell 'design_1_i/smartconnect_0/inst/clk_map/psr_aclk/U0'
Finished Parsing XDC File [c:/Users/tejasvissapragada/Documents/cs153a/vivado/lab2b_vivado/project_1.gen/sources_1/bd/design_1/ip/design_1_smartconnect_0_0/bd_0/ip/ip_1/bd_48ac_psr_aclk_0_board.xdc] for cell 'design_1_i/smartconnect_0/inst/clk_map/psr_aclk/U0'
Parsing XDC File [c:/Users/tejasvissapragada/Documents/cs153a/vivado/lab2b_vivado/project_1.gen/sources_1/bd/design_1/ip/design_1_smartconnect_0_0/bd_0/ip/ip_1/bd_48ac_psr_aclk_0.xdc] for cell 'design_1_i/smartconnect_0/inst/clk_map/psr_aclk/U0'
Finished Parsing XDC File [c:/Users/tejasvissapragada/Documents/cs153a/vivado/lab2b_vivado/project_1.gen/sources_1/bd/design_1/ip/design_1_smartconnect_0_0/bd_0/ip/ip_1/bd_48ac_psr_aclk_0.xdc] for cell 'design_1_i/smartconnect_0/inst/clk_map/psr_aclk/U0'
Parsing XDC File [c:/Users/tejasvissapragada/Documents/cs153a/vivado/lab2b_vivado/project_1.gen/sources_1/bd/design_1/ip/design_1_axi_timer_0_0/design_1_axi_timer_0_0.xdc] for cell 'design_1_i/axi_timer_0/U0'
Finished Parsing XDC File [c:/Users/tejasvissapragada/Documents/cs153a/vivado/lab2b_vivado/project_1.gen/sources_1/bd/design_1/ip/design_1_axi_timer_0_0/design_1_axi_timer_0_0.xdc] for cell 'design_1_i/axi_timer_0/U0'
Parsing XDC File [c:/Users/tejasvissapragada/Documents/cs153a/vivado/lab2b_vivado/project_1.gen/sources_1/bd/design_1/ip/design_1_axi_timer_1_0/design_1_axi_timer_1_0.xdc] for cell 'design_1_i/axi_timer_1/U0'
Finished Parsing XDC File [c:/Users/tejasvissapragada/Documents/cs153a/vivado/lab2b_vivado/project_1.gen/sources_1/bd/design_1/ip/design_1_axi_timer_1_0/design_1_axi_timer_1_0.xdc] for cell 'design_1_i/axi_timer_1/U0'
Parsing XDC File [c:/Users/tejasvissapragada/Documents/cs153a/vivado/lab2b_vivado/project_1.gen/sources_1/bd/design_1/ip/design_1_axi_gpio_0_0/design_1_axi_gpio_0_0_board.xdc] for cell 'design_1_i/axi_gpio_led/U0'
Finished Parsing XDC File [c:/Users/tejasvissapragada/Documents/cs153a/vivado/lab2b_vivado/project_1.gen/sources_1/bd/design_1/ip/design_1_axi_gpio_0_0/design_1_axi_gpio_0_0_board.xdc] for cell 'design_1_i/axi_gpio_led/U0'
Parsing XDC File [c:/Users/tejasvissapragada/Documents/cs153a/vivado/lab2b_vivado/project_1.gen/sources_1/bd/design_1/ip/design_1_axi_gpio_0_0/design_1_axi_gpio_0_0.xdc] for cell 'design_1_i/axi_gpio_led/U0'
Finished Parsing XDC File [c:/Users/tejasvissapragada/Documents/cs153a/vivado/lab2b_vivado/project_1.gen/sources_1/bd/design_1/ip/design_1_axi_gpio_0_0/design_1_axi_gpio_0_0.xdc] for cell 'design_1_i/axi_gpio_led/U0'
Parsing XDC File [c:/Users/tejasvissapragada/Documents/cs153a/vivado/lab2b_vivado/project_1.gen/sources_1/bd/design_1/ip/design_1_axi_gpio_0_1/design_1_axi_gpio_0_1_board.xdc] for cell 'design_1_i/axi_gpio_btn/U0'
Finished Parsing XDC File [c:/Users/tejasvissapragada/Documents/cs153a/vivado/lab2b_vivado/project_1.gen/sources_1/bd/design_1/ip/design_1_axi_gpio_0_1/design_1_axi_gpio_0_1_board.xdc] for cell 'design_1_i/axi_gpio_btn/U0'
Parsing XDC File [c:/Users/tejasvissapragada/Documents/cs153a/vivado/lab2b_vivado/project_1.gen/sources_1/bd/design_1/ip/design_1_axi_gpio_0_1/design_1_axi_gpio_0_1.xdc] for cell 'design_1_i/axi_gpio_btn/U0'
Finished Parsing XDC File [c:/Users/tejasvissapragada/Documents/cs153a/vivado/lab2b_vivado/project_1.gen/sources_1/bd/design_1/ip/design_1_axi_gpio_0_1/design_1_axi_gpio_0_1.xdc] for cell 'design_1_i/axi_gpio_btn/U0'
Parsing XDC File [c:/Users/tejasvissapragada/Documents/cs153a/vivado/lab2b_vivado/project_1.gen/sources_1/bd/design_1/ip/design_1_axi_gpio_0_2/design_1_axi_gpio_0_2_board.xdc] for cell 'design_1_i/rgbleds_RnM/U0'
Finished Parsing XDC File [c:/Users/tejasvissapragada/Documents/cs153a/vivado/lab2b_vivado/project_1.gen/sources_1/bd/design_1/ip/design_1_axi_gpio_0_2/design_1_axi_gpio_0_2_board.xdc] for cell 'design_1_i/rgbleds_RnM/U0'
Parsing XDC File [c:/Users/tejasvissapragada/Documents/cs153a/vivado/lab2b_vivado/project_1.gen/sources_1/bd/design_1/ip/design_1_axi_gpio_0_2/design_1_axi_gpio_0_2.xdc] for cell 'design_1_i/rgbleds_RnM/U0'
Finished Parsing XDC File [c:/Users/tejasvissapragada/Documents/cs153a/vivado/lab2b_vivado/project_1.gen/sources_1/bd/design_1/ip/design_1_axi_gpio_0_2/design_1_axi_gpio_0_2.xdc] for cell 'design_1_i/rgbleds_RnM/U0'
Parsing XDC File [c:/Users/tejasvissapragada/Documents/cs153a/vivado/lab2b_vivado/project_1.gen/sources_1/bd/design_1/ip/design_1_axi_gpio_0_3/design_1_axi_gpio_0_3_board.xdc] for cell 'design_1_i/encoder/U0'
Finished Parsing XDC File [c:/Users/tejasvissapragada/Documents/cs153a/vivado/lab2b_vivado/project_1.gen/sources_1/bd/design_1/ip/design_1_axi_gpio_0_3/design_1_axi_gpio_0_3_board.xdc] for cell 'design_1_i/encoder/U0'
Parsing XDC File [c:/Users/tejasvissapragada/Documents/cs153a/vivado/lab2b_vivado/project_1.gen/sources_1/bd/design_1/ip/design_1_axi_gpio_0_3/design_1_axi_gpio_0_3.xdc] for cell 'design_1_i/encoder/U0'
Finished Parsing XDC File [c:/Users/tejasvissapragada/Documents/cs153a/vivado/lab2b_vivado/project_1.gen/sources_1/bd/design_1/ip/design_1_axi_gpio_0_3/design_1_axi_gpio_0_3.xdc] for cell 'design_1_i/encoder/U0'
Parsing XDC File [c:/Users/tejasvissapragada/Documents/cs153a/vivado/lab2b_vivado/project_1.gen/sources_1/bd/design_1/ip/design_1_axi_gpio_0_4/design_1_axi_gpio_0_4_board.xdc] for cell 'design_1_i/spi_dc_RnM/U0'
Finished Parsing XDC File [c:/Users/tejasvissapragada/Documents/cs153a/vivado/lab2b_vivado/project_1.gen/sources_1/bd/design_1/ip/design_1_axi_gpio_0_4/design_1_axi_gpio_0_4_board.xdc] for cell 'design_1_i/spi_dc_RnM/U0'
Parsing XDC File [c:/Users/tejasvissapragada/Documents/cs153a/vivado/lab2b_vivado/project_1.gen/sources_1/bd/design_1/ip/design_1_axi_gpio_0_4/design_1_axi_gpio_0_4.xdc] for cell 'design_1_i/spi_dc_RnM/U0'
Finished Parsing XDC File [c:/Users/tejasvissapragada/Documents/cs153a/vivado/lab2b_vivado/project_1.gen/sources_1/bd/design_1/ip/design_1_axi_gpio_0_4/design_1_axi_gpio_0_4.xdc] for cell 'design_1_i/spi_dc_RnM/U0'
Parsing XDC File [c:/Users/tejasvissapragada/Documents/cs153a/vivado/lab2b_vivado/project_1.gen/sources_1/bd/design_1/ip/design_1_clk_wiz_0_0/design_1_clk_wiz_0_0_board.xdc] for cell 'design_1_i/clk_wiz_0/inst'
Finished Parsing XDC File [c:/Users/tejasvissapragada/Documents/cs153a/vivado/lab2b_vivado/project_1.gen/sources_1/bd/design_1/ip/design_1_clk_wiz_0_0/design_1_clk_wiz_0_0_board.xdc] for cell 'design_1_i/clk_wiz_0/inst'
Parsing XDC File [c:/Users/tejasvissapragada/Documents/cs153a/vivado/lab2b_vivado/project_1.gen/sources_1/bd/design_1/ip/design_1_clk_wiz_0_0/design_1_clk_wiz_0_0.xdc] for cell 'design_1_i/clk_wiz_0/inst'
INFO: [Timing 38-35] Done setting XDC timing constraints. [c:/Users/tejasvissapragada/Documents/cs153a/vivado/lab2b_vivado/project_1.gen/sources_1/bd/design_1/ip/design_1_clk_wiz_0_0/design_1_clk_wiz_0_0.xdc:57]
INFO: [Timing 38-2] Deriving generated clocks [c:/Users/tejasvissapragada/Documents/cs153a/vivado/lab2b_vivado/project_1.gen/sources_1/bd/design_1/ip/design_1_clk_wiz_0_0/design_1_clk_wiz_0_0.xdc:57]
Finished Parsing XDC File [c:/Users/tejasvissapragada/Documents/cs153a/vivado/lab2b_vivado/project_1.gen/sources_1/bd/design_1/ip/design_1_clk_wiz_0_0/design_1_clk_wiz_0_0.xdc] for cell 'design_1_i/clk_wiz_0/inst'
Parsing XDC File [c:/Users/tejasvissapragada/Documents/cs153a/vivado/lab2b_vivado/project_1.gen/sources_1/bd/design_1/ip/design_1_axi_quad_spi_0_0/design_1_axi_quad_spi_0_0_board.xdc] for cell 'design_1_i/spi/U0'
Finished Parsing XDC File [c:/Users/tejasvissapragada/Documents/cs153a/vivado/lab2b_vivado/project_1.gen/sources_1/bd/design_1/ip/design_1_axi_quad_spi_0_0/design_1_axi_quad_spi_0_0_board.xdc] for cell 'design_1_i/spi/U0'
Parsing XDC File [c:/Users/tejasvissapragada/Documents/cs153a/vivado/lab2b_vivado/project_1.gen/sources_1/bd/design_1/ip/design_1_axi_quad_spi_0_0/design_1_axi_quad_spi_0_0.xdc] for cell 'design_1_i/spi/U0'
Finished Parsing XDC File [c:/Users/tejasvissapragada/Documents/cs153a/vivado/lab2b_vivado/project_1.gen/sources_1/bd/design_1/ip/design_1_axi_quad_spi_0_0/design_1_axi_quad_spi_0_0.xdc] for cell 'design_1_i/spi/U0'
Parsing XDC File [C:/Users/tejasvissapragada/Documents/cs153a/vivado/lab2b_vivado/project_1.srcs/constrs_1/imports/lab_files_2024/Nexys4_Handout_2022.xdc]
WARNING: [Vivado 12-584] No ports matched 'JD[3]'. [C:/Users/tejasvissapragada/Documents/cs153a/vivado/lab2b_vivado/project_1.srcs/constrs_1/imports/lab_files_2024/Nexys4_Handout_2022.xdc:138]
CRITICAL WARNING: [Common 17-55] 'set_property' expects at least one object. [C:/Users/tejasvissapragada/Documents/cs153a/vivado/lab2b_vivado/project_1.srcs/constrs_1/imports/lab_files_2024/Nexys4_Handout_2022.xdc:138]
Resolution: If [get_<value>] was used to populate the object, check to make sure this command returns at least one valid object.
WARNING: [Vivado 12-584] No ports matched 'JD[6]'. [C:/Users/tejasvissapragada/Documents/cs153a/vivado/lab2b_vivado/project_1.srcs/constrs_1/imports/lab_files_2024/Nexys4_Handout_2022.xdc:139]
CRITICAL WARNING: [Common 17-55] 'set_property' expects at least one object. [C:/Users/tejasvissapragada/Documents/cs153a/vivado/lab2b_vivado/project_1.srcs/constrs_1/imports/lab_files_2024/Nexys4_Handout_2022.xdc:139]
Resolution: If [get_<value>] was used to populate the object, check to make sure this command returns at least one valid object.
WARNING: [Vivado 12-584] No ports matched 'JD[7]'. [C:/Users/tejasvissapragada/Documents/cs153a/vivado/lab2b_vivado/project_1.srcs/constrs_1/imports/lab_files_2024/Nexys4_Handout_2022.xdc:140]
CRITICAL WARNING: [Common 17-55] 'set_property' expects at least one object. [C:/Users/tejasvissapragada/Documents/cs153a/vivado/lab2b_vivado/project_1.srcs/constrs_1/imports/lab_files_2024/Nexys4_Handout_2022.xdc:140]
Resolution: If [get_<value>] was used to populate the object, check to make sure this command returns at least one valid object.
WARNING: [Vivado 12-584] No ports matched 'JD[8]'. [C:/Users/tejasvissapragada/Documents/cs153a/vivado/lab2b_vivado/project_1.srcs/constrs_1/imports/lab_files_2024/Nexys4_Handout_2022.xdc:141]
CRITICAL WARNING: [Common 17-55] 'set_property' expects at least one object. [C:/Users/tejasvissapragada/Documents/cs153a/vivado/lab2b_vivado/project_1.srcs/constrs_1/imports/lab_files_2024/Nexys4_Handout_2022.xdc:141]
Resolution: If [get_<value>] was used to populate the object, check to make sure this command returns at least one valid object.
WARNING: [Vivado 12-584] No ports matched 'JD[10]'. [C:/Users/tejasvissapragada/Documents/cs153a/vivado/lab2b_vivado/project_1.srcs/constrs_1/imports/lab_files_2024/Nexys4_Handout_2022.xdc:142]
CRITICAL WARNING: [Common 17-55] 'set_property' expects at least one object. [C:/Users/tejasvissapragada/Documents/cs153a/vivado/lab2b_vivado/project_1.srcs/constrs_1/imports/lab_files_2024/Nexys4_Handout_2022.xdc:142]
Resolution: If [get_<value>] was used to populate the object, check to make sure this command returns at least one valid object.
Finished Parsing XDC File [C:/Users/tejasvissapragada/Documents/cs153a/vivado/lab2b_vivado/project_1.srcs/constrs_1/imports/lab_files_2024/Nexys4_Handout_2022.xdc]
Parsing XDC File [c:/Users/tejasvissapragada/Documents/cs153a/vivado/lab2b_vivado/project_1.gen/sources_1/bd/design_1/ip/design_1_microblaze_0_axi_intc_0/design_1_microblaze_0_axi_intc_0_clocks.xdc] for cell 'design_1_i/microblaze_0_axi_intc/U0'
Finished Parsing XDC File [c:/Users/tejasvissapragada/Documents/cs153a/vivado/lab2b_vivado/project_1.gen/sources_1/bd/design_1/ip/design_1_microblaze_0_axi_intc_0/design_1_microblaze_0_axi_intc_0_clocks.xdc] for cell 'design_1_i/microblaze_0_axi_intc/U0'
Parsing XDC File [c:/Users/tejasvissapragada/Documents/cs153a/vivado/lab2b_vivado/project_1.gen/sources_1/bd/design_1/ip/design_1_mdm_1_0/design_1_mdm_1_0.xdc] for cell 'design_1_i/mdm_1/U0'
Finished Parsing XDC File [c:/Users/tejasvissapragada/Documents/cs153a/vivado/lab2b_vivado/project_1.gen/sources_1/bd/design_1/ip/design_1_mdm_1_0/design_1_mdm_1_0.xdc] for cell 'design_1_i/mdm_1/U0'
Parsing XDC File [c:/Users/tejasvissapragada/Documents/cs153a/vivado/lab2b_vivado/project_1.gen/sources_1/bd/design_1/ip/design_1_axi_quad_spi_0_0/design_1_axi_quad_spi_0_0_clocks.xdc] for cell 'design_1_i/spi/U0'
Finished Parsing XDC File [c:/Users/tejasvissapragada/Documents/cs153a/vivado/lab2b_vivado/project_1.gen/sources_1/bd/design_1/ip/design_1_axi_quad_spi_0_0/design_1_axi_quad_spi_0_0_clocks.xdc] for cell 'design_1_i/spi/U0'
INFO: [Project 1-1714] 61 XPM XDC files have been applied to the design.
INFO: [Opt 31-138] Pushed 0 inverter(s) to 0 load pin(s).
WARNING: [Constraints 18-5572] Instance design_1_i/spi/U0/NO_DUAL_QUAD_MODE.QSPI_NORMAL/IO1_I_REG has IOB constraint set, However, the instance does not seem to have valid I/O connection to be placed into I/O. The constraint on the instance will be ignored.
WARNING: [Constraints 18-5572] Instance design_1_i/spi/U0/NO_DUAL_QUAD_MODE.QSPI_NORMAL/IO0_I_REG has IOB constraint set, However, the instance does not seem to have valid I/O connection to be placed into I/O. The constraint on the instance will be ignored.
Generating merged BMM file for the design top 'design_1_wrapper'...
INFO: [Memdata 28-144] Successfully populated the BRAM INIT strings from the following elf files: c:/Users/tejasvissapragada/Documents/cs153a/vivado/lab2b_vivado/project_1.gen/sources_1/bd/design_1/ip/design_1_microblaze_0_0/data/mb_bootloop_le.elf 
Netlist sorting complete. Time (s): cpu = 00:00:00 ; elapsed = 00:00:00.026 . Memory (MB): peak = 3365.879 ; gain = 0.000
INFO: [Project 1-111] Unisim Transformation Summary:
  A total of 409 instances were transformed.
  IOBUFDS_INTERMDISABLE => IOBUFDS_INTERMDISABLE (IBUFDS_INTERMDISABLE_INT(x2), INV, OBUFTDS(x2)): 2 instances
  IOBUF_INTERMDISABLE => IOBUF_INTERMDISABLE (IBUF_INTERMDISABLE, OBUFT): 16 instances
  LUT6_2 => LUT6_2 (LUT5, LUT6): 64 instances
  OBUFDS => OBUFDS_DUAL_BUF (INV, OBUFDS(x2)): 1 instance 
  RAM16X1D => RAM32X1D (RAMD32(x2)): 33 instances
  RAM32M => RAM32M (RAMD32(x6), RAMS32(x2)): 282 instances
  RAM32X1D => RAM32X1D (RAMD32(x2)): 11 instances

open_run: Time (s): cpu = 00:00:45 ; elapsed = 00:00:39 . Memory (MB): peak = 3389.520 ; gain = 1304.316
INFO: [Timing 38-35] Done setting XDC timing constraints.
create_ip_run [get_files -of_objects [get_fileset sources_1] C:/Users/tejasvissapragada/Documents/cs153a/vivado/lab2b_vivado/project_1.srcs/sources_1/bd/design_1/design_1.bd]
refresh_design
INFO: [Project 1-570] Preparing netlist for logic optimization
Parsing XDC File [c:/Users/tejasvissapragada/Documents/cs153a/vivado/lab2b_vivado/project_1.gen/sources_1/bd/design_1/ip/design_1_mig_7series_0_0_1/design_1_mig_7series_0_0/user_design/constraints/design_1_mig_7series_0_0.xdc] for cell 'design_1_i/mig_7series_0'
INFO: [Vivado 12-4777] Setting CLOCK_DEDICATED_ROUTE constraint on the PARENT net instead of the specified net segment (net name: design_1_i/mig_7series_0/sys_clk_i). Placer only honors CLOCK_DEDICATED_ROUTE when set on the PARENT net, e.g. net segment directly connected to the driver. To eliminate this message, please update your constraint to specify the PARENT net instead. [c:/Users/tejasvissapragada/Documents/cs153a/vivado/lab2b_vivado/project_1.gen/sources_1/bd/design_1/ip/design_1_mig_7series_0_0_1/design_1_mig_7series_0_0/user_design/constraints/design_1_mig_7series_0_0.xdc:41]
Finished Parsing XDC File [c:/Users/tejasvissapragada/Documents/cs153a/vivado/lab2b_vivado/project_1.gen/sources_1/bd/design_1/ip/design_1_mig_7series_0_0_1/design_1_mig_7series_0_0/user_design/constraints/design_1_mig_7series_0_0.xdc] for cell 'design_1_i/mig_7series_0'
Parsing XDC File [c:/Users/tejasvissapragada/Documents/cs153a/vivado/lab2b_vivado/project_1.gen/sources_1/bd/design_1/ip/design_1_microblaze_0_0/design_1_microblaze_0_0.xdc] for cell 'design_1_i/microblaze_0/U0'
Finished Parsing XDC File [c:/Users/tejasvissapragada/Documents/cs153a/vivado/lab2b_vivado/project_1.gen/sources_1/bd/design_1/ip/design_1_microblaze_0_0/design_1_microblaze_0_0.xdc] for cell 'design_1_i/microblaze_0/U0'
Parsing XDC File [c:/Users/tejasvissapragada/Documents/cs153a/vivado/lab2b_vivado/project_1.gen/sources_1/bd/design_1/ip/design_1_microblaze_0_axi_intc_0/design_1_microblaze_0_axi_intc_0.xdc] for cell 'design_1_i/microblaze_0_axi_intc/U0'
Finished Parsing XDC File [c:/Users/tejasvissapragada/Documents/cs153a/vivado/lab2b_vivado/project_1.gen/sources_1/bd/design_1/ip/design_1_microblaze_0_axi_intc_0/design_1_microblaze_0_axi_intc_0.xdc] for cell 'design_1_i/microblaze_0_axi_intc/U0'
Parsing XDC File [c:/Users/tejasvissapragada/Documents/cs153a/vivado/lab2b_vivado/project_1.gen/sources_1/bd/design_1/ip/design_1_rst_mig_7series_0_100M_0/design_1_rst_mig_7series_0_100M_0_board.xdc] for cell 'design_1_i/rst_mig_7series_0_100M/U0'
Finished Parsing XDC File [c:/Users/tejasvissapragada/Documents/cs153a/vivado/lab2b_vivado/project_1.gen/sources_1/bd/design_1/ip/design_1_rst_mig_7series_0_100M_0/design_1_rst_mig_7series_0_100M_0_board.xdc] for cell 'design_1_i/rst_mig_7series_0_100M/U0'
Parsing XDC File [c:/Users/tejasvissapragada/Documents/cs153a/vivado/lab2b_vivado/project_1.gen/sources_1/bd/design_1/ip/design_1_rst_mig_7series_0_100M_0/design_1_rst_mig_7series_0_100M_0.xdc] for cell 'design_1_i/rst_mig_7series_0_100M/U0'
Finished Parsing XDC File [c:/Users/tejasvissapragada/Documents/cs153a/vivado/lab2b_vivado/project_1.gen/sources_1/bd/design_1/ip/design_1_rst_mig_7series_0_100M_0/design_1_rst_mig_7series_0_100M_0.xdc] for cell 'design_1_i/rst_mig_7series_0_100M/U0'
Parsing XDC File [c:/Users/tejasvissapragada/Documents/cs153a/vivado/lab2b_vivado/project_1.gen/sources_1/bd/design_1/ip/design_1_smartconnect_0_0/bd_0/ip/ip_1/bd_48ac_psr_aclk_0_board.xdc] for cell 'design_1_i/smartconnect_0/inst/clk_map/psr_aclk/U0'
Finished Parsing XDC File [c:/Users/tejasvissapragada/Documents/cs153a/vivado/lab2b_vivado/project_1.gen/sources_1/bd/design_1/ip/design_1_smartconnect_0_0/bd_0/ip/ip_1/bd_48ac_psr_aclk_0_board.xdc] for cell 'design_1_i/smartconnect_0/inst/clk_map/psr_aclk/U0'
Parsing XDC File [c:/Users/tejasvissapragada/Documents/cs153a/vivado/lab2b_vivado/project_1.gen/sources_1/bd/design_1/ip/design_1_smartconnect_0_0/bd_0/ip/ip_1/bd_48ac_psr_aclk_0.xdc] for cell 'design_1_i/smartconnect_0/inst/clk_map/psr_aclk/U0'
Finished Parsing XDC File [c:/Users/tejasvissapragada/Documents/cs153a/vivado/lab2b_vivado/project_1.gen/sources_1/bd/design_1/ip/design_1_smartconnect_0_0/bd_0/ip/ip_1/bd_48ac_psr_aclk_0.xdc] for cell 'design_1_i/smartconnect_0/inst/clk_map/psr_aclk/U0'
Parsing XDC File [c:/Users/tejasvissapragada/Documents/cs153a/vivado/lab2b_vivado/project_1.gen/sources_1/bd/design_1/ip/design_1_axi_timer_0_0/design_1_axi_timer_0_0.xdc] for cell 'design_1_i/axi_timer_0/U0'
Finished Parsing XDC File [c:/Users/tejasvissapragada/Documents/cs153a/vivado/lab2b_vivado/project_1.gen/sources_1/bd/design_1/ip/design_1_axi_timer_0_0/design_1_axi_timer_0_0.xdc] for cell 'design_1_i/axi_timer_0/U0'
Parsing XDC File [c:/Users/tejasvissapragada/Documents/cs153a/vivado/lab2b_vivado/project_1.gen/sources_1/bd/design_1/ip/design_1_axi_timer_1_0/design_1_axi_timer_1_0.xdc] for cell 'design_1_i/axi_timer_1/U0'
Finished Parsing XDC File [c:/Users/tejasvissapragada/Documents/cs153a/vivado/lab2b_vivado/project_1.gen/sources_1/bd/design_1/ip/design_1_axi_timer_1_0/design_1_axi_timer_1_0.xdc] for cell 'design_1_i/axi_timer_1/U0'
Parsing XDC File [c:/Users/tejasvissapragada/Documents/cs153a/vivado/lab2b_vivado/project_1.gen/sources_1/bd/design_1/ip/design_1_axi_gpio_0_0/design_1_axi_gpio_0_0_board.xdc] for cell 'design_1_i/axi_gpio_led/U0'
Finished Parsing XDC File [c:/Users/tejasvissapragada/Documents/cs153a/vivado/lab2b_vivado/project_1.gen/sources_1/bd/design_1/ip/design_1_axi_gpio_0_0/design_1_axi_gpio_0_0_board.xdc] for cell 'design_1_i/axi_gpio_led/U0'
Parsing XDC File [c:/Users/tejasvissapragada/Documents/cs153a/vivado/lab2b_vivado/project_1.gen/sources_1/bd/design_1/ip/design_1_axi_gpio_0_0/design_1_axi_gpio_0_0.xdc] for cell 'design_1_i/axi_gpio_led/U0'
Finished Parsing XDC File [c:/Users/tejasvissapragada/Documents/cs153a/vivado/lab2b_vivado/project_1.gen/sources_1/bd/design_1/ip/design_1_axi_gpio_0_0/design_1_axi_gpio_0_0.xdc] for cell 'design_1_i/axi_gpio_led/U0'
Parsing XDC File [c:/Users/tejasvissapragada/Documents/cs153a/vivado/lab2b_vivado/project_1.gen/sources_1/bd/design_1/ip/design_1_axi_gpio_0_1/design_1_axi_gpio_0_1_board.xdc] for cell 'design_1_i/axi_gpio_btn/U0'
Finished Parsing XDC File [c:/Users/tejasvissapragada/Documents/cs153a/vivado/lab2b_vivado/project_1.gen/sources_1/bd/design_1/ip/design_1_axi_gpio_0_1/design_1_axi_gpio_0_1_board.xdc] for cell 'design_1_i/axi_gpio_btn/U0'
Parsing XDC File [c:/Users/tejasvissapragada/Documents/cs153a/vivado/lab2b_vivado/project_1.gen/sources_1/bd/design_1/ip/design_1_axi_gpio_0_1/design_1_axi_gpio_0_1.xdc] for cell 'design_1_i/axi_gpio_btn/U0'
Finished Parsing XDC File [c:/Users/tejasvissapragada/Documents/cs153a/vivado/lab2b_vivado/project_1.gen/sources_1/bd/design_1/ip/design_1_axi_gpio_0_1/design_1_axi_gpio_0_1.xdc] for cell 'design_1_i/axi_gpio_btn/U0'
Parsing XDC File [c:/Users/tejasvissapragada/Documents/cs153a/vivado/lab2b_vivado/project_1.gen/sources_1/bd/design_1/ip/design_1_axi_gpio_0_2/design_1_axi_gpio_0_2_board.xdc] for cell 'design_1_i/rgbleds_RnM/U0'
Finished Parsing XDC File [c:/Users/tejasvissapragada/Documents/cs153a/vivado/lab2b_vivado/project_1.gen/sources_1/bd/design_1/ip/design_1_axi_gpio_0_2/design_1_axi_gpio_0_2_board.xdc] for cell 'design_1_i/rgbleds_RnM/U0'
Parsing XDC File [c:/Users/tejasvissapragada/Documents/cs153a/vivado/lab2b_vivado/project_1.gen/sources_1/bd/design_1/ip/design_1_axi_gpio_0_2/design_1_axi_gpio_0_2.xdc] for cell 'design_1_i/rgbleds_RnM/U0'
Finished Parsing XDC File [c:/Users/tejasvissapragada/Documents/cs153a/vivado/lab2b_vivado/project_1.gen/sources_1/bd/design_1/ip/design_1_axi_gpio_0_2/design_1_axi_gpio_0_2.xdc] for cell 'design_1_i/rgbleds_RnM/U0'
Parsing XDC File [c:/Users/tejasvissapragada/Documents/cs153a/vivado/lab2b_vivado/project_1.gen/sources_1/bd/design_1/ip/design_1_axi_gpio_0_3/design_1_axi_gpio_0_3_board.xdc] for cell 'design_1_i/encoder/U0'
Finished Parsing XDC File [c:/Users/tejasvissapragada/Documents/cs153a/vivado/lab2b_vivado/project_1.gen/sources_1/bd/design_1/ip/design_1_axi_gpio_0_3/design_1_axi_gpio_0_3_board.xdc] for cell 'design_1_i/encoder/U0'
Parsing XDC File [c:/Users/tejasvissapragada/Documents/cs153a/vivado/lab2b_vivado/project_1.gen/sources_1/bd/design_1/ip/design_1_axi_gpio_0_3/design_1_axi_gpio_0_3.xdc] for cell 'design_1_i/encoder/U0'
Finished Parsing XDC File [c:/Users/tejasvissapragada/Documents/cs153a/vivado/lab2b_vivado/project_1.gen/sources_1/bd/design_1/ip/design_1_axi_gpio_0_3/design_1_axi_gpio_0_3.xdc] for cell 'design_1_i/encoder/U0'
Parsing XDC File [c:/Users/tejasvissapragada/Documents/cs153a/vivado/lab2b_vivado/project_1.gen/sources_1/bd/design_1/ip/design_1_axi_gpio_0_4/design_1_axi_gpio_0_4_board.xdc] for cell 'design_1_i/spi_dc_RnM/U0'
Finished Parsing XDC File [c:/Users/tejasvissapragada/Documents/cs153a/vivado/lab2b_vivado/project_1.gen/sources_1/bd/design_1/ip/design_1_axi_gpio_0_4/design_1_axi_gpio_0_4_board.xdc] for cell 'design_1_i/spi_dc_RnM/U0'
Parsing XDC File [c:/Users/tejasvissapragada/Documents/cs153a/vivado/lab2b_vivado/project_1.gen/sources_1/bd/design_1/ip/design_1_axi_gpio_0_4/design_1_axi_gpio_0_4.xdc] for cell 'design_1_i/spi_dc_RnM/U0'
Finished Parsing XDC File [c:/Users/tejasvissapragada/Documents/cs153a/vivado/lab2b_vivado/project_1.gen/sources_1/bd/design_1/ip/design_1_axi_gpio_0_4/design_1_axi_gpio_0_4.xdc] for cell 'design_1_i/spi_dc_RnM/U0'
Parsing XDC File [c:/Users/tejasvissapragada/Documents/cs153a/vivado/lab2b_vivado/project_1.gen/sources_1/bd/design_1/ip/design_1_clk_wiz_0_0/design_1_clk_wiz_0_0_board.xdc] for cell 'design_1_i/clk_wiz_0/inst'
Finished Parsing XDC File [c:/Users/tejasvissapragada/Documents/cs153a/vivado/lab2b_vivado/project_1.gen/sources_1/bd/design_1/ip/design_1_clk_wiz_0_0/design_1_clk_wiz_0_0_board.xdc] for cell 'design_1_i/clk_wiz_0/inst'
Parsing XDC File [c:/Users/tejasvissapragada/Documents/cs153a/vivado/lab2b_vivado/project_1.gen/sources_1/bd/design_1/ip/design_1_clk_wiz_0_0/design_1_clk_wiz_0_0.xdc] for cell 'design_1_i/clk_wiz_0/inst'
INFO: [Timing 38-35] Done setting XDC timing constraints. [c:/Users/tejasvissapragada/Documents/cs153a/vivado/lab2b_vivado/project_1.gen/sources_1/bd/design_1/ip/design_1_clk_wiz_0_0/design_1_clk_wiz_0_0.xdc:57]
INFO: [Timing 38-2] Deriving generated clocks [c:/Users/tejasvissapragada/Documents/cs153a/vivado/lab2b_vivado/project_1.gen/sources_1/bd/design_1/ip/design_1_clk_wiz_0_0/design_1_clk_wiz_0_0.xdc:57]
Finished Parsing XDC File [c:/Users/tejasvissapragada/Documents/cs153a/vivado/lab2b_vivado/project_1.gen/sources_1/bd/design_1/ip/design_1_clk_wiz_0_0/design_1_clk_wiz_0_0.xdc] for cell 'design_1_i/clk_wiz_0/inst'
Parsing XDC File [c:/Users/tejasvissapragada/Documents/cs153a/vivado/lab2b_vivado/project_1.gen/sources_1/bd/design_1/ip/design_1_axi_quad_spi_0_0/design_1_axi_quad_spi_0_0_board.xdc] for cell 'design_1_i/spi/U0'
Finished Parsing XDC File [c:/Users/tejasvissapragada/Documents/cs153a/vivado/lab2b_vivado/project_1.gen/sources_1/bd/design_1/ip/design_1_axi_quad_spi_0_0/design_1_axi_quad_spi_0_0_board.xdc] for cell 'design_1_i/spi/U0'
Parsing XDC File [c:/Users/tejasvissapragada/Documents/cs153a/vivado/lab2b_vivado/project_1.gen/sources_1/bd/design_1/ip/design_1_axi_quad_spi_0_0/design_1_axi_quad_spi_0_0.xdc] for cell 'design_1_i/spi/U0'
Finished Parsing XDC File [c:/Users/tejasvissapragada/Documents/cs153a/vivado/lab2b_vivado/project_1.gen/sources_1/bd/design_1/ip/design_1_axi_quad_spi_0_0/design_1_axi_quad_spi_0_0.xdc] for cell 'design_1_i/spi/U0'
Parsing XDC File [C:/Users/tejasvissapragada/Documents/cs153a/vivado/lab2b_vivado/project_1.srcs/constrs_1/imports/lab_files_2024/Nexys4_Handout_2022.xdc]
Finished Parsing XDC File [C:/Users/tejasvissapragada/Documents/cs153a/vivado/lab2b_vivado/project_1.srcs/constrs_1/imports/lab_files_2024/Nexys4_Handout_2022.xdc]
Parsing XDC File [c:/Users/tejasvissapragada/Documents/cs153a/vivado/lab2b_vivado/project_1.gen/sources_1/bd/design_1/ip/design_1_microblaze_0_axi_intc_0/design_1_microblaze_0_axi_intc_0_clocks.xdc] for cell 'design_1_i/microblaze_0_axi_intc/U0'
Finished Parsing XDC File [c:/Users/tejasvissapragada/Documents/cs153a/vivado/lab2b_vivado/project_1.gen/sources_1/bd/design_1/ip/design_1_microblaze_0_axi_intc_0/design_1_microblaze_0_axi_intc_0_clocks.xdc] for cell 'design_1_i/microblaze_0_axi_intc/U0'
Parsing XDC File [c:/Users/tejasvissapragada/Documents/cs153a/vivado/lab2b_vivado/project_1.gen/sources_1/bd/design_1/ip/design_1_mdm_1_0/design_1_mdm_1_0.xdc] for cell 'design_1_i/mdm_1/U0'
Finished Parsing XDC File [c:/Users/tejasvissapragada/Documents/cs153a/vivado/lab2b_vivado/project_1.gen/sources_1/bd/design_1/ip/design_1_mdm_1_0/design_1_mdm_1_0.xdc] for cell 'design_1_i/mdm_1/U0'
Parsing XDC File [c:/Users/tejasvissapragada/Documents/cs153a/vivado/lab2b_vivado/project_1.gen/sources_1/bd/design_1/ip/design_1_axi_quad_spi_0_0/design_1_axi_quad_spi_0_0_clocks.xdc] for cell 'design_1_i/spi/U0'
Finished Parsing XDC File [c:/Users/tejasvissapragada/Documents/cs153a/vivado/lab2b_vivado/project_1.gen/sources_1/bd/design_1/ip/design_1_axi_quad_spi_0_0/design_1_axi_quad_spi_0_0_clocks.xdc] for cell 'design_1_i/spi/U0'
INFO: [Project 1-1714] 61 XPM XDC files have been applied to the design.
INFO: [Opt 31-138] Pushed 0 inverter(s) to 0 load pin(s).
WARNING: [Constraints 18-5572] Instance design_1_i/spi/U0/NO_DUAL_QUAD_MODE.QSPI_NORMAL/IO1_I_REG has IOB constraint set, However, the instance does not seem to have valid I/O connection to be placed into I/O. The constraint on the instance will be ignored.
WARNING: [Constraints 18-5572] Instance design_1_i/spi/U0/NO_DUAL_QUAD_MODE.QSPI_NORMAL/IO0_I_REG has IOB constraint set, However, the instance does not seem to have valid I/O connection to be placed into I/O. The constraint on the instance will be ignored.
Generating merged BMM file for the design top 'design_1_wrapper'...
INFO: [Memdata 28-144] Successfully populated the BRAM INIT strings from the following elf files: c:/Users/tejasvissapragada/Documents/cs153a/vivado/lab2b_vivado/project_1.gen/sources_1/bd/design_1/ip/design_1_microblaze_0_0/data/mb_bootloop_le.elf 
refresh_design: Time (s): cpu = 00:00:19 ; elapsed = 00:00:13 . Memory (MB): peak = 3519.824 ; gain = 2.527
reset_run synth_1
INFO: [Project 1-1161] Replacing file C:/Users/tejasvissapragada/Documents/cs153a/vivado/lab2a_vivado/project_1.srcs/utils_1/imports/synth_1/design_1_wrapper.dcp with file C:/Users/tejasvissapragada/Documents/cs153a/vivado/lab2b_vivado/project_1.runs/synth_1/design_1_wrapper.dcp
WARNING: [Vivado 12-1017] Problems encountered:
1. Failed to delete one or more files in run directory C:/Users/tejasvissapragada/Documents/cs153a/vivado/lab2b_vivado/project_1.runs/synth_1

launch_runs impl_1 -jobs 2
WARNING: [Project 1-478] Design 'synth_1' is stale and will not be used when launching 'impl_1'
[Thu Nov  7 12:20:35 2024] Launched synth_1...
Run output will be captured here: C:/Users/tejasvissapragada/Documents/cs153a/vivado/lab2b_vivado/project_1.runs/synth_1/runme.log
[Thu Nov  7 12:20:35 2024] Launched impl_1...
Run output will be captured here: C:/Users/tejasvissapragada/Documents/cs153a/vivado/lab2b_vivado/project_1.runs/impl_1/runme.log
close_design
launch_runs impl_1 -to_step write_bitstream -jobs 2
[Thu Nov  7 12:28:52 2024] Launched impl_1...
Run output will be captured here: C:/Users/tejasvissapragada/Documents/cs153a/vivado/lab2b_vivado/project_1.runs/impl_1/runme.log
