#-----------------------------------------------------------
# Vivado v2022.1 (64-bit)
# SW Build 3526262 on Mon Apr 18 15:48:16 MDT 2022
# IP Build 3524634 on Mon Apr 18 20:55:01 MDT 2022
# Start of session at: Fri Nov  8 13:44:03 2024
# Process ID: 9120
# Current directory: C:/Users/ranchen/Documents/GitHub/cs153a/vivado/lab2b_vivado
# Command line: vivado.exe -gui_launcher_event rodinguilauncherevent12956 C:\Users\ranchen\Documents\GitHub\cs153a\vivado\lab2b_vivado\project_1.xpr
# Log file: C:/Users/ranchen/Documents/GitHub/cs153a/vivado/lab2b_vivado/vivado.log
# Journal file: C:/Users/ranchen/Documents/GitHub/cs153a/vivado/lab2b_vivado\vivado.jou
# Running On: 556eci19, OS: Windows, CPU Frequency: 3312 MHz, CPU Physical cores: 4, Host memory: 17108 MB
#-----------------------------------------------------------
start_gui
open_project C:/Users/ranchen/Documents/GitHub/cs153a/vivado/lab2b_vivado/project_1.xpr
WARNING: [Board 49-26] cannot add Board Part xilinx.com:vpk120_es:part0:1.2 available at C:/Xilinx/Vivado/2022.1/data/xhub/boards/XilinxBoardStore/boards/Xilinx/vpk120/es/1.2/board.xml as part xcvp1202-vsva2785-2mp-e-s-es1 specified in board_part file is either invalid or not available
WARNING: [Board 49-26] cannot add Board Part xilinx.com:vpk120_es_revb:part0:1.0 available at C:/Xilinx/Vivado/2022.1/data/xhub/boards/XilinxBoardStore/boards/Xilinx/vpk120_revb/es/1.0/board.xml as part xcvp1202-vsva2785-2mp-e-s-es1 specified in board_part file is either invalid or not available
WARNING: [Board 49-26] cannot add Board Part xilinx.com:zcu208ld:part0:2.0 available at C:/Xilinx/Vivado/2022.1/data/xhub/boards/XilinxBoardStore/boards/Xilinx/zcu208ld/production/2.0/board.xml as part xczu58dr-fsvg1517-2-i specified in board_part file is either invalid or not available
WARNING: [Board 49-26] cannot add Board Part xilinx.com:zcu216ld:part0:2.0 available at C:/Xilinx/Vivado/2022.1/data/xhub/boards/XilinxBoardStore/boards/Xilinx/zcu216ld/production/2.0/board.xml as part xczu59dr-ffvf1760-2-i specified in board_part file is either invalid or not available
WARNING: [Board 49-26] cannot add Board Part xilinx.com:zcu670:part0:2.0 available at C:/Xilinx/Vivado/2022.1/data/xhub/boards/XilinxBoardStore/boards/Xilinx/zcu670/2.0/board.xml as part xczu67dr-fsve1156-2-i specified in board_part file is either invalid or not available
WARNING: [Board 49-26] cannot add Board Part xilinx.com:zcu670ld:part0:1.0 available at C:/Xilinx/Vivado/2022.1/data/xhub/boards/XilinxBoardStore/boards/Xilinx/zcu670ld/1.0/board.xml as part xczu57dr-fsve1156-2-i specified in board_part file is either invalid or not available
INFO: [Project 1-313] Project file moved from 'C:/Users/tejasvissapragada/Documents/cs153a/vivado/lab2b_vivado' since last save.
WARNING: [filemgmt 56-2] IP Repository Path: Could not find the directory 'C:/Users/ranchen/Documents/GitHub/cs153a/vivado/Downloads/lab_files_2024/lab_files_2024/vivado/seven/ip_repo', nor could it be found using path 'C:/Users/tejasvissapragada/Documents/cs153a/vivado/Downloads/lab_files_2024/lab_files_2024/vivado/seven/ip_repo'.
Scanning sources...
Finished scanning sources
INFO: [Project 1-1877] Auto incremental dir location 'C:/Users/tejasvissapragada/Documents/cs153a/vivado/lab2a_vivado/project_1.srcs/utils_1/imports/design_1_mig_7series_0_0_synth_1' of run 'design_1_mig_7series_0_0_synth_1' is not writable, setting it to default location 'C:/Users/ranchen/Documents/GitHub/cs153a/vivado/lab2b_vivado/project_1.srcs/utils_1/imports/design_1_mig_7series_0_0_synth_1'.
INFO: [Project 1-1877] Auto incremental dir location 'C:/Users/tejasvissapragada/Documents/cs153a/vivado/lab2a_vivado/project_1.srcs/utils_1/imports/design_1_mig_7series_0_0_synth_1' of run 'design_1_mig_7series_0_0_synth_1' is not writable, setting it to default location 'C:/Users/ranchen/Documents/GitHub/cs153a/vivado/lab2b_vivado/project_1.srcs/utils_1/imports/design_1_mig_7series_0_0_synth_1'.
INFO: [Project 1-1877] Auto incremental dir location 'C:/Users/tejasvissapragada/Documents/cs153a/vivado/lab2a_vivado/project_1.srcs/utils_1/imports/design_1_microblaze_0_0_synth_1' of run 'design_1_microblaze_0_0_synth_1' is not writable, setting it to default location 'C:/Users/ranchen/Documents/GitHub/cs153a/vivado/lab2b_vivado/project_1.srcs/utils_1/imports/design_1_microblaze_0_0_synth_1'.
INFO: [Project 1-1877] Auto incremental dir location 'C:/Users/tejasvissapragada/Documents/cs153a/vivado/lab2a_vivado/project_1.srcs/utils_1/imports/design_1_microblaze_0_0_synth_1' of run 'design_1_microblaze_0_0_synth_1' is not writable, setting it to default location 'C:/Users/ranchen/Documents/GitHub/cs153a/vivado/lab2b_vivado/project_1.srcs/utils_1/imports/design_1_microblaze_0_0_synth_1'.
INFO: [Project 1-1877] Auto incremental dir location 'C:/Users/tejasvissapragada/Documents/cs153a/vivado/lab2a_vivado/project_1.srcs/utils_1/imports/design_1_dlmb_v10_0_synth_1' of run 'design_1_dlmb_v10_0_synth_1' is not writable, setting it to default location 'C:/Users/ranchen/Documents/GitHub/cs153a/vivado/lab2b_vivado/project_1.srcs/utils_1/imports/design_1_dlmb_v10_0_synth_1'.
INFO: [Project 1-1877] Auto incremental dir location 'C:/Users/tejasvissapragada/Documents/cs153a/vivado/lab2a_vivado/project_1.srcs/utils_1/imports/design_1_dlmb_v10_0_synth_1' of run 'design_1_dlmb_v10_0_synth_1' is not writable, setting it to default location 'C:/Users/ranchen/Documents/GitHub/cs153a/vivado/lab2b_vivado/project_1.srcs/utils_1/imports/design_1_dlmb_v10_0_synth_1'.
INFO: [Project 1-1877] Auto incremental dir location 'C:/Users/tejasvissapragada/Documents/cs153a/vivado/lab2a_vivado/project_1.srcs/utils_1/imports/design_1_ilmb_v10_0_synth_1' of run 'design_1_ilmb_v10_0_synth_1' is not writable, setting it to default location 'C:/Users/ranchen/Documents/GitHub/cs153a/vivado/lab2b_vivado/project_1.srcs/utils_1/imports/design_1_ilmb_v10_0_synth_1'.
INFO: [Project 1-1877] Auto incremental dir location 'C:/Users/tejasvissapragada/Documents/cs153a/vivado/lab2a_vivado/project_1.srcs/utils_1/imports/design_1_ilmb_v10_0_synth_1' of run 'design_1_ilmb_v10_0_synth_1' is not writable, setting it to default location 'C:/Users/ranchen/Documents/GitHub/cs153a/vivado/lab2b_vivado/project_1.srcs/utils_1/imports/design_1_ilmb_v10_0_synth_1'.
INFO: [Project 1-1877] Auto incremental dir location 'C:/Users/tejasvissapragada/Documents/cs153a/vivado/lab2a_vivado/project_1.srcs/utils_1/imports/design_1_dlmb_bram_if_cntlr_0_synth_1' of run 'design_1_dlmb_bram_if_cntlr_0_synth_1' is not writable, setting it to default location 'C:/Users/ranchen/Documents/GitHub/cs153a/vivado/lab2b_vivado/project_1.srcs/utils_1/imports/design_1_dlmb_bram_if_cntlr_0_synth_1'.
INFO: [Project 1-1877] Auto incremental dir location 'C:/Users/tejasvissapragada/Documents/cs153a/vivado/lab2a_vivado/project_1.srcs/utils_1/imports/design_1_dlmb_bram_if_cntlr_0_synth_1' of run 'design_1_dlmb_bram_if_cntlr_0_synth_1' is not writable, setting it to default location 'C:/Users/ranchen/Documents/GitHub/cs153a/vivado/lab2b_vivado/project_1.srcs/utils_1/imports/design_1_dlmb_bram_if_cntlr_0_synth_1'.
INFO: [Project 1-1877] Auto incremental dir location 'C:/Users/tejasvissapragada/Documents/cs153a/vivado/lab2a_vivado/project_1.srcs/utils_1/imports/design_1_ilmb_bram_if_cntlr_0_synth_1' of run 'design_1_ilmb_bram_if_cntlr_0_synth_1' is not writable, setting it to default location 'C:/Users/ranchen/Documents/GitHub/cs153a/vivado/lab2b_vivado/project_1.srcs/utils_1/imports/design_1_ilmb_bram_if_cntlr_0_synth_1'.
INFO: [Project 1-1877] Auto incremental dir location 'C:/Users/tejasvissapragada/Documents/cs153a/vivado/lab2a_vivado/project_1.srcs/utils_1/imports/design_1_ilmb_bram_if_cntlr_0_synth_1' of run 'design_1_ilmb_bram_if_cntlr_0_synth_1' is not writable, setting it to default location 'C:/Users/ranchen/Documents/GitHub/cs153a/vivado/lab2b_vivado/project_1.srcs/utils_1/imports/design_1_ilmb_bram_if_cntlr_0_synth_1'.
INFO: [Project 1-1877] Auto incremental dir location 'C:/Users/tejasvissapragada/Documents/cs153a/vivado/lab2a_vivado/project_1.srcs/utils_1/imports/design_1_lmb_bram_0_synth_1' of run 'design_1_lmb_bram_0_synth_1' is not writable, setting it to default location 'C:/Users/ranchen/Documents/GitHub/cs153a/vivado/lab2b_vivado/project_1.srcs/utils_1/imports/design_1_lmb_bram_0_synth_1'.
INFO: [Project 1-1877] Auto incremental dir location 'C:/Users/tejasvissapragada/Documents/cs153a/vivado/lab2a_vivado/project_1.srcs/utils_1/imports/design_1_lmb_bram_0_synth_1' of run 'design_1_lmb_bram_0_synth_1' is not writable, setting it to default location 'C:/Users/ranchen/Documents/GitHub/cs153a/vivado/lab2b_vivado/project_1.srcs/utils_1/imports/design_1_lmb_bram_0_synth_1'.
INFO: [Project 1-1877] Auto incremental dir location 'C:/Users/tejasvissapragada/Documents/cs153a/vivado/lab2a_vivado/project_1.srcs/utils_1/imports/design_1_xbar_0_synth_1' of run 'design_1_xbar_0_synth_1' is not writable, setting it to default location 'C:/Users/ranchen/Documents/GitHub/cs153a/vivado/lab2b_vivado/project_1.srcs/utils_1/imports/design_1_xbar_0_synth_1'.
INFO: [Project 1-1877] Auto incremental dir location 'C:/Users/tejasvissapragada/Documents/cs153a/vivado/lab2a_vivado/project_1.srcs/utils_1/imports/design_1_xbar_0_synth_1' of run 'design_1_xbar_0_synth_1' is not writable, setting it to default location 'C:/Users/ranchen/Documents/GitHub/cs153a/vivado/lab2b_vivado/project_1.srcs/utils_1/imports/design_1_xbar_0_synth_1'.
INFO: [Project 1-1877] Auto incremental dir location 'C:/Users/tejasvissapragada/Documents/cs153a/vivado/lab2a_vivado/project_1.srcs/utils_1/imports/design_1_microblaze_0_axi_intc_0_synth_1' of run 'design_1_microblaze_0_axi_intc_0_synth_1' is not writable, setting it to default location 'C:/Users/ranchen/Documents/GitHub/cs153a/vivado/lab2b_vivado/project_1.srcs/utils_1/imports/design_1_microblaze_0_axi_intc_0_synth_1'.
INFO: [Project 1-1877] Auto incremental dir location 'C:/Users/tejasvissapragada/Documents/cs153a/vivado/lab2a_vivado/project_1.srcs/utils_1/imports/design_1_microblaze_0_axi_intc_0_synth_1' of run 'design_1_microblaze_0_axi_intc_0_synth_1' is not writable, setting it to default location 'C:/Users/ranchen/Documents/GitHub/cs153a/vivado/lab2b_vivado/project_1.srcs/utils_1/imports/design_1_microblaze_0_axi_intc_0_synth_1'.
INFO: [Project 1-1877] Auto incremental dir location 'C:/Users/tejasvissapragada/Documents/cs153a/vivado/lab2a_vivado/project_1.srcs/utils_1/imports/design_1_mdm_1_0_synth_1' of run 'design_1_mdm_1_0_synth_1' is not writable, setting it to default location 'C:/Users/ranchen/Documents/GitHub/cs153a/vivado/lab2b_vivado/project_1.srcs/utils_1/imports/design_1_mdm_1_0_synth_1'.
INFO: [Project 1-1877] Auto incremental dir location 'C:/Users/tejasvissapragada/Documents/cs153a/vivado/lab2a_vivado/project_1.srcs/utils_1/imports/design_1_mdm_1_0_synth_1' of run 'design_1_mdm_1_0_synth_1' is not writable, setting it to default location 'C:/Users/ranchen/Documents/GitHub/cs153a/vivado/lab2b_vivado/project_1.srcs/utils_1/imports/design_1_mdm_1_0_synth_1'.
INFO: [Project 1-1877] Auto incremental dir location 'C:/Users/tejasvissapragada/Documents/cs153a/vivado/lab2a_vivado/project_1.srcs/utils_1/imports/design_1_rst_mig_7series_0_100M_0_synth_1' of run 'design_1_rst_mig_7series_0_100M_0_synth_1' is not writable, setting it to default location 'C:/Users/ranchen/Documents/GitHub/cs153a/vivado/lab2b_vivado/project_1.srcs/utils_1/imports/design_1_rst_mig_7series_0_100M_0_synth_1'.
INFO: [Project 1-1877] Auto incremental dir location 'C:/Users/tejasvissapragada/Documents/cs153a/vivado/lab2a_vivado/project_1.srcs/utils_1/imports/design_1_rst_mig_7series_0_100M_0_synth_1' of run 'design_1_rst_mig_7series_0_100M_0_synth_1' is not writable, setting it to default location 'C:/Users/ranchen/Documents/GitHub/cs153a/vivado/lab2b_vivado/project_1.srcs/utils_1/imports/design_1_rst_mig_7series_0_100M_0_synth_1'.
INFO: [Project 1-1877] Auto incremental dir location 'C:/Users/tejasvissapragada/Documents/cs153a/vivado/lab2a_vivado/project_1.srcs/utils_1/imports/design_1_axi_timer_0_0_synth_1' of run 'design_1_axi_timer_0_0_synth_1' is not writable, setting it to default location 'C:/Users/ranchen/Documents/GitHub/cs153a/vivado/lab2b_vivado/project_1.srcs/utils_1/imports/design_1_axi_timer_0_0_synth_1'.
INFO: [Project 1-1877] Auto incremental dir location 'C:/Users/tejasvissapragada/Documents/cs153a/vivado/lab2a_vivado/project_1.srcs/utils_1/imports/design_1_axi_timer_0_0_synth_1' of run 'design_1_axi_timer_0_0_synth_1' is not writable, setting it to default location 'C:/Users/ranchen/Documents/GitHub/cs153a/vivado/lab2b_vivado/project_1.srcs/utils_1/imports/design_1_axi_timer_0_0_synth_1'.
INFO: [Project 1-1877] Auto incremental dir location 'C:/Users/tejasvissapragada/Documents/cs153a/vivado/lab2a_vivado/project_1.srcs/utils_1/imports/design_1_axi_timer_1_0_synth_1' of run 'design_1_axi_timer_1_0_synth_1' is not writable, setting it to default location 'C:/Users/ranchen/Documents/GitHub/cs153a/vivado/lab2b_vivado/project_1.srcs/utils_1/imports/design_1_axi_timer_1_0_synth_1'.
INFO: [Project 1-1877] Auto incremental dir location 'C:/Users/tejasvissapragada/Documents/cs153a/vivado/lab2a_vivado/project_1.srcs/utils_1/imports/design_1_axi_timer_1_0_synth_1' of run 'design_1_axi_timer_1_0_synth_1' is not writable, setting it to default location 'C:/Users/ranchen/Documents/GitHub/cs153a/vivado/lab2b_vivado/project_1.srcs/utils_1/imports/design_1_axi_timer_1_0_synth_1'.
INFO: [Project 1-1877] Auto incremental dir location 'C:/Users/tejasvissapragada/Documents/cs153a/vivado/lab2a_vivado/project_1.srcs/utils_1/imports/design_1_axi_gpio_0_0_synth_1' of run 'design_1_axi_gpio_0_0_synth_1' is not writable, setting it to default location 'C:/Users/ranchen/Documents/GitHub/cs153a/vivado/lab2b_vivado/project_1.srcs/utils_1/imports/design_1_axi_gpio_0_0_synth_1'.
INFO: [Project 1-1877] Auto incremental dir location 'C:/Users/tejasvissapragada/Documents/cs153a/vivado/lab2a_vivado/project_1.srcs/utils_1/imports/design_1_axi_gpio_0_0_synth_1' of run 'design_1_axi_gpio_0_0_synth_1' is not writable, setting it to default location 'C:/Users/ranchen/Documents/GitHub/cs153a/vivado/lab2b_vivado/project_1.srcs/utils_1/imports/design_1_axi_gpio_0_0_synth_1'.
INFO: [Project 1-1877] Auto incremental dir location 'C:/Users/tejasvissapragada/Documents/cs153a/vivado/lab2a_vivado/project_1.srcs/utils_1/imports/design_1_axi_gpio_0_1_synth_1' of run 'design_1_axi_gpio_0_1_synth_1' is not writable, setting it to default location 'C:/Users/ranchen/Documents/GitHub/cs153a/vivado/lab2b_vivado/project_1.srcs/utils_1/imports/design_1_axi_gpio_0_1_synth_1'.
INFO: [Project 1-1877] Auto incremental dir location 'C:/Users/tejasvissapragada/Documents/cs153a/vivado/lab2a_vivado/project_1.srcs/utils_1/imports/design_1_axi_gpio_0_1_synth_1' of run 'design_1_axi_gpio_0_1_synth_1' is not writable, setting it to default location 'C:/Users/ranchen/Documents/GitHub/cs153a/vivado/lab2b_vivado/project_1.srcs/utils_1/imports/design_1_axi_gpio_0_1_synth_1'.
INFO: [Project 1-1877] Auto incremental dir location 'C:/Users/tejasvissapragada/Documents/cs153a/vivado/lab2a_vivado/project_1.srcs/utils_1/imports/design_1_axi_gpio_0_2_synth_1' of run 'design_1_axi_gpio_0_2_synth_1' is not writable, setting it to default location 'C:/Users/ranchen/Documents/GitHub/cs153a/vivado/lab2b_vivado/project_1.srcs/utils_1/imports/design_1_axi_gpio_0_2_synth_1'.
INFO: [Project 1-1877] Auto incremental dir location 'C:/Users/tejasvissapragada/Documents/cs153a/vivado/lab2a_vivado/project_1.srcs/utils_1/imports/design_1_axi_gpio_0_2_synth_1' of run 'design_1_axi_gpio_0_2_synth_1' is not writable, setting it to default location 'C:/Users/ranchen/Documents/GitHub/cs153a/vivado/lab2b_vivado/project_1.srcs/utils_1/imports/design_1_axi_gpio_0_2_synth_1'.
INFO: [Project 1-1877] Auto incremental dir location 'C:/Users/tejasvissapragada/Documents/cs153a/vivado/lab2a_vivado/project_1.srcs/utils_1/imports/design_1_axi_gpio_0_3_synth_1' of run 'design_1_axi_gpio_0_3_synth_1' is not writable, setting it to default location 'C:/Users/ranchen/Documents/GitHub/cs153a/vivado/lab2b_vivado/project_1.srcs/utils_1/imports/design_1_axi_gpio_0_3_synth_1'.
INFO: [Project 1-1877] Auto incremental dir location 'C:/Users/tejasvissapragada/Documents/cs153a/vivado/lab2a_vivado/project_1.srcs/utils_1/imports/design_1_axi_gpio_0_3_synth_1' of run 'design_1_axi_gpio_0_3_synth_1' is not writable, setting it to default location 'C:/Users/ranchen/Documents/GitHub/cs153a/vivado/lab2b_vivado/project_1.srcs/utils_1/imports/design_1_axi_gpio_0_3_synth_1'.
INFO: [Project 1-1877] Auto incremental dir location 'C:/Users/tejasvissapragada/Documents/cs153a/vivado/lab2b_vivado/project_1.srcs/utils_1/imports/design_1_clk_wiz_0_0_synth_1' of run 'design_1_clk_wiz_0_0_synth_1' is not writable, setting it to default location 'C:/Users/ranchen/Documents/GitHub/cs153a/vivado/lab2b_vivado/project_1.srcs/utils_1/imports/design_1_clk_wiz_0_0_synth_1'.
INFO: [Project 1-1877] Auto incremental dir location 'C:/Users/tejasvissapragada/Documents/cs153a/vivado/lab2b_vivado/project_1.srcs/utils_1/imports/design_1_clk_wiz_0_0_synth_1' of run 'design_1_clk_wiz_0_0_synth_1' is not writable, setting it to default location 'C:/Users/ranchen/Documents/GitHub/cs153a/vivado/lab2b_vivado/project_1.srcs/utils_1/imports/design_1_clk_wiz_0_0_synth_1'.
INFO: [Project 1-1877] Auto incremental dir location 'C:/Users/tejasvissapragada/Documents/cs153a/vivado/lab2b_vivado/project_1.srcs/utils_1/imports/design_1_axi_gpio_0_4_synth_1' of run 'design_1_axi_gpio_0_4_synth_1' is not writable, setting it to default location 'C:/Users/ranchen/Documents/GitHub/cs153a/vivado/lab2b_vivado/project_1.srcs/utils_1/imports/design_1_axi_gpio_0_4_synth_1'.
INFO: [Project 1-1877] Auto incremental dir location 'C:/Users/tejasvissapragada/Documents/cs153a/vivado/lab2b_vivado/project_1.srcs/utils_1/imports/design_1_axi_gpio_0_4_synth_1' of run 'design_1_axi_gpio_0_4_synth_1' is not writable, setting it to default location 'C:/Users/ranchen/Documents/GitHub/cs153a/vivado/lab2b_vivado/project_1.srcs/utils_1/imports/design_1_axi_gpio_0_4_synth_1'.
INFO: [Project 1-1877] Auto incremental dir location 'C:/Users/tejasvissapragada/Documents/cs153a/vivado/lab2b_vivado/project_1.srcs/utils_1/imports/design_1_axi_quad_spi_0_0_synth_1' of run 'design_1_axi_quad_spi_0_0_synth_1' is not writable, setting it to default location 'C:/Users/ranchen/Documents/GitHub/cs153a/vivado/lab2b_vivado/project_1.srcs/utils_1/imports/design_1_axi_quad_spi_0_0_synth_1'.
INFO: [Project 1-1877] Auto incremental dir location 'C:/Users/tejasvissapragada/Documents/cs153a/vivado/lab2b_vivado/project_1.srcs/utils_1/imports/design_1_axi_quad_spi_0_0_synth_1' of run 'design_1_axi_quad_spi_0_0_synth_1' is not writable, setting it to default location 'C:/Users/ranchen/Documents/GitHub/cs153a/vivado/lab2b_vivado/project_1.srcs/utils_1/imports/design_1_axi_quad_spi_0_0_synth_1'.
INFO: [Project 1-1877] Auto incremental dir location 'C:/Users/tejasvissapragada/Documents/cs153a/vivado/lab2a_vivado/project_1.srcs/utils_1/imports/impl_1' of run 'impl_1' is not writable, setting it to default location 'C:/Users/ranchen/Documents/GitHub/cs153a/vivado/lab2b_vivado/project_1.srcs/utils_1/imports/impl_1'.
INFO: [Project 1-1877] Auto incremental dir location 'C:/Users/tejasvissapragada/Documents/cs153a/vivado/lab2a_vivado/project_1.srcs/utils_1/imports/impl_1' of run 'impl_1' is not writable, setting it to default location 'C:/Users/ranchen/Documents/GitHub/cs153a/vivado/lab2b_vivado/project_1.srcs/utils_1/imports/impl_1'.
INFO: [Project 1-1877] Auto incremental dir location 'C:/Users/tejasvissapragada/Documents/cs153a/vivado/lab2a_vivado/project_1.srcs/utils_1/imports/design_1_mig_7series_0_0_impl_1' of run 'design_1_mig_7series_0_0_impl_1' is not writable, setting it to default location 'C:/Users/ranchen/Documents/GitHub/cs153a/vivado/lab2b_vivado/project_1.srcs/utils_1/imports/design_1_mig_7series_0_0_impl_1'.
INFO: [Project 1-1877] Auto incremental dir location 'C:/Users/tejasvissapragada/Documents/cs153a/vivado/lab2a_vivado/project_1.srcs/utils_1/imports/design_1_mig_7series_0_0_impl_1' of run 'design_1_mig_7series_0_0_impl_1' is not writable, setting it to default location 'C:/Users/ranchen/Documents/GitHub/cs153a/vivado/lab2b_vivado/project_1.srcs/utils_1/imports/design_1_mig_7series_0_0_impl_1'.
INFO: [Project 1-1877] Auto incremental dir location 'C:/Users/tejasvissapragada/Documents/cs153a/vivado/lab2a_vivado/project_1.srcs/utils_1/imports/design_1_microblaze_0_0_impl_1' of run 'design_1_microblaze_0_0_impl_1' is not writable, setting it to default location 'C:/Users/ranchen/Documents/GitHub/cs153a/vivado/lab2b_vivado/project_1.srcs/utils_1/imports/design_1_microblaze_0_0_impl_1'.
INFO: [Project 1-1877] Auto incremental dir location 'C:/Users/tejasvissapragada/Documents/cs153a/vivado/lab2a_vivado/project_1.srcs/utils_1/imports/design_1_microblaze_0_0_impl_1' of run 'design_1_microblaze_0_0_impl_1' is not writable, setting it to default location 'C:/Users/ranchen/Documents/GitHub/cs153a/vivado/lab2b_vivado/project_1.srcs/utils_1/imports/design_1_microblaze_0_0_impl_1'.
INFO: [Project 1-1877] Auto incremental dir location 'C:/Users/tejasvissapragada/Documents/cs153a/vivado/lab2a_vivado/project_1.srcs/utils_1/imports/design_1_dlmb_v10_0_impl_1' of run 'design_1_dlmb_v10_0_impl_1' is not writable, setting it to default location 'C:/Users/ranchen/Documents/GitHub/cs153a/vivado/lab2b_vivado/project_1.srcs/utils_1/imports/design_1_dlmb_v10_0_impl_1'.
INFO: [Project 1-1877] Auto incremental dir location 'C:/Users/tejasvissapragada/Documents/cs153a/vivado/lab2a_vivado/project_1.srcs/utils_1/imports/design_1_dlmb_v10_0_impl_1' of run 'design_1_dlmb_v10_0_impl_1' is not writable, setting it to default location 'C:/Users/ranchen/Documents/GitHub/cs153a/vivado/lab2b_vivado/project_1.srcs/utils_1/imports/design_1_dlmb_v10_0_impl_1'.
INFO: [Project 1-1877] Auto incremental dir location 'C:/Users/tejasvissapragada/Documents/cs153a/vivado/lab2a_vivado/project_1.srcs/utils_1/imports/design_1_ilmb_v10_0_impl_1' of run 'design_1_ilmb_v10_0_impl_1' is not writable, setting it to default location 'C:/Users/ranchen/Documents/GitHub/cs153a/vivado/lab2b_vivado/project_1.srcs/utils_1/imports/design_1_ilmb_v10_0_impl_1'.
INFO: [Project 1-1877] Auto incremental dir location 'C:/Users/tejasvissapragada/Documents/cs153a/vivado/lab2a_vivado/project_1.srcs/utils_1/imports/design_1_ilmb_v10_0_impl_1' of run 'design_1_ilmb_v10_0_impl_1' is not writable, setting it to default location 'C:/Users/ranchen/Documents/GitHub/cs153a/vivado/lab2b_vivado/project_1.srcs/utils_1/imports/design_1_ilmb_v10_0_impl_1'.
INFO: [Project 1-1877] Auto incremental dir location 'C:/Users/tejasvissapragada/Documents/cs153a/vivado/lab2a_vivado/project_1.srcs/utils_1/imports/design_1_dlmb_bram_if_cntlr_0_impl_1' of run 'design_1_dlmb_bram_if_cntlr_0_impl_1' is not writable, setting it to default location 'C:/Users/ranchen/Documents/GitHub/cs153a/vivado/lab2b_vivado/project_1.srcs/utils_1/imports/design_1_dlmb_bram_if_cntlr_0_impl_1'.
INFO: [Project 1-1877] Auto incremental dir location 'C:/Users/tejasvissapragada/Documents/cs153a/vivado/lab2a_vivado/project_1.srcs/utils_1/imports/design_1_dlmb_bram_if_cntlr_0_impl_1' of run 'design_1_dlmb_bram_if_cntlr_0_impl_1' is not writable, setting it to default location 'C:/Users/ranchen/Documents/GitHub/cs153a/vivado/lab2b_vivado/project_1.srcs/utils_1/imports/design_1_dlmb_bram_if_cntlr_0_impl_1'.
INFO: [Project 1-1877] Auto incremental dir location 'C:/Users/tejasvissapragada/Documents/cs153a/vivado/lab2a_vivado/project_1.srcs/utils_1/imports/design_1_ilmb_bram_if_cntlr_0_impl_1' of run 'design_1_ilmb_bram_if_cntlr_0_impl_1' is not writable, setting it to default location 'C:/Users/ranchen/Documents/GitHub/cs153a/vivado/lab2b_vivado/project_1.srcs/utils_1/imports/design_1_ilmb_bram_if_cntlr_0_impl_1'.
INFO: [Project 1-1877] Auto incremental dir location 'C:/Users/tejasvissapragada/Documents/cs153a/vivado/lab2a_vivado/project_1.srcs/utils_1/imports/design_1_ilmb_bram_if_cntlr_0_impl_1' of run 'design_1_ilmb_bram_if_cntlr_0_impl_1' is not writable, setting it to default location 'C:/Users/ranchen/Documents/GitHub/cs153a/vivado/lab2b_vivado/project_1.srcs/utils_1/imports/design_1_ilmb_bram_if_cntlr_0_impl_1'.
INFO: [Project 1-1877] Auto incremental dir location 'C:/Users/tejasvissapragada/Documents/cs153a/vivado/lab2a_vivado/project_1.srcs/utils_1/imports/design_1_lmb_bram_0_impl_1' of run 'design_1_lmb_bram_0_impl_1' is not writable, setting it to default location 'C:/Users/ranchen/Documents/GitHub/cs153a/vivado/lab2b_vivado/project_1.srcs/utils_1/imports/design_1_lmb_bram_0_impl_1'.
INFO: [Project 1-1877] Auto incremental dir location 'C:/Users/tejasvissapragada/Documents/cs153a/vivado/lab2a_vivado/project_1.srcs/utils_1/imports/design_1_lmb_bram_0_impl_1' of run 'design_1_lmb_bram_0_impl_1' is not writable, setting it to default location 'C:/Users/ranchen/Documents/GitHub/cs153a/vivado/lab2b_vivado/project_1.srcs/utils_1/imports/design_1_lmb_bram_0_impl_1'.
INFO: [Project 1-1877] Auto incremental dir location 'C:/Users/tejasvissapragada/Documents/cs153a/vivado/lab2a_vivado/project_1.srcs/utils_1/imports/design_1_xbar_0_impl_1' of run 'design_1_xbar_0_impl_1' is not writable, setting it to default location 'C:/Users/ranchen/Documents/GitHub/cs153a/vivado/lab2b_vivado/project_1.srcs/utils_1/imports/design_1_xbar_0_impl_1'.
INFO: [Project 1-1877] Auto incremental dir location 'C:/Users/tejasvissapragada/Documents/cs153a/vivado/lab2a_vivado/project_1.srcs/utils_1/imports/design_1_xbar_0_impl_1' of run 'design_1_xbar_0_impl_1' is not writable, setting it to default location 'C:/Users/ranchen/Documents/GitHub/cs153a/vivado/lab2b_vivado/project_1.srcs/utils_1/imports/design_1_xbar_0_impl_1'.
INFO: [Project 1-1877] Auto incremental dir location 'C:/Users/tejasvissapragada/Documents/cs153a/vivado/lab2a_vivado/project_1.srcs/utils_1/imports/design_1_microblaze_0_axi_intc_0_impl_1' of run 'design_1_microblaze_0_axi_intc_0_impl_1' is not writable, setting it to default location 'C:/Users/ranchen/Documents/GitHub/cs153a/vivado/lab2b_vivado/project_1.srcs/utils_1/imports/design_1_microblaze_0_axi_intc_0_impl_1'.
INFO: [Project 1-1877] Auto incremental dir location 'C:/Users/tejasvissapragada/Documents/cs153a/vivado/lab2a_vivado/project_1.srcs/utils_1/imports/design_1_microblaze_0_axi_intc_0_impl_1' of run 'design_1_microblaze_0_axi_intc_0_impl_1' is not writable, setting it to default location 'C:/Users/ranchen/Documents/GitHub/cs153a/vivado/lab2b_vivado/project_1.srcs/utils_1/imports/design_1_microblaze_0_axi_intc_0_impl_1'.
INFO: [Project 1-1877] Auto incremental dir location 'C:/Users/tejasvissapragada/Documents/cs153a/vivado/lab2a_vivado/project_1.srcs/utils_1/imports/design_1_mdm_1_0_impl_1' of run 'design_1_mdm_1_0_impl_1' is not writable, setting it to default location 'C:/Users/ranchen/Documents/GitHub/cs153a/vivado/lab2b_vivado/project_1.srcs/utils_1/imports/design_1_mdm_1_0_impl_1'.
INFO: [Project 1-1877] Auto incremental dir location 'C:/Users/tejasvissapragada/Documents/cs153a/vivado/lab2a_vivado/project_1.srcs/utils_1/imports/design_1_mdm_1_0_impl_1' of run 'design_1_mdm_1_0_impl_1' is not writable, setting it to default location 'C:/Users/ranchen/Documents/GitHub/cs153a/vivado/lab2b_vivado/project_1.srcs/utils_1/imports/design_1_mdm_1_0_impl_1'.
INFO: [Project 1-1877] Auto incremental dir location 'C:/Users/tejasvissapragada/Documents/cs153a/vivado/lab2a_vivado/project_1.srcs/utils_1/imports/design_1_rst_mig_7series_0_100M_0_impl_1' of run 'design_1_rst_mig_7series_0_100M_0_impl_1' is not writable, setting it to default location 'C:/Users/ranchen/Documents/GitHub/cs153a/vivado/lab2b_vivado/project_1.srcs/utils_1/imports/design_1_rst_mig_7series_0_100M_0_impl_1'.
INFO: [Project 1-1877] Auto incremental dir location 'C:/Users/tejasvissapragada/Documents/cs153a/vivado/lab2a_vivado/project_1.srcs/utils_1/imports/design_1_rst_mig_7series_0_100M_0_impl_1' of run 'design_1_rst_mig_7series_0_100M_0_impl_1' is not writable, setting it to default location 'C:/Users/ranchen/Documents/GitHub/cs153a/vivado/lab2b_vivado/project_1.srcs/utils_1/imports/design_1_rst_mig_7series_0_100M_0_impl_1'.
INFO: [Project 1-1877] Auto incremental dir location 'C:/Users/tejasvissapragada/Documents/cs153a/vivado/lab2a_vivado/project_1.srcs/utils_1/imports/design_1_axi_timer_0_0_impl_1' of run 'design_1_axi_timer_0_0_impl_1' is not writable, setting it to default location 'C:/Users/ranchen/Documents/GitHub/cs153a/vivado/lab2b_vivado/project_1.srcs/utils_1/imports/design_1_axi_timer_0_0_impl_1'.
INFO: [Project 1-1877] Auto incremental dir location 'C:/Users/tejasvissapragada/Documents/cs153a/vivado/lab2a_vivado/project_1.srcs/utils_1/imports/design_1_axi_timer_0_0_impl_1' of run 'design_1_axi_timer_0_0_impl_1' is not writable, setting it to default location 'C:/Users/ranchen/Documents/GitHub/cs153a/vivado/lab2b_vivado/project_1.srcs/utils_1/imports/design_1_axi_timer_0_0_impl_1'.
INFO: [Project 1-1877] Auto incremental dir location 'C:/Users/tejasvissapragada/Documents/cs153a/vivado/lab2a_vivado/project_1.srcs/utils_1/imports/design_1_axi_timer_1_0_impl_1' of run 'design_1_axi_timer_1_0_impl_1' is not writable, setting it to default location 'C:/Users/ranchen/Documents/GitHub/cs153a/vivado/lab2b_vivado/project_1.srcs/utils_1/imports/design_1_axi_timer_1_0_impl_1'.
INFO: [Project 1-1877] Auto incremental dir location 'C:/Users/tejasvissapragada/Documents/cs153a/vivado/lab2a_vivado/project_1.srcs/utils_1/imports/design_1_axi_timer_1_0_impl_1' of run 'design_1_axi_timer_1_0_impl_1' is not writable, setting it to default location 'C:/Users/ranchen/Documents/GitHub/cs153a/vivado/lab2b_vivado/project_1.srcs/utils_1/imports/design_1_axi_timer_1_0_impl_1'.
INFO: [Project 1-1877] Auto incremental dir location 'C:/Users/tejasvissapragada/Documents/cs153a/vivado/lab2a_vivado/project_1.srcs/utils_1/imports/design_1_axi_gpio_0_0_impl_1' of run 'design_1_axi_gpio_0_0_impl_1' is not writable, setting it to default location 'C:/Users/ranchen/Documents/GitHub/cs153a/vivado/lab2b_vivado/project_1.srcs/utils_1/imports/design_1_axi_gpio_0_0_impl_1'.
INFO: [Project 1-1877] Auto incremental dir location 'C:/Users/tejasvissapragada/Documents/cs153a/vivado/lab2a_vivado/project_1.srcs/utils_1/imports/design_1_axi_gpio_0_0_impl_1' of run 'design_1_axi_gpio_0_0_impl_1' is not writable, setting it to default location 'C:/Users/ranchen/Documents/GitHub/cs153a/vivado/lab2b_vivado/project_1.srcs/utils_1/imports/design_1_axi_gpio_0_0_impl_1'.
INFO: [Project 1-1877] Auto incremental dir location 'C:/Users/tejasvissapragada/Documents/cs153a/vivado/lab2a_vivado/project_1.srcs/utils_1/imports/design_1_axi_gpio_0_1_impl_1' of run 'design_1_axi_gpio_0_1_impl_1' is not writable, setting it to default location 'C:/Users/ranchen/Documents/GitHub/cs153a/vivado/lab2b_vivado/project_1.srcs/utils_1/imports/design_1_axi_gpio_0_1_impl_1'.
INFO: [Project 1-1877] Auto incremental dir location 'C:/Users/tejasvissapragada/Documents/cs153a/vivado/lab2a_vivado/project_1.srcs/utils_1/imports/design_1_axi_gpio_0_1_impl_1' of run 'design_1_axi_gpio_0_1_impl_1' is not writable, setting it to default location 'C:/Users/ranchen/Documents/GitHub/cs153a/vivado/lab2b_vivado/project_1.srcs/utils_1/imports/design_1_axi_gpio_0_1_impl_1'.
INFO: [Project 1-1877] Auto incremental dir location 'C:/Users/tejasvissapragada/Documents/cs153a/vivado/lab2a_vivado/project_1.srcs/utils_1/imports/design_1_axi_gpio_0_2_impl_1' of run 'design_1_axi_gpio_0_2_impl_1' is not writable, setting it to default location 'C:/Users/ranchen/Documents/GitHub/cs153a/vivado/lab2b_vivado/project_1.srcs/utils_1/imports/design_1_axi_gpio_0_2_impl_1'.
INFO: [Project 1-1877] Auto incremental dir location 'C:/Users/tejasvissapragada/Documents/cs153a/vivado/lab2a_vivado/project_1.srcs/utils_1/imports/design_1_axi_gpio_0_2_impl_1' of run 'design_1_axi_gpio_0_2_impl_1' is not writable, setting it to default location 'C:/Users/ranchen/Documents/GitHub/cs153a/vivado/lab2b_vivado/project_1.srcs/utils_1/imports/design_1_axi_gpio_0_2_impl_1'.
INFO: [Project 1-1877] Auto incremental dir location 'C:/Users/tejasvissapragada/Documents/cs153a/vivado/lab2a_vivado/project_1.srcs/utils_1/imports/design_1_axi_gpio_0_3_impl_1' of run 'design_1_axi_gpio_0_3_impl_1' is not writable, setting it to default location 'C:/Users/ranchen/Documents/GitHub/cs153a/vivado/lab2b_vivado/project_1.srcs/utils_1/imports/design_1_axi_gpio_0_3_impl_1'.
INFO: [Project 1-1877] Auto incremental dir location 'C:/Users/tejasvissapragada/Documents/cs153a/vivado/lab2a_vivado/project_1.srcs/utils_1/imports/design_1_axi_gpio_0_3_impl_1' of run 'design_1_axi_gpio_0_3_impl_1' is not writable, setting it to default location 'C:/Users/ranchen/Documents/GitHub/cs153a/vivado/lab2b_vivado/project_1.srcs/utils_1/imports/design_1_axi_gpio_0_3_impl_1'.
INFO: [Project 1-1877] Auto incremental dir location 'C:/Users/tejasvissapragada/Documents/cs153a/vivado/lab2b_vivado/project_1.srcs/utils_1/imports/design_1_clk_wiz_0_0_impl_1' of run 'design_1_clk_wiz_0_0_impl_1' is not writable, setting it to default location 'C:/Users/ranchen/Documents/GitHub/cs153a/vivado/lab2b_vivado/project_1.srcs/utils_1/imports/design_1_clk_wiz_0_0_impl_1'.
INFO: [Project 1-1877] Auto incremental dir location 'C:/Users/tejasvissapragada/Documents/cs153a/vivado/lab2b_vivado/project_1.srcs/utils_1/imports/design_1_clk_wiz_0_0_impl_1' of run 'design_1_clk_wiz_0_0_impl_1' is not writable, setting it to default location 'C:/Users/ranchen/Documents/GitHub/cs153a/vivado/lab2b_vivado/project_1.srcs/utils_1/imports/design_1_clk_wiz_0_0_impl_1'.
INFO: [Project 1-1877] Auto incremental dir location 'C:/Users/tejasvissapragada/Documents/cs153a/vivado/lab2b_vivado/project_1.srcs/utils_1/imports/design_1_axi_gpio_0_4_impl_1' of run 'design_1_axi_gpio_0_4_impl_1' is not writable, setting it to default location 'C:/Users/ranchen/Documents/GitHub/cs153a/vivado/lab2b_vivado/project_1.srcs/utils_1/imports/design_1_axi_gpio_0_4_impl_1'.
INFO: [Project 1-1877] Auto incremental dir location 'C:/Users/tejasvissapragada/Documents/cs153a/vivado/lab2b_vivado/project_1.srcs/utils_1/imports/design_1_axi_gpio_0_4_impl_1' of run 'design_1_axi_gpio_0_4_impl_1' is not writable, setting it to default location 'C:/Users/ranchen/Documents/GitHub/cs153a/vivado/lab2b_vivado/project_1.srcs/utils_1/imports/design_1_axi_gpio_0_4_impl_1'.
INFO: [Project 1-1877] Auto incremental dir location 'C:/Users/tejasvissapragada/Documents/cs153a/vivado/lab2b_vivado/project_1.srcs/utils_1/imports/design_1_axi_quad_spi_0_0_impl_1' of run 'design_1_axi_quad_spi_0_0_impl_1' is not writable, setting it to default location 'C:/Users/ranchen/Documents/GitHub/cs153a/vivado/lab2b_vivado/project_1.srcs/utils_1/imports/design_1_axi_quad_spi_0_0_impl_1'.
INFO: [Project 1-1877] Auto incremental dir location 'C:/Users/tejasvissapragada/Documents/cs153a/vivado/lab2b_vivado/project_1.srcs/utils_1/imports/design_1_axi_quad_spi_0_0_impl_1' of run 'design_1_axi_quad_spi_0_0_impl_1' is not writable, setting it to default location 'C:/Users/ranchen/Documents/GitHub/cs153a/vivado/lab2b_vivado/project_1.srcs/utils_1/imports/design_1_axi_quad_spi_0_0_impl_1'.
INFO: [IP_Flow 19-234] Refreshing IP repositories
WARNING: [IP_Flow 19-2248] Failed to load user IP repository 'c:/Users/ranchen/Documents/GitHub/cs153a/vivado/Downloads/lab_files_2024/lab_files_2024/vivado/seven/ip_repo'; Can't find the specified path.
If this directory should no longer be in your list of user repositories, go to the IP Settings dialog and remove it.
INFO: [IP_Flow 19-2313] Loaded Vivado IP repository 'C:/Xilinx/Vivado/2022.1/data/ip'.
open_project: Time (s): cpu = 00:00:27 ; elapsed = 00:00:16 . Memory (MB): peak = 1888.816 ; gain = 264.402
update_compile_order -fileset sources_1
open_bd_design {C:/Users/ranchen/Documents/GitHub/cs153a/vivado/lab2b_vivado/project_1.srcs/sources_1/bd/design_1/design_1.bd}
Reading block design file <C:/Users/ranchen/Documents/GitHub/cs153a/vivado/lab2b_vivado/project_1.srcs/sources_1/bd/design_1/design_1.bd>...
Adding component instance block -- xilinx.com:ip:mig_7series:4.2 - mig_7series_0
Adding component instance block -- xilinx.com:ip:microblaze:11.0 - microblaze_0
Adding component instance block -- xilinx.com:ip:lmb_v10:3.0 - dlmb_v10
Adding component instance block -- xilinx.com:ip:lmb_v10:3.0 - ilmb_v10
Adding component instance block -- xilinx.com:ip:lmb_bram_if_cntlr:4.0 - dlmb_bram_if_cntlr
Adding component instance block -- xilinx.com:ip:lmb_bram_if_cntlr:4.0 - ilmb_bram_if_cntlr
Adding component instance block -- xilinx.com:ip:blk_mem_gen:8.4 - lmb_bram
Adding component instance block -- xilinx.com:ip:axi_interconnect:2.1 - microblaze_0_axi_periph
Adding component instance block -- xilinx.com:ip:axi_crossbar:2.1 - xbar
Adding component instance block -- xilinx.com:ip:axi_intc:4.1 - microblaze_0_axi_intc
Adding component instance block -- xilinx.com:ip:xlconcat:2.1 - microblaze_0_xlconcat
Adding component instance block -- xilinx.com:ip:mdm:3.2 - mdm_1
Adding component instance block -- xilinx.com:ip:proc_sys_reset:5.0 - rst_mig_7series_0_100M
Adding component instance block -- xilinx.com:ip:smartconnect:1.0 - smartconnect_0
Adding component instance block -- xilinx.com:ip:axi_timer:2.0 - axi_timer_0
Adding component instance block -- xilinx.com:ip:axi_timer:2.0 - axi_timer_1
Adding component instance block -- xilinx.com:ip:axi_gpio:2.0 - axi_gpio_led
Adding component instance block -- xilinx.com:ip:axi_gpio:2.0 - axi_gpio_btn
Adding component instance block -- xilinx.com:ip:axi_gpio:2.0 - rgbleds
Adding component instance block -- xilinx.com:ip:axi_gpio:2.0 - encoder
Adding component instance block -- xilinx.com:ip:axi_gpio:2.0 - spi_dc
Adding component instance block -- xilinx.com:ip:clk_wiz:6.0 - clk_wiz_0
Adding component instance block -- xilinx.com:ip:axi_quad_spi:3.2 - spi
Successfully read diagram <design_1> from block design file <C:/Users/ranchen/Documents/GitHub/cs153a/vivado/lab2b_vivado/project_1.srcs/sources_1/bd/design_1/design_1.bd>
open_bd_design: Time (s): cpu = 00:00:08 ; elapsed = 00:00:07 . Memory (MB): peak = 1927.527 ; gain = 15.273
exit
INFO: [Common 17-206] Exiting Vivado at Fri Nov  8 14:07:47 2024...
