Nothing to build in platform 'lab3a_platform'

19:39:13 **** Incremental Build of configuration Debug for project lab3a_application ****
make all 
'Building file: ../src/stream_grabber.c'
'Invoking: MicroBlaze gcc compiler'
mb-gcc -Wall -O0 -g3 -c -fmessage-length=0 -MT"src/stream_grabber.o" -IC:/Users/tejasvissapragada/Documents/cs153a/vitis/lab3a_vitis/lab3a_platform/export/lab3a_platform/sw/lab3a_platform/standalone_domain/bspinclude/include -mlittle-endian -mxl-barrel-shift -mxl-pattern-compare -mno-xl-soft-div -mcpu=v11.0 -mno-xl-soft-mul -mhard-float -mxl-float-convert -mxl-float-sqrt -Wl,--no-relax -ffunction-sections -fdata-sections -MMD -MP -MF"src/stream_grabber.d" -MT"src/stream_grabber.o" -o "src/stream_grabber.o" "../src/stream_grabber.c"
'Finished building: ../src/stream_grabber.c'
' '
'Building file: ../src/trig.c'
'Invoking: MicroBlaze gcc compiler'
mb-gcc -Wall -O0 -g3 -c -fmessage-length=0 -MT"src/trig.o" -IC:/Users/tejasvissapragada/Documents/cs153a/vitis/lab3a_vitis/lab3a_platform/export/lab3a_platform/sw/lab3a_platform/standalone_domain/bspinclude/include -mlittle-endian -mxl-barrel-shift -mxl-pattern-compare -mno-xl-soft-div -mcpu=v11.0 -mno-xl-soft-mul -mhard-float -mxl-float-convert -mxl-float-sqrt -Wl,--no-relax -ffunction-sections -fdata-sections -MMD -MP -MF"src/trig.d" -MT"src/trig.o" -o "src/trig.o" "../src/trig.c"
'Finished building: ../src/trig.c'
' '
'Building target: lab3a_application.elf'
'Invoking: MicroBlaze gcc linker'
mb-gcc -Wl,-T -Wl,../src/lscript.ld -LC:/Users/tejasvissapragada/Documents/cs153a/vitis/lab3a_vitis/lab3a_platform/export/lab3a_platform/sw/lab3a_platform/standalone_domain/bsplib/lib -mlittle-endian -mxl-barrel-shift -mxl-pattern-compare -mno-xl-soft-div -mcpu=v11.0 -mno-xl-soft-mul -mhard-float -mxl-float-convert -mxl-float-sqrt -Wl,--no-relax -Wl,--gc-sections -o "lab3a_application.elf"  ./src/complex.o ./src/fft.o ./src/main.o ./src/note.o ./src/stream_grabber.o ./src/trig.o   -Wl,--start-group,-lxil,-lgcc,-lc,--end-group
'Finished building target: lab3a_application.elf'
' '
'Invoking: MicroBlaze Print Size'
mb-size lab3a_application.elf  |tee "lab3a_application.elf.size"
   text	   data	    bss	    dec	    hex	filename
  19656	    380	  13356	  33392	   8270	lab3a_application.elf
'Finished building: lab3a_application.elf.size'
' '
19:39:14 **** Incremental Build of configuration Debug for project lab3a_system ****
make all 
Skipping SD card image generation. Reason: "The system project only has applications for microblaze processors."
Nothing to build in platform 'lab3a_platform'

19:40:03 **** Incremental Build of configuration Debug for project lab3a_application ****
make all 
make: Nothing to be done for 'all'.
19:40:03 **** Incremental Build of configuration Debug for project lab3a_system ****
make all 
Skipping SD card image generation. Reason: "The system project only has applications for microblaze processors."
