Nothing to build in platform 'lab3a_platform'

14:04:48 **** Incremental Build of configuration Debug for project lab3a_application ****
make all 
'Building file: ../src/lab2a.c'
'Invoking: MicroBlaze gcc compiler'
mb-gcc -Wall -O0 -g3 -c -fmessage-length=0 -MT"src/lab2a.o" -IC:/Users/tejasvissapragada/Documents/GitHub/cs153a/vitis/lab3b_vitis/lab3a_platform/export/lab3a_platform/sw/lab3a_platform/standalone_domain/bspinclude/include -mlittle-endian -mxl-barrel-shift -mxl-pattern-compare -mno-xl-soft-div -mcpu=v11.0 -mno-xl-soft-mul -mhard-float -mxl-float-convert -mxl-float-sqrt -Wl,--no-relax -ffunction-sections -fdata-sections -MMD -MP -MF"src/lab2a.d" -MT"src/lab2a.o" -o "src/lab2a.o" "../src/lab2a.c"
In file included from ../src/qpn_port.h:38,
                 from ../src/lab2a.c:8:
C:/Users/tejasvissapragada/Documents/GitHub/cs153a/vitis/lab3b_vitis/lab3a_platform/export/lab3a_platform/sw/lab3a_platform/standalone_domain/bspinclude/include/xbasic_types.h:102:2: warning: #warning The xbasics_type.h file is deprecated and users should use xil_types.h and xil_assert. [-Wcpp]
  102 | #warning  The xbasics_type.h file is deprecated and users should use xil_types.h and xil_assert.
      |  ^~~~~~~
C:/Users/tejasvissapragada/Documents/GitHub/cs153a/vitis/lab3b_vitis/lab3a_platform/export/lab3a_platform/sw/lab3a_platform/standalone_domain/bspinclude/include/xbasic_types.h:103:2: warning: #warning Please refer the Standalone BSP UG647 for further details [-Wcpp]
  103 | #warning  Please refer the Standalone BSP UG647 for further details
      |  ^~~~~~~
In file included from C:/Users/tejasvissapragada/Documents/GitHub/cs153a/vitis/lab3b_vitis/lab3a_platform/export/lab3a_platform/sw/lab3a_platform/standalone_domain/bspinclude/include/xgpio.h:116,
                 from ../src/qpn_port.h:34,
                 from ../src/lab2a.c:8:
../src/lab2a.c: In function 'lcd_setup':
C:/Users/tejasvissapragada/Documents/GitHub/cs153a/vitis/lab3b_vitis/lab3a_platform/export/lab3a_platform/sw/lab3a_platform/standalone_domain/bspinclude/include/xstatus.h:44:41: warning: 'return' with a value, in function returning void [-Wreturn-type]
   44 | #define XST_DEVICE_NOT_FOUND            2L
      |                                         ^~
../src/lab2a.c:102:24: note: in expansion of macro 'XST_DEVICE_NOT_FOUND'
  102 |                 return XST_DEVICE_NOT_FOUND;
      |                        ^~~~~~~~~~~~~~~~~~~~
../src/lab2a.c:92:6: note: declared here
   92 | void lcd_setup(){
      |      ^~~~~~~~~
In file included from C:/Users/tejasvissapragada/Documents/GitHub/cs153a/vitis/lab3b_vitis/lab3a_platform/export/lab3a_platform/sw/lab3a_platform/standalone_domain/bspinclude/include/xgpio.h:116,
                 from ../src/qpn_port.h:34,
                 from ../src/lab2a.c:8:
C:/Users/tejasvissapragada/Documents/GitHub/cs153a/vitis/lab3b_vitis/lab3a_platform/export/lab3a_platform/sw/lab3a_platform/standalone_domain/bspinclude/include/xstatus.h:43:41: warning: 'return' with a value, in function returning void [-Wreturn-type]
   43 | #define XST_FAILURE                     1L
      |                                         ^~
../src/lab2a.c:108:24: note: in expansion of macro 'XST_FAILURE'
  108 |                 return XST_FAILURE;
      |                        ^~~~~~~~~~~
../src/lab2a.c:92:6: note: declared here
   92 | void lcd_setup(){
      |      ^~~~~~~~~
../src/lab2a.c:93:22: warning: unused variable 'dc' [-Wunused-variable]
   93 |         static XGpio dc;
      |                      ^~
At top level:
../src/lab2a.c:93:22: warning: 'dc' defined but not used [-Wunused-variable]
../src/lab2a.c:550:8: warning: 'Lab2A_stateDebug3' defined but not used [-Wunused-function]
  550 | QState Lab2A_stateDebug3(Lab2A *me) {
      |        ^~~~~~~~~~~~~~~~~
'Finished building: ../src/lab2a.c'
' '
'Building target: lab3a_application.elf'
'Invoking: MicroBlaze gcc linker'
mb-gcc -Wl,-T -Wl,../src/lscript.ld -LC:/Users/tejasvissapragada/Documents/GitHub/cs153a/vitis/lab3b_vitis/lab3a_platform/export/lab3a_platform/sw/lab3a_platform/standalone_domain/bsplib/lib -mlittle-endian -mxl-barrel-shift -mxl-pattern-compare -mno-xl-soft-div -mcpu=v11.0 -mno-xl-soft-mul -mhard-float -mxl-float-convert -mxl-float-sqrt -Wl,--no-relax -Wl,--gc-sections -o "lab3a_application.elf"  ./src/bsp.o ./src/complex.o ./src/fft.o ./src/font_TimesNewRomanBold.o ./src/fonts.o ./src/lab2a.o ./src/lcd.o ./src/main.o ./src/note.o ./src/performance.o ./src/qepn.o ./src/qfn.o ./src/qfn_init.o ./src/stream_grabber.o ./src/trig.o   -Wl,--start-group,-lxil,-lgcc,-lc,--end-group
'Finished building target: lab3a_application.elf'
' '
'Invoking: MicroBlaze Print Size'
mb-size lab3a_application.elf  |tee "lab3a_application.elf.size"
   text	   data	    bss	    dec	    hex	filename
 131628	   1996	  54888	 188512	  2e060	lab3a_application.elf
'Finished building: lab3a_application.elf.size'
' '
14:04:49 **** Incremental Build of configuration Debug for project lab3a_system ****
make all 
Skipping SD card image generation. Reason: "The system project only has applications for microblaze processors."
