17:52:30 **** Incremental Build of configuration Debug for project lab3a_application ****
make all 
'Building file: ../src/bsp.c'
'Invoking: MicroBlaze gcc compiler'
mb-gcc -Wall -O0 -g3 -c -fmessage-length=0 -MT"src/bsp.o" -IC:/Users/tejasvissapragada/Documents/GitHub/cs153a/vitis/lab3b_vitis/lab3a_platform/export/lab3a_platform/sw/lab3a_platform/standalone_domain/bspinclude/include -mlittle-endian -mxl-barrel-shift -mxl-pattern-compare -mno-xl-soft-div -mcpu=v11.0 -mno-xl-soft-mul -mhard-float -mxl-float-convert -mxl-float-sqrt -Wl,--no-relax -ffunction-sections -fdata-sections -MMD -MP -MF"src/bsp.d" -MT"src/bsp.o" -o "src/bsp.o" "../src/bsp.c"
In file included from ../src/qpn_port.h:38,
                 from ../src/bsp.c:1:
C:/Users/tejasvissapragada/Documents/GitHub/cs153a/vitis/lab3b_vitis/lab3a_platform/export/lab3a_platform/sw/lab3a_platform/standalone_domain/bspinclude/include/xbasic_types.h:102:2: warning: #warning The xbasics_type.h file is deprecated and users should use xil_types.h and xil_assert. [-Wcpp]
  102 | #warning  The xbasics_type.h file is deprecated and users should use xil_types.h and xil_assert.
      |  ^~~~~~~
C:/Users/tejasvissapragada/Documents/GitHub/cs153a/vitis/lab3b_vitis/lab3a_platform/export/lab3a_platform/sw/lab3a_platform/standalone_domain/bspinclude/include/xbasic_types.h:103:2: warning: #warning Please refer the Standalone BSP UG647 for further details [-Wcpp]
  103 | #warning  Please refer the Standalone BSP UG647 for further details
      |  ^~~~~~~
'Finished building: ../src/bsp.c'
' '
'Building file: ../src/lab2a.c'
'Invoking: MicroBlaze gcc compiler'
mb-gcc -Wall -O0 -g3 -c -fmessage-length=0 -MT"src/lab2a.o" -IC:/Users/tejasvissapragada/Documents/GitHub/cs153a/vitis/lab3b_vitis/lab3a_platform/export/lab3a_platform/sw/lab3a_platform/standalone_domain/bspinclude/include -mlittle-endian -mxl-barrel-shift -mxl-pattern-compare -mno-xl-soft-div -mcpu=v11.0 -mno-xl-soft-mul -mhard-float -mxl-float-convert -mxl-float-sqrt -Wl,--no-relax -ffunction-sections -fdata-sections -MMD -MP -MF"src/lab2a.d" -MT"src/lab2a.o" -o "src/lab2a.o" "../src/lab2a.c"
In file included from ../src/qpn_port.h:38,
                 from ../src/lab2a.c:8:
C:/Users/tejasvissapragada/Documents/GitHub/cs153a/vitis/lab3b_vitis/lab3a_platform/export/lab3a_platform/sw/lab3a_platform/standalone_domain/bspinclude/include/xbasic_types.h:102:2: warning: #warning The xbasics_type.h file is deprecated and users should use xil_types.h and xil_assert. [-Wcpp]
  102 | #warning  The xbasics_type.h file is deprecated and users should use xil_types.h and xil_assert.
      |  ^~~~~~~
C:/Users/tejasvissapragada/Documents/GitHub/cs153a/vitis/lab3b_vitis/lab3a_platform/export/lab3a_platform/sw/lab3a_platform/standalone_domain/bspinclude/include/xbasic_types.h:103:2: warning: #warning Please refer the Standalone BSP UG647 for further details [-Wcpp]
  103 | #warning  Please refer the Standalone BSP UG647 for further details
      |  ^~~~~~~
'Finished building: ../src/lab2a.c'
' '
'Building target: lab3a_application.elf'
'Invoking: MicroBlaze gcc linker'
mb-gcc -Wl,-T -Wl,../src/lscript.ld -LC:/Users/tejasvissapragada/Documents/GitHub/cs153a/vitis/lab3b_vitis/lab3a_platform/export/lab3a_platform/sw/lab3a_platform/standalone_domain/bsplib/lib -mlittle-endian -mxl-barrel-shift -mxl-pattern-compare -mno-xl-soft-div -mcpu=v11.0 -mno-xl-soft-mul -mhard-float -mxl-float-convert -mxl-float-sqrt -Wl,--no-relax -Wl,--gc-sections -o "lab3a_application.elf"  ./src/bsp.o ./src/complex.o ./src/fft.o ./src/fonts.o ./src/lab2a.o ./src/lcd.o ./src/main.o ./src/note.o ./src/performance.o ./src/qepn.o ./src/qfn.o ./src/qfn_init.o ./src/stream_grabber.o ./src/trig.o   -Wl,--start-group,-lxil,-lgcc,-lc,--end-group
'Finished building target: lab3a_application.elf'
' '
'Invoking: MicroBlaze Print Size'
mb-size lab3a_application.elf  |tee "lab3a_application.elf.size"
   text	   data	    bss	    dec	    hex	filename
  37108	    464	  55628	  93200	  16c10	lab3a_application.elf
'Finished building: lab3a_application.elf.size'
' '

17:52:31 Build Finished (took 1s.75ms)

