20:33:45 **** Incremental Build of configuration Debug for project lab3a_application ****
make all 
'Building file: ../src/fft.c'
'Invoking: MicroBlaze gcc compiler'
mb-gcc -Wall -O0 -g3 -c -fmessage-length=0 -MT"src/fft.o" -IC:/Users/tejasvissapragada/Documents/GitHub/cs153a/vitis/lab3b_vitis/lab3a_platform/export/lab3a_platform/sw/lab3a_platform/standalone_domain/bspinclude/include -mlittle-endian -mxl-barrel-shift -mxl-pattern-compare -mno-xl-soft-div -mcpu=v11.0 -mno-xl-soft-mul -mhard-float -mxl-float-convert -mxl-float-sqrt -Wl,--no-relax -ffunction-sections -fdata-sections -MMD -MP -MF"src/fft.d" -MT"src/fft.o" -o "src/fft.o" "../src/fft.c"
In file included from ../src/fft.c:3:
../src/trig.h:15: warning: "PI" redefined
   15 | #define PI 3.14159265
      | 
In file included from ../src/fft.c:1:
../src/fft.h:28: note: this is the location of the previous definition
   28 | #define PI 3.141592//65358979323846
      | 
../src/fft.c: In function 'compute':
../src/fft.c:81:15: warning: unused variable 'pi' [-Wunused-variable]
   81 |   const float pi = -3.1415926;
      |               ^~
'Finished building: ../src/fft.c'
' '
'Building target: lab3a_application.elf'
'Invoking: MicroBlaze gcc linker'
mb-gcc -Wl,-T -Wl,../src/lscript.ld -LC:/Users/tejasvissapragada/Documents/GitHub/cs153a/vitis/lab3b_vitis/lab3a_platform/export/lab3a_platform/sw/lab3a_platform/standalone_domain/bsplib/lib -mlittle-endian -mxl-barrel-shift -mxl-pattern-compare -mno-xl-soft-div -mcpu=v11.0 -mno-xl-soft-mul -mhard-float -mxl-float-convert -mxl-float-sqrt -Wl,--no-relax -Wl,--gc-sections -o "lab3a_application.elf"  ./src/bsp.o ./src/complex.o ./src/fft.o ./src/fonts.o ./src/lab2a.o ./src/lcd.o ./src/main.o ./src/note.o ./src/performance.o ./src/qepn.o ./src/qfn.o ./src/qfn_init.o ./src/stream_grabber.o ./src/trig.o   -Wl,--start-group,-lxil,-lgcc,-lc,--end-group
'Finished building target: lab3a_application.elf'
' '
'Invoking: MicroBlaze Print Size'
mb-size lab3a_application.elf  |tee "lab3a_application.elf.size"
   text	   data	    bss	    dec	    hex	filename
  41188	   1636	  55760	  98584	  18118	lab3a_application.elf
'Finished building: lab3a_application.elf.size'
' '

20:33:46 Build Finished (took 837ms)

