Nothing to build in platform 'lab_1a'

09:56:19 **** Incremental Build of configuration Debug for project Lab_1a_attempt ****
make all 
'Building file: ../src/platform.c'
'Invoking: MicroBlaze gcc compiler'
mb-gcc -Wall -O0 -g3 -c -fmessage-length=0 -MT"src/platform.o" -IC:/Users/ranchen/workspace/lab_1a/export/lab_1a/sw/lab_1a/standalone_domain/bspinclude/include -mlittle-endian -mxl-barrel-shift -mcpu=v11.0 -mno-xl-soft-mul -Wl,--no-relax -ffunction-sections -fdata-sections -MMD -MP -MF"src/platform.d" -MT"src/platform.o" -o "src/platform.o" "../src/platform.c"
'Finished building: ../src/platform.c'
' '
'Building target: Lab_1a_attempt.elf'
'Invoking: MicroBlaze gcc linker'
mb-gcc -Wl,-T -Wl,../src/lscript.ld -LC:/Users/ranchen/workspace/lab_1a/export/lab_1a/sw/lab_1a/standalone_domain/bsplib/lib -mlittle-endian -mxl-barrel-shift -mcpu=v11.0 -mno-xl-soft-mul -Wl,--no-relax -Wl,--gc-sections -o "Lab_1a_attempt.elf"  ./src/helloworld.o ./src/platform.o   -Wl,--start-group,-lxil,-lgcc,-lc,--end-group
'Finished building target: Lab_1a_attempt.elf'
' '
'Invoking: MicroBlaze Print Size'
mb-size Lab_1a_attempt.elf  |tee "Lab_1a_attempt.elf.size"
   text	   data	    bss	    dec	    hex	filename
   2884	    340	   8232	  11456	   2cc0	Lab_1a_attempt.elf
'Finished building: Lab_1a_attempt.elf.size'
' '
