2024-11-08T15:00:13.173189100255-15:00:13 **** Build of project lab2a_platform ****
000-buildplatform.bat 54855 lab2a_platform  
000-XSDB Server Channel: tcfchan#1
000-Building the BSP Library for domain  - standalone_domain on processor microblaze_0
000-make --no-print-directory seq_libs
000-
000-'Finished building libraries sequentially.'
000-
000-make -j 2 --no-print-directory par_libs
000-
000-"Running Make include in microblaze_0/libsrc/bram_v4_7/src"
000-
000-make -C microblaze_0/libsrc/bram_v4_7/src -s include  "SHELL=CMD" "COMPILER=mb-gcc" "ASSEMBLER=mb-as" "ARCHIVER=mb-ar" "COMPILE
000-R_FLAGS=  -O2 -c -mcpu=v11.0 -mlittle-endian -mno-xl-soft-mul -mxl-barrel-shift" "EXTRA_COMPILER_FLAGS=-g -ffunction-sections -
000-fdata-sections -Wall -Wextra -fno-tree-loop-distribute-patterns"
000-
000-"Running Make include in microblaze_0/libsrc/cpu_v2_15/src"
000-
000-make -C microblaze_0/libsrc/cpu_v2_15/src -s include  "SHELL=CMD" "COMPILER=mb-gcc" "ASSEMBLER=mb-as" "ARCHIVER=mb-ar" "COMPILE
000-R_FLAGS=  -O2 -c -mcpu=v11.0 -mlittle-endian -mno-xl-soft-mul -mxl-barrel-shift" "EXTRA_COMPILER_FLAGS=-g -ffunction-sections -
000-fdata-sections -Wall -Wextra -fno-tree-loop-distribute-patterns"
000-
000-"Running Make include in microblaze_0/libsrc/gpio_v4_9/src"
000-
000-make -C microblaze_0/libsrc/gpio_v4_9/src -s include  "SHELL=CMD" "COMPILER=mb-gcc" "ASSEMBLER=mb-as" "ARCHIVER=mb-ar" "COMPILE
000-R_FLAGS=  -O2 -c -mcpu=v11.0 -mlittle-endian -mno-xl-soft-mul -mxl-barrel-shift" "EXTRA_COMPILER_FLAGS=-g -ffunction-sections -
000-fdata-sections -Wall -Wextra -fno-tree-loop-distribute-patterns"
000-
000-"Running Make include in microblaze_0/libsrc/intc_v3_14/src"
000-
000-make -C microblaze_0/libsrc/intc_v3_14/src -s include  "SHELL=CMD" "COMPILER=mb-gcc" "ASSEMBLER=mb-as" "ARCHIVER=mb-ar" "COMPIL
000-ER_FLAGS=  -O2 -c -mcpu=v11.0 -mlittle-endian -mno-xl-soft-mul -mxl-barrel-shift" "EXTRA_COMPILER_FLAGS=-g -ffunction-sections 
000--fdata-sections -Wall -Wextra -fno-tree-loop-distribute-patterns"
000-
000-"Running Make include in microblaze_0/libsrc/standalone_v7_7/src"
000-
000-make -C microblaze_0/libsrc/standalone_v7_7/src -s include  "SHELL=CMD" "COMPILER=mb-gcc" "ASSEMBLER=mb-as" "ARCHIVER=mb-ar" "C
000-OMPILER_FLAGS=  -O2 -c -mcpu=v11.0 -mlittle-endian -mno-xl-soft-mul -mxl-barrel-shift" "EXTRA_COMPILER_FLAGS=-g -ffunction-sect
000-ions -fdata-sections -Wall -Wextra -fno-tree-loop-distribute-patterns"
000-
000-"Running Make include in microblaze_0/libsrc/tmrctr_v4_9/src"
000-
000-make -C microblaze_0/libsrc/tmrctr_v4_9/src -s include  "SHELL=CMD" "COMPILER=mb-gcc" "ASSEMBLER=mb-as" "ARCHIVER=mb-ar" "COMPI
000-LER_FLAGS=  -O2 -c -mcpu=v11.0 -mlittle-endian -mno-xl-soft-mul -mxl-barrel-shift" "EXTRA_COMPILER_FLAGS=-g -ffunction-sections
000- -fdata-sections -Wall -Wextra -fno-tree-loop-distribute-patterns"
000-
000-"Running Make include in microblaze_0/libsrc/uartlite_v3_7/src"
000-
000-make -C microblaze_0/libsrc/uartlite_v3_7/src -s include  "SHELL=CMD" "COMPILER=mb-gcc" "ASSEMBLER=mb-as" "ARCHIVER=mb-ar" "COM
000-PILER_FLAGS=  -O2 -c -mcpu=v11.0 -mlittle-endian -mno-xl-soft-mul -mxl-barrel-shift" "EXTRA_COMPILER_FLAGS=-g -ffunction-sectio
000-ns -fdata-sections -Wall -Wextra -fno-tree-loop-distribute-patterns"
000-
000-"Running Make libs in microblaze_0/libsrc/bram_v4_7/src"
000-
000-"Running Make libs in microblaze_0/libsrc/cpu_v2_15/src"
000-
000-make -C microblaze_0/libsrc/bram_v4_7/src -s libs  "SHELL=CMD" "COMPILER=mb-gcc" "ASSEMBLER=mb-as" "ARCHIVER=mb-ar" "COMPILER_F
000-LAGS=  -O2 -c -mcpu=v11.0 -mlittle-endian -mno-xl-soft-mul -mxl-barrel-shift" "EXTRA_COMPILER_FLAGS=-g -ffunction-sections -fda
000-ta-sections -Wall -Wextra -fno-tree-loop-distribute-patterns"
000-
000-make -C microblaze_0/libsrc/cpu_v2_15/src -s libs  "SHELL=CMD" "COMPILER=mb-gcc" "ASSEMBLER=mb-as" "ARCHIVER=mb-ar" "COMPILER_F
000-LAGS=  -O2 -c -mcpu=v11.0 -mlittle-endian -mno-xl-soft-mul -mxl-barrel-shift" "EXTRA_COMPILER_FLAGS=-g -ffunction-sections -fda
000-ta-sections -Wall -Wextra -fno-tree-loop-distribute-patterns"
000-
000-"Running Make libs in microblaze_0/libsrc/gpio_v4_9/src"
000-
000-make -C microblaze_0/libsrc/gpio_v4_9/src -s libs  "SHELL=CMD" "COMPILER=mb-gcc" "ASSEMBLER=mb-as" "ARCHIVER=mb-ar" "COMPILER_F
000-LAGS=  -O2 -c -mcpu=v11.0 -mlittle-endian -mno-xl-soft-mul -mxl-barrel-shift" "EXTRA_COMPILER_FLAGS=-g -ffunction-sections -fda
000-ta-sections -Wall -Wextra -fno-tree-loop-distribute-patterns"
000-
000-"Running Make libs in microblaze_0/libsrc/intc_v3_14/src"
000-
000-make -C microblaze_0/libsrc/intc_v3_14/src -s libs  "SHELL=CMD" "COMPILER=mb-gcc" "ASSEMBLER=mb-as" "ARCHIVER=mb-ar" "COMPILER_
000-FLAGS=  -O2 -c -mcpu=v11.0 -mlittle-endian -mno-xl-soft-mul -mxl-barrel-shift" "EXTRA_COMPILER_FLAGS=-g -ffunction-sections -fd
000-ata-sections -Wall -Wextra -fno-tree-loop-distribute-patterns"
000-
000-"Running Make libs in microblaze_0/libsrc/standalone_v7_7/src"
000-
000-make -C microblaze_0/libsrc/standalone_v7_7/src -s libs  "SHELL=CMD" "COMPILER=mb-gcc" "ASSEMBLER=mb-as" "ARCHIVER=mb-ar" "COMP
000-ILER_FLAGS=  -O2 -c -mcpu=v11.0 -mlittle-endian -mno-xl-soft-mul -mxl-barrel-shift" "EXTRA_COMPILER_FLAGS=-g -ffunction-section
000-s -fdata-sections -Wall -Wextra -fno-tree-loop-distribute-patterns"
000-
000-"Running Make libs in microblaze_0/libsrc/tmrctr_v4_9/src"
000-
000-make -C microblaze_0/libsrc/tmrctr_v4_9/src -s libs  "SHELL=CMD" "COMPILER=mb-gcc" "ASSEMBLER=mb-as" "ARCHIVER=mb-ar" "COMPILER
000-_FLAGS=  -O2 -c -mcpu=v11.0 -mlittle-endian -mno-xl-soft-mul -mxl-barrel-shift" "EXTRA_COMPILER_FLAGS=-g -ffunction-sections -f
000-data-sections -Wall -Wextra -fno-tree-loop-distribute-patterns"
000-
000-"Running Make libs in microblaze_0/libsrc/uartlite_v3_7/src"
000-
000-make -C microblaze_0/libsrc/uartlite_v3_7/src -s libs  "SHELL=CMD" "COMPILER=mb-gcc" "ASSEMBLER=mb-as" "ARCHIVER=mb-ar" "COMPIL
000-ER_FLAGS=  -O2 -c -mcpu=v11.0 -mlittle-endian -mno-xl-soft-mul -mxl-barrel-shift" "EXTRA_COMPILER_FLAGS=-g -ffunction-sections 
000--fdata-sections -Wall -Wextra -fno-tree-loop-distribute-patterns"
000-
000/lab2a_platform73-1-1'#pragma message: For the sleep routines, assembly instructions are used'0-microblaze_sleep.c:73:9: note: '#pragma message: For the sleep routines, assembly instructions are used'
000-   73 | #pragma message ("For the sleep routines, assembly instructions are used")
000-      |         ^~~~~~~
000-"DEBUG NON_LTO_OBJECTS is ../../../lib/microblaze_interrupt_handler.o"
000-
000-'Finished building libraries parallelly.'
000-
000-make --no-print-directory archive
000-
000-mb-ar -r  microblaze_0/lib/libxil.a microblaze_0/lib/xplatform_info.o microblaze_0/lib/xuartlite.o microblaze_0/lib/microblaze_
000-disable_exceptions.o microblaze_0/lib/print.o microblaze_0/lib/xtmrctr_options.o microblaze_0/lib/_exit.o microblaze_0/lib/xil_
000-testio.o microblaze_0/lib/microblaze_disable_dcache.o microblaze_0/lib/microblaze_flush_dcache_range.o microblaze_0/lib/xuartli
000-te_sinit.o microblaze_0/lib/microblaze_flush_cache_ext.o microblaze_0/lib/xbram_sinit.o microblaze_0/lib/xil_misc_psreset_api.o
000- microblaze_0/lib/xinterrupt_wrap.o microblaze_0/lib/xil_cache.o microblaze_0/lib/xil_util.o microblaze_0/lib/inbyte.o microbla
000-ze_0/lib/xuartlite_stats.o microblaze_0/lib/microblaze_exception_handler.o microblaze_0/lib/xbram_g.o microblaze_0/lib/microbla
000-ze_scrub.o microblaze_0/lib/microblaze_invalidate_dcache.o microblaze_0/lib/microblaze_disable_interrupts.o microblaze_0/lib/xb
000-ram_selftest.o microblaze_0/lib/microblaze_interrupt_handler.o microblaze_0/lib/microblaze_disable_icache.o microblaze_0/lib/xg
000-pio_g.o microblaze_0/lib/xil_mem.o microblaze_0/lib/microblaze_flush_cache_ext_range.o microblaze_0/lib/xtmrctr_intr.o microbla
000-ze_0/lib/xbram_intr.o microblaze_0/lib/xil_sleepcommon.o microblaze_0/lib/xil_printf.o microblaze_0/lib/xintc_g.o microblaze_0/
000-lib/xuartlite_g.o microblaze_0/lib/xtmrctr_l.o microblaze_0/lib/xintc_selftest.o microblaze_0/lib/xintc_l.o microblaze_0/lib/ou
000-tbyte.o microblaze_0/lib/xgpio_intr.o microblaze_0/lib/microblaze_invalidate_dcache_range.o microblaze_0/lib/microblaze_invalid
000-ate_cache_ext.o microblaze_0/lib/microblaze_sleep.o microblaze_0/lib/hw_exception_handler.o microblaze_0/lib/xtmrctr.o microbla
000-ze_0/lib/xuartlite_selftest.o microblaze_0/lib/xgpio_sinit.o microblaze_0/lib/microblaze_update_dcache.o microblaze_0/lib/xil_t
000-estcache.o microblaze_0/lib/microblaze_selftest.o microblaze_0/lib/microblaze_interrupts_g.o microblaze_0/lib/microblaze_enable
000-_exceptions.o microblaze_0/lib/xio.o microblaze_0/lib/xtmrctr_g.o microblaze_0/lib/microblaze_enable_dcache.o microblaze_0/lib/
000-xbram.o microblaze_0/lib/microblaze_invalidate_icache_range.o microblaze_0/lib/xtmrctr_selftest.o microblaze_0/lib/microblaze_i
000-nit_dcache_range.o microblaze_0/lib/microblaze_invalidate_icache.o microblaze_0/lib/errno.o microblaze_0/lib/xuartlite_l.o micr
000-oblaze_0/lib/xintc_options.o microblaze_0/lib/microblaze_invalidate_cache_ext_range.o microblaze_0/lib/xintc_intr.o microblaze_
000-0/lib/xil_exception.o microblaze_0/lib/pvr.o microblaze_0/lib/xgpio.o microblaze_0/lib/xil_testmem.o microblaze_0/lib/microblaz
000-e_update_icache.o microblaze_0/lib/xuartlite_intr.o microblaze_0/lib/microblaze_flush_dcache.o microblaze_0/lib/xil_clocking.o 
000-microblaze_0/lib/xil_assert.o microblaze_0/lib/microblaze_enable_interrupts.o microblaze_0/lib/xgpio_extra.o microblaze_0/lib/m
000-icroblaze_enable_icache.o microblaze_0/lib/xintc.o microblaze_0/lib/xtmrctr_stats.o microblaze_0/lib/microblaze_init_icache_ran
000-ge.o microblaze_0/lib/xtmrctr_sinit.o microblaze_0/lib/fcntl.o microblaze_0/lib/xgpio_selftest.o
000-
000-mb-ar: creating microblaze_0/lib/libxil.a
000-'Finished building libraries'
000-
000-Loading the sw platform from C:/Users/ranchen/Documents/GitHub/cs153a/vitis/lab2avitis/lab_2a_hardware/platform.spr
000-Reading the platform  : "lab_2a_hardware"
00255-
15:00:23 Build Finished (took 10s.823ms)

