#-----------------------------------------------------------
# Vivado v2022.1 (64-bit)
# SW Build 3526262 on Mon Apr 18 15:48:16 MDT 2022
# IP Build 3524634 on Mon Apr 18 20:55:01 MDT 2022
# Start of session at: Thu Nov 14 18:06:29 2024
# Process ID: 2824
# Current directory: C:/Users/tejasvissapragada/Documents/cs153a/vivado/lab3b_vivado
# Command line: vivado.exe -gui_launcher_event rodinguilauncherevent2928 C:\Users\tejasvissapragada\Documents\cs153a\vivado\lab3b_vivado\project_1.xpr
# Log file: C:/Users/tejasvissapragada/Documents/cs153a/vivado/lab3b_vivado/vivado.log
# Journal file: C:/Users/tejasvissapragada/Documents/cs153a/vivado/lab3b_vivado\vivado.jou
# Running On: 556eci26, OS: Windows, CPU Frequency: 3312 MHz, CPU Physical cores: 4, Host memory: 17108 MB
#-----------------------------------------------------------
start_gui
open_project C:/Users/tejasvissapragada/Documents/cs153a/vivado/lab3b_vivado/project_1.xpr
WARNING: [Board 49-26] cannot add Board Part xilinx.com:vpk120_es:part0:1.2 available at C:/Xilinx/Vivado/2022.1/data/xhub/boards/XilinxBoardStore/boards/Xilinx/vpk120/es/1.2/board.xml as part xcvp1202-vsva2785-2mp-e-s-es1 specified in board_part file is either invalid or not available
WARNING: [Board 49-26] cannot add Board Part xilinx.com:vpk120_es_revb:part0:1.0 available at C:/Xilinx/Vivado/2022.1/data/xhub/boards/XilinxBoardStore/boards/Xilinx/vpk120_revb/es/1.0/board.xml as part xcvp1202-vsva2785-2mp-e-s-es1 specified in board_part file is either invalid or not available
WARNING: [Board 49-26] cannot add Board Part xilinx.com:zcu208ld:part0:2.0 available at C:/Xilinx/Vivado/2022.1/data/xhub/boards/XilinxBoardStore/boards/Xilinx/zcu208ld/production/2.0/board.xml as part xczu58dr-fsvg1517-2-i specified in board_part file is either invalid or not available
WARNING: [Board 49-26] cannot add Board Part xilinx.com:zcu216ld:part0:2.0 available at C:/Xilinx/Vivado/2022.1/data/xhub/boards/XilinxBoardStore/boards/Xilinx/zcu216ld/production/2.0/board.xml as part xczu59dr-ffvf1760-2-i specified in board_part file is either invalid or not available
WARNING: [Board 49-26] cannot add Board Part xilinx.com:zcu670:part0:2.0 available at C:/Xilinx/Vivado/2022.1/data/xhub/boards/XilinxBoardStore/boards/Xilinx/zcu670/2.0/board.xml as part xczu67dr-fsve1156-2-i specified in board_part file is either invalid or not available
WARNING: [Board 49-26] cannot add Board Part xilinx.com:zcu670ld:part0:1.0 available at C:/Xilinx/Vivado/2022.1/data/xhub/boards/XilinxBoardStore/boards/Xilinx/zcu670ld/1.0/board.xml as part xczu57dr-fsve1156-2-i specified in board_part file is either invalid or not available
INFO: [Project 1-313] Project file moved from 'C:/Users/tejasvissapragada/Documents/cs153a/vivado/lab2b_vivado' since last save.
WARNING: [filemgmt 56-3] IP Repository Path: Could not find the directory 'C:/Users/tejasvissapragada/Documents/cs153a/vivado/Downloads/lab_files_2024/lab_files_2024/vivado/seven/ip_repo'.
Scanning sources...
Finished scanning sources
INFO: [IP_Flow 19-234] Refreshing IP repositories
WARNING: [IP_Flow 19-2248] Failed to load user IP repository 'c:/Users/tejasvissapragada/Documents/cs153a/vivado/Downloads/lab_files_2024/lab_files_2024/vivado/seven/ip_repo'; Can't find the specified path.
If this directory should no longer be in your list of user repositories, go to the IP Settings dialog and remove it.
INFO: [IP_Flow 19-2313] Loaded Vivado IP repository 'C:/Xilinx/Vivado/2022.1/data/ip'.
open_project: Time (s): cpu = 00:00:40 ; elapsed = 00:00:30 . Memory (MB): peak = 1895.859 ; gain = 436.227
update_compile_order -fileset sources_1
open_bd_design {C:/Users/tejasvissapragada/Documents/cs153a/vivado/lab3b_vivado/project_1.srcs/sources_1/bd/design_1/design_1.bd}
Reading block design file <C:/Users/tejasvissapragada/Documents/cs153a/vivado/lab3b_vivado/project_1.srcs/sources_1/bd/design_1/design_1.bd>...
Adding component instance block -- xilinx.com:ip:mig_7series:4.2 - mig_7series_0
Adding component instance block -- xilinx.com:ip:microblaze:11.0 - microblaze_0
Adding component instance block -- xilinx.com:ip:lmb_v10:3.0 - dlmb_v10
Adding component instance block -- xilinx.com:ip:lmb_v10:3.0 - ilmb_v10
Adding component instance block -- xilinx.com:ip:lmb_bram_if_cntlr:4.0 - dlmb_bram_if_cntlr
Adding component instance block -- xilinx.com:ip:lmb_bram_if_cntlr:4.0 - ilmb_bram_if_cntlr
Adding component instance block -- xilinx.com:ip:blk_mem_gen:8.4 - lmb_bram
Adding component instance block -- xilinx.com:ip:axi_interconnect:2.1 - microblaze_0_axi_periph
Adding component instance block -- xilinx.com:ip:axi_crossbar:2.1 - xbar
Adding component instance block -- xilinx.com:ip:axi_intc:4.1 - microblaze_0_axi_intc
Adding component instance block -- xilinx.com:ip:xlconcat:2.1 - microblaze_0_xlconcat
Adding component instance block -- xilinx.com:ip:mdm:3.2 - mdm_1
Adding component instance block -- xilinx.com:ip:proc_sys_reset:5.0 - rst_mig_7series_0_100M
Adding component instance block -- xilinx.com:ip:smartconnect:1.0 - smartconnect_0
Adding component instance block -- xilinx.com:ip:axi_timer:2.0 - axi_timer_0
Adding component instance block -- xilinx.com:ip:axi_timer:2.0 - axi_timer_1
Adding component instance block -- xilinx.com:ip:axi_gpio:2.0 - axi_gpio_led
Adding component instance block -- xilinx.com:ip:axi_gpio:2.0 - axi_gpio_btn
Adding component instance block -- xilinx.com:ip:axi_gpio:2.0 - rgbleds
Adding component instance block -- xilinx.com:ip:axi_gpio:2.0 - encoder
Adding component instance block -- xilinx.com:ip:axi_gpio:2.0 - spi_dc
Adding component instance block -- xilinx.com:ip:clk_wiz:6.0 - clk_wiz_0
Adding component instance block -- xilinx.com:ip:axi_quad_spi:3.2 - spi
Successfully read diagram <design_1> from block design file <C:/Users/tejasvissapragada/Documents/cs153a/vivado/lab3b_vivado/project_1.srcs/sources_1/bd/design_1/design_1.bd>
open_bd_design: Time (s): cpu = 00:00:10 ; elapsed = 00:00:09 . Memory (MB): peak = 1932.363 ; gain = 18.500
WARNING: [IP_Flow 19-4067] Ignoring invalid widget type specified checkbox.Providing a default widget
WARNING: [IP_Flow 19-4067] Ignoring invalid widget type specified checkbox.Providing a default widget
startgroup
set_property -dict [list CONFIG.C_USE_MSR_INSTR {1} CONFIG.C_USE_PCMP_INSTR {1} CONFIG.C_USE_DIV {1} CONFIG.C_USE_FPU {2}] [get_bd_cells microblaze_0]
endgroup
add_files -norecurse {C:/Users/tejasvissapragada/Documents/Lab3A_2024/hw_src/nopll_mic_block.v C:/Users/tejasvissapragada/Documents/Lab3A_2024/hw_src/stream_grabber.v}
update_compile_order -fileset sources_1
create_bd_cell -type module -reference nopll_mic_block nopll_mic_block_0
INFO: [IP_Flow 19-1976] HDL Parser: Replacing 'MIC_CLK_DIV_BITS' by 5 for port or parameter 'div_ctr'
INFO: [IP_Flow 19-1976] HDL Parser: Replacing 'MIC_CLK_DIV' by 32 for port or parameter 'div_ctr_next'
INFO: [IP_Flow 19-1976] HDL Parser: Replacing 'MIC_CLK_DIV_BITS' by 5 for port or parameter 'div_ctr_next'
INFO: [IP_Flow 19-1976] HDL Parser: Replacing 'MIC_CLK_DIV' by 32 for port or parameter 'mic_clk_next'
WARNING: [IP_Flow 19-587] [HDL Parser] HDL port or parameter 'mic_clk_next' has a dependency on the module local parameter or undefined parameter 'MIC_CLK_POLARITY'.
INFO: [IP_Flow 19-5107] Inferred bus interface 'sys_clk' of definition 'xilinx.com:signal:clock:1.0' (from X_INTERFACE_INFO parameter from HDL file).
INFO: [IP_Flow 19-5107] Inferred bus interface 'sys_clk' of definition 'xilinx.com:signal:clock:1.0' (from 'X_INTERFACE_INFO' attribute).
INFO: [IP_Flow 19-5107] Inferred bus interface 'mic_clk' of definition 'xilinx.com:signal:clock:1.0' (from X_INTERFACE_INFO parameter from HDL file).
INFO: [IP_Flow 19-5107] Inferred bus interface 'mic_clk' of definition 'xilinx.com:signal:clock:1.0' (from 'X_INTERFACE_INFO' attribute).
INFO: [IP_Flow 19-5107] Inferred bus interface 'm_axis' of definition 'xilinx.com:interface:axis:1.0' (from Xilinx Repository).
INFO: [IP_Flow 19-5107] Inferred bus interface 'sys_rst' of definition 'xilinx.com:signal:reset:1.0' (from Xilinx Repository).
INFO: [IP_Flow 19-4728] Bus Interface 'sys_clk': Added interface parameter 'ASSOCIATED_RESET' with value 'sys_rst'.
INFO: [IP_Flow 19-4728] Bus Interface 'sys_clk': Added interface parameter 'ASSOCIATED_BUSIF' with value 'm_axis'.
INFO: [IP_Flow 19-4728] Bus Interface 'sys_clk': Added interface parameter 'FREQ_HZ' with value '100000000'.
INFO: [IP_Flow 19-4728] Bus Interface 'mic_clk': Added interface parameter 'FREQ_HZ' with value '3125000'.
INFO: [IP_Flow 19-7067] Note that bus interface 'sys_clk' has a fixed FREQ_HZ of '100000000'. This value will be respected whenever this IP is instantiated in IP Integrator.
INFO: [IP_Flow 19-7067] Note that bus interface 'mic_clk' has a fixed FREQ_HZ of '3125000'. This value will be respected whenever this IP is instantiated in IP Integrator.
WARNING: [IP_Flow 19-5661] Bus Interface 'mic_clk' does not have any bus interfaces associated with it.
INFO: [IP_Flow 19-234] Refreshing IP repositories
WARNING: [IP_Flow 19-2248] Failed to load user IP repository 'c:/Users/tejasvissapragada/Documents/cs153a/vivado/Downloads/lab_files_2024/lab_files_2024/vivado/seven/ip_repo'; Can't find the specified path.
If this directory should no longer be in your list of user repositories, go to the IP Settings dialog and remove it.
set_property location {1 133 -1098} [get_bd_cells nopll_mic_block_0]
set_property name nopll_mic_block [get_bd_cells nopll_mic_block_0]
create_bd_cell -type module -reference stream_grabber stream_grabber_0
INFO: [IP_Flow 19-1976] HDL Parser: Replacing 'SAMPLES' by 4096 for port or parameter 'do_capture'
INFO: [IP_Flow 19-5107] Inferred bus interface 'sys_clk' of definition 'xilinx.com:signal:clock:1.0' (from X_INTERFACE_INFO parameter from HDL file).
INFO: [IP_Flow 19-5107] Inferred bus interface 'sys_clk' of definition 'xilinx.com:signal:clock:1.0' (from 'X_INTERFACE_INFO' attribute).
INFO: [IP_Flow 19-5107] Inferred bus interface 's_axis_stream' of definition 'xilinx.com:interface:axis:1.0' (from Xilinx Repository).
INFO: [IP_Flow 19-5107] Inferred bus interface 's_axi_cpu' of definition 'xilinx.com:interface:aximm:1.0' (from Xilinx Repository).
INFO: [IP_Flow 19-5107] Inferred bus interface 'sys_rst' of definition 'xilinx.com:signal:reset:1.0' (from Xilinx Repository).
INFO: [IP_Flow 19-4728] Bus Interface 'sys_clk': Added interface parameter 'ASSOCIATED_RESET' with value 'sys_rst'.
INFO: [IP_Flow 19-4728] Bus Interface 'sys_clk': Added interface parameter 'ASSOCIATED_BUSIF' with value 's_axi_cpu'.
INFO: [IP_Flow 19-4728] Bus Interface 'sys_clk': Added interface parameter 'FREQ_HZ' with value '100000000'.
INFO: [IP_Flow 19-7067] Note that bus interface 'sys_clk' has a fixed FREQ_HZ of '100000000'. This value will be respected whenever this IP is instantiated in IP Integrator.
INFO: [IP_Flow 19-234] Refreshing IP repositories
WARNING: [IP_Flow 19-2248] Failed to load user IP repository 'c:/Users/tejasvissapragada/Documents/cs153a/vivado/Downloads/lab_files_2024/lab_files_2024/vivado/seven/ip_repo'; Can't find the specified path.
If this directory should no longer be in your list of user repositories, go to the IP Settings dialog and remove it.
set_property location {2 710 -1016} [get_bd_cells stream_grabber_0]
set_property location {2 699 -1142} [get_bd_cells stream_grabber_0]
set_property location {2 664 -1084} [get_bd_cells stream_grabber_0]
set_property name stream_grabber [get_bd_cells stream_grabber_0]
group_bd_cells mic_block [get_bd_cells nopll_mic_block] [get_bd_cells stream_grabber]
connect_bd_intf_net [get_bd_intf_pins mic_block/nopll_mic_block/m_axis] [get_bd_intf_pins mic_block/stream_grabber/s_axis_stream]
startgroup
apply_bd_automation -rule xilinx.com:bd_rule:clkrst -config { Clk {/mig_7series_0/ui_clk (100 MHz)} Freq {100} Ref_Clk0 {} Ref_Clk1 {} Ref_Clk2 {}}  [get_bd_pins mic_block/nopll_mic_block/sys_clk]
apply_bd_automation -rule xilinx.com:bd_rule:axi4 -config { Clk_master {/mig_7series_0/ui_clk (100 MHz)} Clk_slave {Auto} Clk_xbar {/mig_7series_0/ui_clk (100 MHz)} Master {/microblaze_0 (Periph)} Slave {/mic_block/stream_grabber/s_axi_cpu} ddr_seg {Auto} intc_ip {/microblaze_0_axi_periph} master_apm {0}}  [get_bd_intf_pins mic_block/stream_grabber/s_axi_cpu]
Slave segment '/mic_block/stream_grabber/s_axi_cpu/reg0' is being assigned into address space '/microblaze_0/Data' at <0x0002_0000 [ 4K ]>.
endgroup
connect_bd_net [get_bd_pins mic_block/sys_rst] [get_bd_pins mic_block/stream_grabber/sys_rst]
startgroup
make_bd_pins_external  [get_bd_pins mic_block/nopll_mic_block/mic_clk] [get_bd_pins mic_block/nopll_mic_block/mic_lr_sel] [get_bd_pins mic_block/nopll_mic_block/mic_data_in]
endgroup
set_property name mic_data_in [get_bd_nets mic_block/mic_data_in_0_1]
set_property name mic_block_mic_clk [get_bd_nets mic_block_mic_clk_0]
set_property name mic_block_mic_lr_sel [get_bd_nets mic_block_mic_lr_sel_0]
set_property name mic_data_in [get_bd_ports mic_data_in_0]
set_property name mic_clk [get_bd_ports mic_clk_0]
set_property name mic_lr_sel [get_bd_ports mic_lr_sel_0]
make_wrapper -files [get_files C:/Users/tejasvissapragada/Documents/cs153a/vivado/lab3b_vivado/project_1.srcs/sources_1/bd/design_1/design_1.bd] -top
INFO: [xilinx.com:ip:smartconnect:1.0-1] design_1_smartconnect_0_0: SmartConnect design_1_smartconnect_0_0 is in High-performance Mode.
INFO: [xilinx.com:ip:microblaze:11.0-16] /microblaze_0: Setting D-cache cacheable area base address C_DCACHE_BASEADDR to 0x80000000 and high address C_DCACHE_HIGHADDR to 0x87FFFFFF.
INFO: [xilinx.com:ip:microblaze:11.0-16] /microblaze_0: Setting I-cache cacheable area base address C_ICACHE_BASEADDR to 0x80000000 and high address C_ICACHE_HIGHADDR to 0x87FFFFFF.
INFO: [xilinx.com:ip:clk_wiz:6.0-1] /clk_wiz_0 clk_wiz propagate
INFO: [xilinx.com:ip:axi_intc:4.1-1] /microblaze_0_axi_intc: The AXI INTC core has been configured to operate with synchronous clocks.
INFO: [xilinx.com:ip:axi_intc:4.1-1] /microblaze_0_axi_intc: The AXI INTC core has been configured to operate with synchronous clocks.
INFO: [xilinx.com:ip:axi_quad_spi:3.2-1] /spi 
                  ##############################################################################
                  INFO: AXI Quad SPI core's AXI Lite Clock and EXT SPI CLK are are asynchronous.
                  ##############################################################################
INFO: [xilinx.com:ip:axi_quad_spi:3.2-1] /spi 
                  ##############################################################################
                  INFO: AXI Quad SPI core's AXI Lite Clock and EXT SPI CLK are are asynchronous.
                  ##############################################################################
Wrote  : <C:\Users\tejasvissapragada\Documents\cs153a\vivado\lab3b_vivado\project_1.srcs\sources_1\bd\design_1\design_1.bd> 
Wrote  : <C:/Users/tejasvissapragada/Documents/cs153a/vivado/lab3b_vivado/project_1.srcs/sources_1/bd/design_1/ui/bd_1f5defd0.ui> 
Verilog Output written to : c:/Users/tejasvissapragada/Documents/cs153a/vivado/lab3b_vivado/project_1.gen/sources_1/bd/design_1/synth/design_1.v
Verilog Output written to : c:/Users/tejasvissapragada/Documents/cs153a/vivado/lab3b_vivado/project_1.gen/sources_1/bd/design_1/sim/design_1.v
Verilog Output written to : c:/Users/tejasvissapragada/Documents/cs153a/vivado/lab3b_vivado/project_1.gen/sources_1/bd/design_1/hdl/design_1_wrapper.v
make_wrapper: Time (s): cpu = 00:00:50 ; elapsed = 00:01:09 . Memory (MB): peak = 2522.527 ; gain = 302.375
update_compile_order -fileset sources_1
reset_run design_1_mig_7series_0_0_synth_1
reset_run design_1_microblaze_0_0_synth_1
reset_run design_1_dlmb_bram_if_cntlr_0_synth_1
reset_run design_1_xbar_0_synth_1
reset_run synth_1
INFO: [Project 1-1161] Replacing file C:/Users/tejasvissapragada/Documents/cs153a/vivado/lab2a_vivado/project_1.srcs/utils_1/imports/synth_1/design_1_wrapper.dcp with file C:/Users/tejasvissapragada/Documents/cs153a/vivado/lab3b_vivado/project_1.runs/synth_1/design_1_wrapper.dcp
launch_runs synth_1 -jobs 2
INFO: [BD 41-1662] The design 'design_1.bd' is already validated. Therefore parameter propagation will not be re-run.
Wrote  : <C:/Users/tejasvissapragada/Documents/cs153a/vivado/lab3b_vivado/project_1.srcs/sources_1/bd/design_1/ui/bd_1f5defd0.ui> 
Verilog Output written to : c:/Users/tejasvissapragada/Documents/cs153a/vivado/lab3b_vivado/project_1.gen/sources_1/bd/design_1/synth/design_1.v
Verilog Output written to : c:/Users/tejasvissapragada/Documents/cs153a/vivado/lab3b_vivado/project_1.gen/sources_1/bd/design_1/sim/design_1.v
Verilog Output written to : c:/Users/tejasvissapragada/Documents/cs153a/vivado/lab3b_vivado/project_1.gen/sources_1/bd/design_1/hdl/design_1_wrapper.v
INFO: [BD 41-1029] Generation completed for the IP Integrator block mig_7series_0 .
INFO: [BD 41-1029] Generation completed for the IP Integrator block microblaze_0 .
INFO: [BD 41-1029] Generation completed for the IP Integrator block microblaze_0_local_memory/dlmb_bram_if_cntlr .
INFO: [BD 41-1029] Generation completed for the IP Integrator block microblaze_0_axi_periph/xbar .
Exporting to file c:/Users/tejasvissapragada/Documents/cs153a/vivado/lab3b_vivado/project_1.gen/sources_1/bd/design_1/ip/design_1_smartconnect_0_0/bd_0/hw_handoff/design_1_smartconnect_0_0.hwh
Generated Hardware Definition File c:/Users/tejasvissapragada/Documents/cs153a/vivado/lab3b_vivado/project_1.gen/sources_1/bd/design_1/ip/design_1_smartconnect_0_0/bd_0/synth/design_1_smartconnect_0_0.hwdef
INFO: [BD 41-1029] Generation completed for the IP Integrator block smartconnect_0 .
INFO: [BD 41-1029] Generation completed for the IP Integrator block mic_block/nopll_mic_block .
INFO: [BD 41-1029] Generation completed for the IP Integrator block mic_block/stream_grabber .
Exporting to file c:/Users/tejasvissapragada/Documents/cs153a/vivado/lab3b_vivado/project_1.gen/sources_1/bd/design_1/hw_handoff/design_1.hwh
Generated Hardware Definition File c:/Users/tejasvissapragada/Documents/cs153a/vivado/lab3b_vivado/project_1.gen/sources_1/bd/design_1/synth/design_1.hwdef
INFO: [IP_Flow 19-4993] Using cached IP synthesis design for IP design_1_smartconnect_0_0, cache-ID = 404dd06e11f0b53d; cache size = 54.077 MB.
config_ip_cache: Time (s): cpu = 00:00:05 ; elapsed = 00:00:06 . Memory (MB): peak = 2972.266 ; gain = 10.746
[Thu Nov 14 18:57:45 2024] Launched design_1_mig_7series_0_0_synth_1, design_1_microblaze_0_0_synth_1, design_1_dlmb_bram_if_cntlr_0_synth_1, design_1_xbar_0_synth_1, design_1_stream_grabber_0_0_synth_1, design_1_nopll_mic_block_0_0_synth_1...
Run output will be captured here:
design_1_mig_7series_0_0_synth_1: C:/Users/tejasvissapragada/Documents/cs153a/vivado/lab3b_vivado/project_1.runs/design_1_mig_7series_0_0_synth_1/runme.log
design_1_microblaze_0_0_synth_1: C:/Users/tejasvissapragada/Documents/cs153a/vivado/lab3b_vivado/project_1.runs/design_1_microblaze_0_0_synth_1/runme.log
design_1_dlmb_bram_if_cntlr_0_synth_1: C:/Users/tejasvissapragada/Documents/cs153a/vivado/lab3b_vivado/project_1.runs/design_1_dlmb_bram_if_cntlr_0_synth_1/runme.log
design_1_xbar_0_synth_1: C:/Users/tejasvissapragada/Documents/cs153a/vivado/lab3b_vivado/project_1.runs/design_1_xbar_0_synth_1/runme.log
design_1_stream_grabber_0_0_synth_1: C:/Users/tejasvissapragada/Documents/cs153a/vivado/lab3b_vivado/project_1.runs/design_1_stream_grabber_0_0_synth_1/runme.log
design_1_nopll_mic_block_0_0_synth_1: C:/Users/tejasvissapragada/Documents/cs153a/vivado/lab3b_vivado/project_1.runs/design_1_nopll_mic_block_0_0_synth_1/runme.log
[Thu Nov 14 18:57:45 2024] Launched synth_1...
Run output will be captured here: C:/Users/tejasvissapragada/Documents/cs153a/vivado/lab3b_vivado/project_1.runs/synth_1/runme.log
launch_runs: Time (s): cpu = 00:00:52 ; elapsed = 00:01:01 . Memory (MB): peak = 2972.266 ; gain = 437.129
launch_runs impl_1 -jobs 2
[Thu Nov 14 19:04:12 2024] Launched impl_1...
Run output will be captured here: C:/Users/tejasvissapragada/Documents/cs153a/vivado/lab3b_vivado/project_1.runs/impl_1/runme.log
launch_runs impl_1 -to_step write_bitstream -jobs 2
[Thu Nov 14 19:13:27 2024] Launched impl_1...
Run output will be captured here: C:/Users/tejasvissapragada/Documents/cs153a/vivado/lab3b_vivado/project_1.runs/impl_1/runme.log
write_hw_platform -fixed -include_bit -force -file C:/Users/tejasvissapragada/Documents/cs153a/vivado/lab3b_vivado/design_1_wrapper.xsa
INFO: [Project 1-1918] Creating Hardware Platform: C:/Users/tejasvissapragada/Documents/cs153a/vivado/lab3b_vivado/design_1_wrapper.xsa ...
INFO: [Project 1-1943] The Hardware Platform can be used for Hardware
INFO: [Project 1-1941] Successfully created Hardware Platform: C:/Users/tejasvissapragada/Documents/cs153a/vivado/lab3b_vivado/design_1_wrapper.xsa
INFO: [Hsi 55-2053] elapsed time for repository (C:/Xilinx/Vivado/2022.1/data/embeddedsw) loading 2 seconds
