Nothing to build in platform 'lab2b_platform'

19:20:00 **** Incremental Build of configuration Debug for project lab2b_application ****
make all 
'Building file: ../src/bsp.c'
'Invoking: MicroBlaze gcc compiler'
mb-gcc -Wall -O0 -g3 -c -fmessage-length=0 -MT"src/bsp.o" -IC:/Users/ranchen/Documents/GitHub/cs153a/vitis/lab2b_vitis/lab2b_platform/export/lab2b_platform/sw/lab2b_platform/standalone_domain/bspinclude/include -mlittle-endian -mxl-barrel-shift -mcpu=v11.0 -mno-xl-soft-mul -Wl,--no-relax -ffunction-sections -fdata-sections -MMD -MP -MF"src/bsp.d" -MT"src/bsp.o" -o "src/bsp.o" "../src/bsp.c"
In file included from ../src/qpn_port.h:38,
                 from ../src/bsp.c:7:
C:/Users/ranchen/Documents/GitHub/cs153a/vitis/lab2b_vitis/lab2b_platform/export/lab2b_platform/sw/lab2b_platform/standalone_domain/bspinclude/include/xbasic_types.h:102:2: warning: #warning The xbasics_type.h file is deprecated and users should use xil_types.h and xil_assert. [-Wcpp]
  102 | #warning  The xbasics_type.h file is deprecated and users should use xil_types.h and xil_assert.
      |  ^~~~~~~
C:/Users/ranchen/Documents/GitHub/cs153a/vitis/lab2b_vitis/lab2b_platform/export/lab2b_platform/sw/lab2b_platform/standalone_domain/bspinclude/include/xbasic_types.h:103:2: warning: #warning Please refer the Standalone BSP UG647 for further details [-Wcpp]
  103 | #warning  Please refer the Standalone BSP UG647 for further details
      |  ^~~~~~~
'Finished building: ../src/bsp.c'
' '
'Building target: lab2b_application.elf'
'Invoking: MicroBlaze gcc linker'
mb-gcc -Wl,-T -Wl,../src/lscript.ld -LC:/Users/ranchen/Documents/GitHub/cs153a/vitis/lab2b_vitis/lab2b_platform/export/lab2b_platform/sw/lab2b_platform/standalone_domain/bsplib/lib -mlittle-endian -mxl-barrel-shift -mcpu=v11.0 -mno-xl-soft-mul -Wl,--no-relax -Wl,--gc-sections -o "lab2b_application.elf"  ./src/bsp.o ./src/fonts.o ./src/lab2a.o ./src/lcd.o ./src/main.o ./src/qepn.o ./src/qfn.o ./src/qfn_init.o   -Wl,--start-group,-lxil,-lgcc,-lc,--end-group
'Finished building target: lab2b_application.elf'
' '
'Invoking: MicroBlaze Print Size'
mb-size lab2b_application.elf  |tee "lab2b_application.elf.size"
   text	   data	    bss	    dec	    hex	filename
  26892	   3532	   8720	  39144	   98e8	lab2b_application.elf
'Finished building: lab2b_application.elf.size'
' '
19:20:01 **** Incremental Build of configuration Debug for project lab2b_application_system ****
make all 
Skipping SD card image generation. Reason: "The system project only has applications for microblaze processors."
Nothing to build in platform 'lab2b_platform'

19:21:19 **** Incremental Build of configuration Debug for project lab2b_application ****
make all 
make: Nothing to be done for 'all'.
19:21:19 **** Incremental Build of configuration Debug for project lab2b_application_system ****
make all 
Skipping SD card image generation. Reason: "The system project only has applications for microblaze processors."
