19:01:34 **** Incremental Build of configuration Debug for project lab2b_application ****
make all 
'Building file: ../src/lab2a.c'
'Invoking: MicroBlaze gcc compiler'
mb-gcc -Wall -O0 -g3 -c -fmessage-length=0 -MT"src/lab2a.o" -IC:/Users/ranchen/Documents/GitHub/cs153a/vitis/lab2b_vitis/lab2b_platform/export/lab2b_platform/sw/lab2b_platform/standalone_domain/bspinclude/include -mlittle-endian -mxl-barrel-shift -mcpu=v11.0 -mno-xl-soft-mul -Wl,--no-relax -ffunction-sections -fdata-sections -MMD -MP -MF"src/lab2a.d" -MT"src/lab2a.o" -o "src/lab2a.o" "../src/lab2a.c"
In file included from ../src/qpn_port.h:38,
                 from ../src/lab2a.c:8:
C:/Users/ranchen/Documents/GitHub/cs153a/vitis/lab2b_vitis/lab2b_platform/export/lab2b_platform/sw/lab2b_platform/standalone_domain/bspinclude/include/xbasic_types.h:102:2: warning: #warning The xbasics_type.h file is deprecated and users should use xil_types.h and xil_assert. [-Wcpp]
  102 | #warning  The xbasics_type.h file is deprecated and users should use xil_types.h and xil_assert.
      |  ^~~~~~~
C:/Users/ranchen/Documents/GitHub/cs153a/vitis/lab2b_vitis/lab2b_platform/export/lab2b_platform/sw/lab2b_platform/standalone_domain/bspinclude/include/xbasic_types.h:103:2: warning: #warning Please refer the Standalone BSP UG647 for further details [-Wcpp]
  103 | #warning  Please refer the Standalone BSP UG647 for further details
      |  ^~~~~~~
In file included from C:/Users/ranchen/Documents/GitHub/cs153a/vitis/lab2b_vitis/lab2b_platform/export/lab2b_platform/sw/lab2b_platform/standalone_domain/bspinclude/include/xgpio.h:116,
                 from ../src/qpn_port.h:34,
                 from ../src/lab2a.c:8:
../src/lab2a.c: In function 'lcd_setup':
C:/Users/ranchen/Documents/GitHub/cs153a/vitis/lab2b_vitis/lab2b_platform/export/lab2b_platform/sw/lab2b_platform/standalone_domain/bspinclude/include/xstatus.h:44:41: warning: 'return' with a value, in function returning void [-Wreturn-type]
   44 | #define XST_DEVICE_NOT_FOUND            2L
      |                                         ^~
../src/lab2a.c:68:24: note: in expansion of macro 'XST_DEVICE_NOT_FOUND'
   68 |                 return XST_DEVICE_NOT_FOUND;
      |                        ^~~~~~~~~~~~~~~~~~~~
../src/lab2a.c:58:6: note: declared here
   58 | void lcd_setup(){
      |      ^~~~~~~~~
In file included from C:/Users/ranchen/Documents/GitHub/cs153a/vitis/lab2b_vitis/lab2b_platform/export/lab2b_platform/sw/lab2b_platform/standalone_domain/bspinclude/include/xgpio.h:116,
                 from ../src/qpn_port.h:34,
                 from ../src/lab2a.c:8:
C:/Users/ranchen/Documents/GitHub/cs153a/vitis/lab2b_vitis/lab2b_platform/export/lab2b_platform/sw/lab2b_platform/standalone_domain/bspinclude/include/xstatus.h:43:41: warning: 'return' with a value, in function returning void [-Wreturn-type]
   43 | #define XST_FAILURE                     1L
      |                                         ^~
../src/lab2a.c:74:24: note: in expansion of macro 'XST_FAILURE'
   74 |                 return XST_FAILURE;
      |                        ^~~~~~~~~~~
../src/lab2a.c:58:6: note: declared here
   58 | void lcd_setup(){
      |      ^~~~~~~~~
../src/lab2a.c:59:22: warning: unused variable 'dc' [-Wunused-variable]
   59 |         static XGpio dc;
      |                      ^~
At top level:
../src/lab2a.c:59:22: warning: 'dc' defined but not used [-Wunused-variable]
'Finished building: ../src/lab2a.c'
' '
'Building target: lab2b_application.elf'
'Invoking: MicroBlaze gcc linker'
mb-gcc -Wl,-T -Wl,../src/lscript.ld -LC:/Users/ranchen/Documents/GitHub/cs153a/vitis/lab2b_vitis/lab2b_platform/export/lab2b_platform/sw/lab2b_platform/standalone_domain/bsplib/lib -mlittle-endian -mxl-barrel-shift -mcpu=v11.0 -mno-xl-soft-mul -Wl,--no-relax -Wl,--gc-sections -o "lab2b_application.elf"  ./src/bsp.o ./src/fonts.o ./src/lab2a.o ./src/lcd.o ./src/main.o ./src/qepn.o ./src/qfn.o ./src/qfn_init.o   -Wl,--start-group,-lxil,-lgcc,-lc,--end-group
'Finished building target: lab2b_application.elf'
' '
'Invoking: MicroBlaze Print Size'
mb-size lab2b_application.elf  |tee "lab2b_application.elf.size"
   text	   data	    bss	    dec	    hex	filename
  25288	   3536	   8664	  37488	   9270	lab2b_application.elf
'Finished building: lab2b_application.elf.size'
' '

19:01:34 Build Finished (took 778ms)

