Nothing to build in platform 'lab1b_platform'

20:47:43 **** Incremental Build of configuration Debug for project lab1b_application ****
make all 
'Building file: ../src/timing.c'
'Invoking: MicroBlaze gcc compiler'
mb-gcc -Wall -O0 -g3 -c -fmessage-length=0 -MT"src/timing.o" -IC:/Users/tejasvissapragada/Documents/cs153a/vitis/lab1b/lab1b_platform/export/lab1b_platform/sw/lab1b_platform/standalone_microblaze_0/bspinclude/include -mlittle-endian -mxl-barrel-shift -mcpu=v11.0 -mno-xl-soft-mul -Wl,--no-relax -ffunction-sections -fdata-sections -MMD -MP -MF"src/timing.d" -MT"src/timing.o" -o "src/timing.o" "../src/timing.c"
In file included from ../src/extra.h:7,
                 from ../src/timing.c:14:
C:/Users/tejasvissapragada/Documents/cs153a/vitis/lab1b/lab1b_platform/export/lab1b_platform/sw/lab1b_platform/standalone_microblaze_0/bspinclude/include/xbasic_types.h:102:2: warning: #warning The xbasics_type.h file is deprecated and users should use xil_types.h and xil_assert. [-Wcpp]
  102 | #warning  The xbasics_type.h file is deprecated and users should use xil_types.h and xil_assert.
      |  ^~~~~~~
C:/Users/tejasvissapragada/Documents/cs153a/vitis/lab1b/lab1b_platform/export/lab1b_platform/sw/lab1b_platform/standalone_microblaze_0/bspinclude/include/xbasic_types.h:103:2: warning: #warning Please refer the Standalone BSP UG647 for further details [-Wcpp]
  103 | #warning  Please refer the Standalone BSP UG647 for further details
      |  ^~~~~~~
'Finished building: ../src/timing.c'
' '
'Building target: lab1b_application.elf'
'Invoking: MicroBlaze gcc linker'
mb-gcc -Wl,-T -Wl,../src/lscript.ld -LC:/Users/tejasvissapragada/Documents/cs153a/vitis/lab1b/lab1b_platform/export/lab1b_platform/sw/lab1b_platform/standalone_microblaze_0/bsplib/lib -mlittle-endian -mxl-barrel-shift -mcpu=v11.0 -mno-xl-soft-mul -Wl,--no-relax -Wl,--gc-sections -o "lab1b_application.elf"  ./src/extra.o ./src/platform.o ./src/sevenSeg_new.o ./src/timing.o   -Wl,--start-group,-lxil,-lgcc,-lc,--end-group
'Finished building target: lab1b_application.elf'
' '
'Invoking: MicroBlaze Print Size'
mb-size lab1b_application.elf  |tee "lab1b_application.elf.size"
   text	   data	    bss	    dec	    hex	filename
  11764	    404	   3336	  15504	   3c90	lab1b_application.elf
'Finished building: lab1b_application.elf.size'
' '
20:47:44 **** Incremental Build of configuration Debug for project lab1b_system ****
make all 
Skipping SD card image generation. Reason: "The system project only has applications for microblaze processors."
